Archive member included to satisfy reference by file (symbol)

/Users/jiacheng/.platformio/packages/toolchain-gccarmnoneeabi/bin/../lib/gcc/arm-none-eabi/7.2.1/../../../../arm-none-eabi/lib/thumb/v7e-m/libc_nano.a(lib_a-exit.o)
                              /Users/jiacheng/.platformio/packages/toolchain-gccarmnoneeabi/bin/../lib/gcc/arm-none-eabi/7.2.1/../../../../arm-none-eabi/lib/thumb/v7e-m/crt0.o (exit)
/Users/jiacheng/.platformio/packages/toolchain-gccarmnoneeabi/bin/../lib/gcc/arm-none-eabi/7.2.1/../../../../arm-none-eabi/lib/thumb/v7e-m/libc_nano.a(lib_a-impure.o)
                              /Users/jiacheng/.platformio/packages/toolchain-gccarmnoneeabi/bin/../lib/gcc/arm-none-eabi/7.2.1/../../../../arm-none-eabi/lib/thumb/v7e-m/libc_nano.a(lib_a-exit.o) (_global_impure_ptr)
/Users/jiacheng/.platformio/packages/toolchain-gccarmnoneeabi/bin/../lib/gcc/arm-none-eabi/7.2.1/../../../../arm-none-eabi/lib/thumb/v7e-m/libc_nano.a(lib_a-init.o)
                              /Users/jiacheng/.platformio/packages/toolchain-gccarmnoneeabi/bin/../lib/gcc/arm-none-eabi/7.2.1/../../../../arm-none-eabi/lib/thumb/v7e-m/crt0.o (__libc_init_array)
/Users/jiacheng/.platformio/packages/toolchain-gccarmnoneeabi/bin/../lib/gcc/arm-none-eabi/7.2.1/../../../../arm-none-eabi/lib/thumb/v7e-m/libc_nano.a(lib_a-memset.o)
                              /Users/jiacheng/.platformio/packages/toolchain-gccarmnoneeabi/bin/../lib/gcc/arm-none-eabi/7.2.1/../../../../arm-none-eabi/lib/thumb/v7e-m/crt0.o (memset)
/Users/jiacheng/.platformio/packages/toolchain-gccarmnoneeabi/bin/../lib/gcc/arm-none-eabi/7.2.1/../../../../arm-none-eabi/lib/thumb/v7e-m/libc_nano.a(lib_a-printf.o)
                              .pio/build/nucleo_l432kc/src/mpu.o (printf)
/Users/jiacheng/.platformio/packages/toolchain-gccarmnoneeabi/bin/../lib/gcc/arm-none-eabi/7.2.1/../../../../arm-none-eabi/lib/thumb/v7e-m/libc_nano.a(lib_a-findfp.o)
                              /Users/jiacheng/.platformio/packages/toolchain-gccarmnoneeabi/bin/../lib/gcc/arm-none-eabi/7.2.1/../../../../arm-none-eabi/lib/thumb/v7e-m/libc_nano.a(lib_a-printf.o) (__sinit)
/Users/jiacheng/.platformio/packages/toolchain-gccarmnoneeabi/bin/../lib/gcc/arm-none-eabi/7.2.1/../../../../arm-none-eabi/lib/thumb/v7e-m/libc_nano.a(lib_a-fwalk.o)
                              /Users/jiacheng/.platformio/packages/toolchain-gccarmnoneeabi/bin/../lib/gcc/arm-none-eabi/7.2.1/../../../../arm-none-eabi/lib/thumb/v7e-m/libc_nano.a(lib_a-findfp.o) (_fwalk)
/Users/jiacheng/.platformio/packages/toolchain-gccarmnoneeabi/bin/../lib/gcc/arm-none-eabi/7.2.1/../../../../arm-none-eabi/lib/thumb/v7e-m/libc_nano.a(lib_a-nano-mallocr.o)
                              /Users/jiacheng/.platformio/packages/toolchain-gccarmnoneeabi/bin/../lib/gcc/arm-none-eabi/7.2.1/../../../../arm-none-eabi/lib/thumb/v7e-m/libc_nano.a(lib_a-findfp.o) (_malloc_r)
/Users/jiacheng/.platformio/packages/toolchain-gccarmnoneeabi/bin/../lib/gcc/arm-none-eabi/7.2.1/../../../../arm-none-eabi/lib/thumb/v7e-m/libc_nano.a(lib_a-nano-vfprintf.o)
                              /Users/jiacheng/.platformio/packages/toolchain-gccarmnoneeabi/bin/../lib/gcc/arm-none-eabi/7.2.1/../../../../arm-none-eabi/lib/thumb/v7e-m/libc_nano.a(lib_a-printf.o) (_vfprintf_r)
/Users/jiacheng/.platformio/packages/toolchain-gccarmnoneeabi/bin/../lib/gcc/arm-none-eabi/7.2.1/../../../../arm-none-eabi/lib/thumb/v7e-m/libc_nano.a(lib_a-nano-vfprintf_i.o)
                              /Users/jiacheng/.platformio/packages/toolchain-gccarmnoneeabi/bin/../lib/gcc/arm-none-eabi/7.2.1/../../../../arm-none-eabi/lib/thumb/v7e-m/libc_nano.a(lib_a-nano-vfprintf.o) (_printf_i)
/Users/jiacheng/.platformio/packages/toolchain-gccarmnoneeabi/bin/../lib/gcc/arm-none-eabi/7.2.1/../../../../arm-none-eabi/lib/thumb/v7e-m/libc_nano.a(lib_a-sbrkr.o)
                              /Users/jiacheng/.platformio/packages/toolchain-gccarmnoneeabi/bin/../lib/gcc/arm-none-eabi/7.2.1/../../../../arm-none-eabi/lib/thumb/v7e-m/libc_nano.a(lib_a-nano-mallocr.o) (_sbrk_r)
/Users/jiacheng/.platformio/packages/toolchain-gccarmnoneeabi/bin/../lib/gcc/arm-none-eabi/7.2.1/../../../../arm-none-eabi/lib/thumb/v7e-m/libc_nano.a(lib_a-stdio.o)
                              /Users/jiacheng/.platformio/packages/toolchain-gccarmnoneeabi/bin/../lib/gcc/arm-none-eabi/7.2.1/../../../../arm-none-eabi/lib/thumb/v7e-m/libc_nano.a(lib_a-findfp.o) (__sread)
/Users/jiacheng/.platformio/packages/toolchain-gccarmnoneeabi/bin/../lib/gcc/arm-none-eabi/7.2.1/../../../../arm-none-eabi/lib/thumb/v7e-m/libc_nano.a(lib_a-wbuf.o)
                              /Users/jiacheng/.platformio/packages/toolchain-gccarmnoneeabi/bin/../lib/gcc/arm-none-eabi/7.2.1/../../../../arm-none-eabi/lib/thumb/v7e-m/libc_nano.a(lib_a-nano-vfprintf.o) (__swbuf_r)
/Users/jiacheng/.platformio/packages/toolchain-gccarmnoneeabi/bin/../lib/gcc/arm-none-eabi/7.2.1/../../../../arm-none-eabi/lib/thumb/v7e-m/libc_nano.a(lib_a-writer.o)
[...]
Memory Configuration

Name             Origin             Length             Attributes
RAM              0x0000000020000000 0x000000000000c000 xrw
RAM2             0x0000000010000000 0x0000000000004000 xrw
FLASH            0x0000000008000000 0x0000000000040000 xr
*default*        0x0000000000000000 0xffffffffffffffff

Linker script and memory map

LOAD /Users/jiacheng/.platformio/packages/toolchain-gccarmnoneeabi/bin/../lib/gcc/arm-none-eabi/7.2.1/thumb/v7e-m/crti.o
LOAD /Users/jiacheng/.platformio/packages/toolchain-gccarmnoneeabi/bin/../lib/gcc/arm-none-eabi/7.2.1/thumb/v7e-m/crtbegin.o
LOAD /Users/jiacheng/.platformio/packages/toolchain-gccarmnoneeabi/bin/../lib/gcc/arm-none-eabi/7.2.1/../../../../arm-none-eabi/lib/thumb/v7e-m/crt0.o
LOAD .pio/build/nucleo_l432kc/FrameworkCMSIS/gcc/startup_stm32l432xx.o
LOAD .pio/build/nucleo_l432kc/FrameworkCMSIS/system_stm32l4xx.o
LOAD .pio/build/nucleo_l432kc/src/gpio.o
LOAD .pio/build/nucleo_l432kc/src/i2c.o
LOAD .pio/build/nucleo_l432kc/src/main.o
LOAD .pio/build/nucleo_l432kc/src/motor_drive.o
LOAD .pio/build/nucleo_l432kc/src/mpu.o
LOAD .pio/build/nucleo_l432kc/src/servo_funcs.o
LOAD .pio/build/nucleo_l432kc/src/timer.o
LOAD .pio/build/nucleo_l432kc/src/uart.o
START GROUP
LOAD /Users/jiacheng/.platformio/packages/toolchain-gccarmnoneeabi/bin/../lib/gcc/arm-none-eabi/7.2.1/../../../../arm-none-eabi/lib/thumb/v7e-m/libc_nano.a
LOAD /Users/jiacheng/.platformio/packages/toolchain-gccarmnoneeabi/bin/../lib/gcc/arm-none-eabi/7.2.1/thumb/v7e-m/libgcc.a
LOAD /Users/jiacheng/.platformio/packages/toolchain-gccarmnoneeabi/bin/../lib/gcc/arm-none-eabi/7.2.1/../../../../arm-none-eabi/lib/thumb/v7e-m/libm.a
LOAD /Users/jiacheng/.platformio/packages/toolchain-gccarmnoneeabi/bin/../lib/gcc/arm-none-eabi/7.2.1/../../../../arm-none-eabi/lib/thumb/v7e-m/libstdc++_nano.a
END GROUP
START GROUP
LOAD /Users/jiacheng/.platformio/packages/toolchain-gccarmnoneeabi/bin/../lib/gcc/arm-none-eabi/7.2.1/thumb/v7e-m/libgcc.a
LOAD /Users/jiacheng/.platformio/packages/toolchain-gccarmnoneeabi/bin/../lib/gcc/arm-none-eabi/7.2.1/../../../../arm-none-eabi/lib/thumb/v7e-m/libc_nano.a
END GROUP
START GROUP
LOAD /Users/jiacheng/.platformio/packages/toolchain-gccarmnoneeabi/bin/../lib/gcc/arm-none-eabi/7.2.1/thumb/v7e-m/libgcc.a
LOAD /Users/jiacheng/.platformio/packages/toolchain-gccarmnoneeabi/bin/../lib/gcc/arm-none-eabi/7.2.1/../../../../arm-none-eabi/lib/thumb/v7e-m/libc_nano.a
LOAD /Users/jiacheng/.platformio/packages/toolchain-gccarmnoneeabi/bin/../lib/gcc/arm-none-eabi/7.2.1/../../../../arm-none-eabi/lib/thumb/v7e-m/libnosys.a
END GROUP
START GROUP
LOAD /Users/jiacheng/.platformio/packages/toolchain-gccarmnoneeabi/bin/../lib/gcc/arm-none-eabi/7.2.1/thumb/v7e-m/libgcc.a
LOAD /Users/jiacheng/.platformio/packages/toolchain-gccarmnoneeabi/bin/../lib/gcc/arm-none-eabi/7.2.1/../../../../arm-none-eabi/lib/thumb/v7e-m/libc_nano.a
LOAD /Users/jiacheng/.platformio/packages/toolchain-gccarmnoneeabi/bin/../lib/gcc/arm-none-eabi/7.2.1/../../../../arm-none-eabi/lib/thumb/v7e-m/libnosys.a
END GROUP
LOAD /Users/jiacheng/.platformio/packages/toolchain-gccarmnoneeabi/bin/../lib/gcc/arm-none-eabi/7.2.1/thumb/v7e-m/crtend.o
LOAD /Users/jiacheng/.platformio/packages/toolchain-gccarmnoneeabi/bin/../lib/gcc/arm-none-eabi/7.2.1/thumb/v7e-m/crtn.o
                0x000000002000c000                _estack = (ORIGIN (RAM) + LENGTH (RAM))
                0x0000000000000200                _Min_Heap_Size = 0x200
                0x0000000000000400                _Min_Stack_Size = 0x400

.isr_vector     0x0000000008000000      0x18c
                0x0000000008000000                . = ALIGN (0x4)
 *(.isr_vector)
 .isr_vector    0x0000000008000000      0x18c .pio/build/nucleo_l432kc/FrameworkCMSIS/gcc/startup_stm32l432xx.o
                0x0000000008000000                g_pfnVectors
                0x000000000800018c                . = ALIGN (0x4)

.text           0x0000000008000190     0x232c
                0x0000000008000190                . = ALIGN (0x4)
 *(.text)
 .text          0x0000000008000190       0x40 /Users/jiacheng/.platformio/packages/toolchain-gccarmnoneeabi/bin/../lib/gcc/arm-none-eabi/7.2.1/thumb/v7e-m/crtbegin.o
 .text          0x00000000080001d0       0xa0 /Users/jiacheng/.platformio/packages/toolchain-gccarmnoneeabi/bin/../lib/gcc/arm-none-eabi/7.2.1/../../../../arm-none-eabi/lib/thumb/v7e-m/libc_nano.a(lib_a-memchr.o)
                0x00000000080001d0                memchr
 .text          0x0000000008000270      0x21c /Users/jiacheng/.platformio/packages/toolchain-gccarmnoneeabi/bin/../lib/gcc/arm-none-eabi/7.2.1/thumb/v7e-m/libgcc.a(_arm_addsubsf3.o)
                0x0000000008000270                __aeabi_frsub
                0x0000000008000278                __aeabi_fsub
                0x0000000008000278                __subsf3
                0x000000000800027c                __aeabi_fadd
                0x000000000800027c                __addsf3
                0x00000000080003dc                __aeabi_ui2f
                0x00000000080003dc                __floatunsisf
                0x00000000080003e4                __floatsisf
                0x00000000080003e4                __aeabi_i2f
                0x0000000008000400                __aeabi_ul2f
                0x0000000008000400                __floatundisf
                0x0000000008000410                __aeabi_l2f
                0x0000000008000410                __floatdisf
 .text          0x000000000800048c      0x2a0 /Users/jiacheng/.platformio/packages/toolchain-gccarmnoneeabi/bin/../lib/gcc/arm-none-eabi/7.2.1/thumb/v7e-m/libgcc.a(_arm_muldivsf3.o)
                0x000000000800048c                __mulsf3
                0x000000000800048c                __aeabi_fmul
                0x00000000080005f4                __divsf3
                0x00000000080005f4                __aeabi_fdiv
 .text          0x000000000800072c       0xec /Users/jiacheng/.platformio/packages/toolchain-gccarmnoneeabi/bin/../lib/gcc/arm-none-eabi/7.2.1/thumb/v7e-m/libgcc.a(_arm_cmpsf2.o)
                0x000000000800072c                __gesf2
                0x000000000800072c                __gtsf2
                0x0000000008000734                __ltsf2
                0x0000000008000734                __lesf2
                0x000000000800073c                __nesf2
                0x000000000800073c                __eqsf2
                0x000000000800073c                __cmpsf2
                0x000000000800079c                __aeabi_cfrcmple
                0x00000000080007a4                __aeabi_cfcmpeq
                0x00000000080007a4                __aeabi_cfcmple
                0x00000000080007b4                __aeabi_fcmpeq
                0x00000000080007c8                __aeabi_fcmplt
                0x00000000080007dc                __aeabi_fcmple
                0x00000000080007f0                __aeabi_fcmpge
                0x0000000008000804                __aeabi_fcmpgt
 .text          0x0000000008000818       0x4c /Users/jiacheng/.platformio/packages/toolchain-gccarmnoneeabi/bin/../lib/gcc/arm-none-eabi/7.2.1/thumb/v7e-m/libgcc.a(_arm_fixsfsi.o)
                0x0000000008000818                __fixsfsi
                0x0000000008000818                __aeabi_f2iz
 *(.text*)
 .text.Reset_Handler
                0x0000000008000864       0x50 .pio/build/nucleo_l432kc/FrameworkCMSIS/gcc/startup_stm32l432xx.o
                0x0000000008000864                Reset_Handler
 .text.Default_Handler
                0x00000000080008b4        0x2 .pio/build/nucleo_l432kc/FrameworkCMSIS/gcc/startup_stm32l432xx.o
                0x00000000080008b4                TIM1_BRK_TIM15_IRQHandler
                0x00000000080008b4                EXTI2_IRQHandler
                0x00000000080008b4                DebugMon_Handler
                0x00000000080008b4                TIM1_CC_IRQHandler
                0x00000000080008b4                TSC_IRQHandler
                0x00000000080008b4                HardFault_Handler
                0x00000000080008b4                TAMP_STAMP_IRQHandler
                0x00000000080008b4                PendSV_Handler
                0x00000000080008b4                NMI_Handler
                0x00000000080008b4                EXTI3_IRQHandler
                0x00000000080008b4                LPTIM2_IRQHandler
                0x00000000080008b4                I2C3_ER_IRQHandler
                0x00000000080008b4                EXTI0_IRQHandler
                0x00000000080008b4                CAN1_RX0_IRQHandler
                0x00000000080008b4                FPU_IRQHandler
                0x00000000080008b4                TIM1_UP_TIM16_IRQHandler
                0x00000000080008b4                UsageFault_Handler
                0x00000000080008b4                SPI1_IRQHandler
                0x00000000080008b4                TIM6_DAC_IRQHandler
                0x00000000080008b4                DMA2_Channel2_IRQHandler
                0x00000000080008b4                DMA1_Channel4_IRQHandler
                0x00000000080008b4                ADC1_IRQHandler
                0x00000000080008b4                DMA1_Channel7_IRQHandler
                0x00000000080008b4                CAN1_RX1_IRQHandler
                0x00000000080008b4                DMA2_Channel1_IRQHandler
                0x00000000080008b4                QUADSPI_IRQHandler
                0x00000000080008b4                I2C1_EV_IRQHandler
                0x00000000080008b4                DMA1_Channel6_IRQHandler
                0x00000000080008b4                DMA2_Channel4_IRQHandler
                0x00000000080008b4                RCC_IRQHandler
                0x00000000080008b4                TIM1_TRG_COM_IRQHandler
                0x00000000080008b4                DMA1_Channel1_IRQHandler
                0x00000000080008b4                Default_Handler
                0x00000000080008b4                DMA2_Channel7_IRQHandler
                0x00000000080008b4                EXTI15_10_IRQHandler
                0x00000000080008b4                TIM7_IRQHandler
                0x00000000080008b4                I2C3_EV_IRQHandler
                0x00000000080008b4                USB_IRQHandler
                0x00000000080008b4                EXTI9_5_IRQHandler
                0x00000000080008b4                RTC_WKUP_IRQHandler
                0x00000000080008b4                PVD_PVM_IRQHandler
                0x00000000080008b4                MemManage_Handler
                0x00000000080008b4                CAN1_TX_IRQHandler
                0x00000000080008b4                SVC_Handler
                0x00000000080008b4                DMA2_Channel5_IRQHandler
                0x00000000080008b4                CRS_IRQHandler
                0x00000000080008b4                DMA1_Channel5_IRQHandler
                0x00000000080008b4                EXTI4_IRQHandler
                0x00000000080008b4                RNG_IRQHandler
                0x00000000080008b4                DMA1_Channel3_IRQHandler
                0x00000000080008b4                COMP_IRQHandler
                0x00000000080008b4                WWDG_IRQHandler
                0x00000000080008b4                LPUART1_IRQHandler
                0x00000000080008b4                DMA2_Channel6_IRQHandler
                0x00000000080008b4                TIM2_IRQHandler
                0x00000000080008b4                EXTI1_IRQHandler
                0x00000000080008b4                USART2_IRQHandler
                0x00000000080008b4                DMA1_Channel2_IRQHandler
                0x00000000080008b4                CAN1_SCE_IRQHandler
                0x00000000080008b4                FLASH_IRQHandler
                0x00000000080008b4                BusFault_Handler
                0x00000000080008b4                USART1_IRQHandler
                0x00000000080008b4                SPI3_IRQHandler
                0x00000000080008b4                I2C1_ER_IRQHandler
                0x00000000080008b4                SWPMI1_IRQHandler
                0x00000000080008b4                LPTIM1_IRQHandler
                0x00000000080008b4                SAI1_IRQHandler
                0x00000000080008b4                DMA2_Channel3_IRQHandler
                0x00000000080008b4                RTC_Alarm_IRQHandler
 .text.SystemInit
                0x00000000080008b6        0x2 .pio/build/nucleo_l432kc/FrameworkCMSIS/system_stm32l4xx.o
                0x00000000080008b6                SystemInit
 .text.gpio_enable_port
                0x00000000080008b8       0x34 .pio/build/nucleo_l432kc/src/gpio.o
 .text.gpio_config_alternate_function
                0x00000000080008ec       0x58 .pio/build/nucleo_l432kc/src/gpio.o
                0x00000000080008ec                gpio_config_alternate_function
 .text.gpio_config_mode
                0x0000000008000944       0x40 .pio/build/nucleo_l432kc/src/gpio.o
                0x0000000008000944                gpio_config_mode
 .text.gpio_config_pullup
                0x0000000008000984       0x38 .pio/build/nucleo_l432kc/src/gpio.o
                0x0000000008000984                gpio_config_pullup
 .text.gpio_config_otype
                0x00000000080009bc       0x38 .pio/build/nucleo_l432kc/src/gpio.o
                0x00000000080009bc                gpio_config_otype
 .text.gpio_write
                0x00000000080009f4       0x20 .pio/build/nucleo_l432kc/src/gpio.o
                0x00000000080009f4                gpio_write
 .text.i2c_init
                0x0000000008000a14       0xe0 .pio/build/nucleo_l432kc/src/i2c.o
                0x0000000008000a14                i2c_init
 .text.i2c_write
                0x0000000008000af4       0x48 .pio/build/nucleo_l432kc/src/i2c.o
                0x0000000008000af4                i2c_write
 .text.i2c_read
                0x0000000008000b3c       0x40 .pio/build/nucleo_l432kc/src/i2c.o
                0x0000000008000b3c                i2c_read
 .text.complementary_update
                0x0000000008000b7c       0x38 .pio/build/nucleo_l432kc/src/main.o
                0x0000000008000b7c                complementary_update
 .text.SysTick_initialize
                0x0000000008000bb4       0x38 .pio/build/nucleo_l432kc/src/main.o
                0x0000000008000bb4                SysTick_initialize
 .text.startup.main
                0x0000000008000bec      0x168 .pio/build/nucleo_l432kc/src/main.o
                0x0000000008000bec                main
 .text.SysTick_Handler
                0x0000000008000d54       0x10 .pio/build/nucleo_l432kc/src/main.o
                0x0000000008000d54                SysTick_Handler
 .text.motor_config
                0x0000000008000d64       0x32 .pio/build/nucleo_l432kc/src/motor_drive.o
                0x0000000008000d64                motor_config
 .text.forward  0x0000000008000d96       0x5c .pio/build/nucleo_l432kc/src/motor_drive.o
                0x0000000008000d96                forward
 .text.backward
                0x0000000008000df2       0x5c .pio/build/nucleo_l432kc/src/motor_drive.o
                0x0000000008000df2                backward
 .text.stop     0x0000000008000e4e       0x36 .pio/build/nucleo_l432kc/src/motor_drive.o
                0x0000000008000e4e                stop
 .text.mpu_init
                0x0000000008000e84       0x3c .pio/build/nucleo_l432kc/src/mpu.o
                0x0000000008000e84                mpu_init
 .text.gyro_read
                0x0000000008000ec0       0x4c .pio/build/nucleo_l432kc/src/mpu.o
                0x0000000008000ec0                gyro_read
 .text.accel_read
                0x0000000008000f0c       0x7c .pio/build/nucleo_l432kc/src/mpu.o
                0x0000000008000f0c                accel_read
 .text.gyro_rate_dps
                0x0000000008000f88       0x18 .pio/build/nucleo_l432kc/src/mpu.o
                0x0000000008000f88                gyro_rate_dps
 .text.accel_angle_deg
                0x0000000008000fa0       0x48 .pio/build/nucleo_l432kc/src/mpu.o
                0x0000000008000fa0                accel_angle_deg
 .text.print_data_usart
                0x0000000008000fe8       0x68 .pio/build/nucleo_l432kc/src/mpu.o
                0x0000000008000fe8                print_data_usart
 .text.timer_config_pwm
                0x0000000008001050       0xac .pio/build/nucleo_l432kc/src/timer.o
                0x0000000008001050                timer_config_pwm
 .text.timer_config_channel_pwm
                0x00000000080010fc      0x110 .pio/build/nucleo_l432kc/src/timer.o
                0x00000000080010fc                timer_config_channel_pwm
 .text.host_serial_init
                0x000000000800120c       0x94 .pio/build/nucleo_l432kc/src/uart.o
                0x000000000800120c                host_serial_init
 .text.serial_write
                0x00000000080012a0       0x24 .pio/build/nucleo_l432kc/src/uart.o
                0x00000000080012a0                serial_write
 .text._write   0x00000000080012c4       0x14 .pio/build/nucleo_l432kc/src/uart.o
                0x00000000080012c4                _write
 .text.__libc_init_array
                0x00000000080012d8       0x48 /Users/jiacheng/.platformio/packages/toolchain-gccarmnoneeabi/bin/../lib/gcc/arm-none-eabi/7.2.1/../../../../arm-none-eabi/lib/thumb/v7e-m/libc_nano.a(lib_a-init.o)
                0x00000000080012d8                __libc_init_array
 .text.memset   0x0000000008001320       0x10 /Users/jiacheng/.platformio/packages/toolchain-gccarmnoneeabi/bin/../lib/gcc/arm-none-eabi/7.2.1/../../../../arm-none-eabi/lib/thumb/v7e-m/libc_nano.a(lib_a-memset.o)
                0x0000000008001320                memset
 .text.printf   0x0000000008001330       0x30 /Users/jiacheng/.platformio/packages/toolchain-gccarmnoneeabi/bin/../lib/gcc/arm-none-eabi/7.2.1/../../../../arm-none-eabi/lib/thumb/v7e-m/libc_nano.a(lib_a-printf.o)
                0x0000000008001330                printf
                0x0000000008001330                iprintf
 .text.std      0x0000000008001360       0x48 /Users/jiacheng/.platformio/packages/toolchain-gccarmnoneeabi/bin/../lib/gcc/arm-none-eabi/7.2.1/../../../../arm-none-eabi/lib/thumb/v7e-m/libc_nano.a(lib_a-findfp.o)
 .text._cleanup_r
                0x00000000080013a8        0xc /Users/jiacheng/.platformio/packages/toolchain-gccarmnoneeabi/bin/../lib/gcc/arm-none-eabi/7.2.1/../../../../arm-none-eabi/lib/thumb/v7e-m/libc_nano.a(lib_a-findfp.o)
                0x00000000080013a8                _cleanup_r
 .text.__sfmoreglue
                0x00000000080013b4       0x2c /Users/jiacheng/.platformio/packages/toolchain-gccarmnoneeabi/bin/../lib/gcc/arm-none-eabi/7.2.1/../../../../arm-none-eabi/lib/thumb/v7e-m/libc_nano.a(lib_a-findfp.o)
                0x00000000080013b4                __sfmoreglue
 .text.__sinit  0x00000000080013e0       0x60 /Users/jiacheng/.platformio/packages/toolchain-gccarmnoneeabi/bin/../lib/gcc/arm-none-eabi/7.2.1/../../../../arm-none-eabi/lib/thumb/v7e-m/libc_nano.a(lib_a-findfp.o)
                0x00000000080013e0                __sinit
 .text.__sfp    0x0000000008001440       0x78 /Users/jiacheng/.platformio/packages/toolchain-gccarmnoneeabi/bin/../lib/gcc/arm-none-eabi/7.2.1/../../../../arm-none-eabi/lib/thumb/v7e-m/libc_nano.a(lib_a-findfp.o)
                0x0000000008001440                __sfp
 .text._fwalk_reent
                0x00000000080014b8       0x3c /Users/jiacheng/.platformio/packages/toolchain-gccarmnoneeabi/bin/../lib/gcc/arm-none-eabi/7.2.1/../../../../arm-none-eabi/lib/thumb/v7e-m/libc_nano.a(lib_a-fwalk.o)
                0x00000000080014b8                _fwalk_reent
 .text._malloc_r
                0x00000000080014f4       0xb4 /Users/jiacheng/.platformio/packages/toolchain-gccarmnoneeabi/bin/../lib/gcc/arm-none-eabi/7.2.1/../../../../arm-none-eabi/lib/thumb/v7e-m/libc_nano.a(lib_a-nano-mallocr.o)
                0x00000000080014f4                _malloc_r
 .text.__sfputc_r
                0x00000000080015a8       0x2a /Users/jiacheng/.platformio/packages/toolchain-gccarmnoneeabi/bin/../lib/gcc/arm-none-eabi/7.2.1/../../../../arm-none-eabi/lib/thumb/v7e-m/libc_nano.a(lib_a-nano-vfprintf.o)
 .text.__sfputs_r
                0x00000000080015d2       0x24 /Users/jiacheng/.platformio/packages/toolchain-gccarmnoneeabi/bin/../lib/gcc/arm-none-eabi/7.2.1/../../../../arm-none-eabi/lib/thumb/v7e-m/libc_nano.a(lib_a-nano-vfprintf.o)
                0x00000000080015d2                __sfputs_r
 *fill*         0x00000000080015f6        0x2 
 .text._vfprintf_r
                0x00000000080015f8      0x228 /Users/jiacheng/.platformio/packages/toolchain-gccarmnoneeabi/bin/../lib/gcc/arm-none-eabi/7.2.1/../../../../arm-none-eabi/lib/thumb/v7e-m/libc_nano.a(lib_a-nano-vfprintf.o)
                0x00000000080015f8                _vfiprintf_r
                0x00000000080015f8                _vfprintf_r
 .text._printf_common
                0x0000000008001820       0xea /Users/jiacheng/.platformio/packages/toolchain-gccarmnoneeabi/bin/../lib/gcc/arm-none-eabi/7.2.1/../../../../arm-none-eabi/lib/thumb/v7e-m/libc_nano.a(lib_a-nano-vfprintf_i.o)
                0x0000000008001820                _printf_common
 *fill*         0x000000000800190a        0x2 
 .text._printf_i
                0x000000000800190c      0x224 /Users/jiacheng/.platformio/packages/toolchain-gccarmnoneeabi/bin/../lib/gcc/arm-none-eabi/7.2.1/../../../../arm-none-eabi/lib/thumb/v7e-m/libc_nano.a(lib_a-nano-vfprintf_i.o)
                0x000000000800190c                _printf_i
 .text._sbrk_r  0x0000000008001b30       0x20 /Users/jiacheng/.platformio/packages/toolchain-gccarmnoneeabi/bin/../lib/gcc/arm-none-eabi/7.2.1/../../../../arm-none-eabi/lib/thumb/v7e-m/libc_nano.a(lib_a-sbrkr.o)
                0x0000000008001b30                _sbrk_r
 .text.__sread  0x0000000008001b50       0x22 /Users/jiacheng/.platformio/packages/toolchain-gccarmnoneeabi/bin/../lib/gcc/arm-none-eabi/7.2.1/../../../../arm-none-eabi/lib/thumb/v7e-m/libc_nano.a(lib_a-stdio.o)
                0x0000000008001b50                __sread
 .text.__swrite
                0x0000000008001b72       0x38 /Users/jiacheng/.platformio/packages/toolchain-gccarmnoneeabi/bin/../lib/gcc/arm-none-eabi/7.2.1/../../../../arm-none-eabi/lib/thumb/v7e-m/libc_nano.a(lib_a-stdio.o)
                0x0000000008001b72                __swrite
 .text.__sseek  0x0000000008001baa       0x24 /Users/jiacheng/.platformio/packages/toolchain-gccarmnoneeabi/bin/../lib/gcc/arm-none-eabi/7.2.1/../../../../arm-none-eabi/lib/thumb/v7e-m/libc_nano.a(lib_a-stdio.o)
                0x0000000008001baa                __sseek
 .text.__sclose
                0x0000000008001bce        0x8 /Users/jiacheng/.platformio/packages/toolchain-gccarmnoneeabi/bin/../lib/gcc/arm-none-eabi/7.2.1/../../../../arm-none-eabi/lib/thumb/v7e-m/libc_nano.a(lib_a-stdio.o)
                0x0000000008001bce                __sclose
 *fill*         0x0000000008001bd6        0x2 
 .text.__swbuf_r
                0x0000000008001bd8       0xa4 /Users/jiacheng/.platformio/packages/toolchain-gccarmnoneeabi/bin/../lib/gcc/arm-none-eabi/7.2.1/../../../../arm-none-eabi/lib/thumb/v7e-m/libc_nano.a(lib_a-wbuf.o)
                0x0000000008001bd8                __swbuf_r
 .text._write_r
                0x0000000008001c7c       0x24 /Users/jiacheng/.platformio/packages/toolchain-gccarmnoneeabi/bin/../lib/gcc/arm-none-eabi/7.2.1/../../../../arm-none-eabi/lib/thumb/v7e-m/libc_nano.a(lib_a-writer.o)
                0x0000000008001c7c                _write_r
 .text.__swsetup_r
                0x0000000008001ca0       0xdc /Users/jiacheng/.platformio/packages/toolchain-gccarmnoneeabi/bin/../lib/gcc/arm-none-eabi/7.2.1/../../../../arm-none-eabi/lib/thumb/v7e-m/libc_nano.a(lib_a-wsetup.o)
                0x0000000008001ca0                __swsetup_r
 .text._close_r
                0x0000000008001d7c       0x20 /Users/jiacheng/.platformio/packages/toolchain-gccarmnoneeabi/bin/../lib/gcc/arm-none-eabi/7.2.1/../../../../arm-none-eabi/lib/thumb/v7e-m/libc_nano.a(lib_a-closer.o)
                0x0000000008001d7c                _close_r
 .text.__sflush_r
                0x0000000008001d9c      0x10c /Users/jiacheng/.platformio/packages/toolchain-gccarmnoneeabi/bin/../lib/gcc/arm-none-eabi/7.2.1/../../../../arm-none-eabi/lib/thumb/v7e-m/libc_nano.a(lib_a-fflush.o)
                0x0000000008001d9c                __sflush_r
 .text._fflush_r
                0x0000000008001ea8       0x54 /Users/jiacheng/.platformio/packages/toolchain-gccarmnoneeabi/bin/../lib/gcc/arm-none-eabi/7.2.1/../../../../arm-none-eabi/lib/thumb/v7e-m/libc_nano.a(lib_a-fflush.o)
                0x0000000008001ea8                _fflush_r
 .text._lseek_r
                0x0000000008001efc       0x24 /Users/jiacheng/.platformio/packages/toolchain-gccarmnoneeabi/bin/../lib/gcc/arm-none-eabi/7.2.1/../../../../arm-none-eabi/lib/thumb/v7e-m/libc_nano.a(lib_a-lseekr.o)
                0x0000000008001efc                _lseek_r
 .text.__swhatbuf_r
                0x0000000008001f20       0x48 /Users/jiacheng/.platformio/packages/toolchain-gccarmnoneeabi/bin/../lib/gcc/arm-none-eabi/7.2.1/../../../../arm-none-eabi/lib/thumb/v7e-m/libc_nano.a(lib_a-makebuf.o)
                0x0000000008001f20                __swhatbuf_r
 .text.__smakebuf_r
                0x0000000008001f68       0x80 /Users/jiacheng/.platformio/packages/toolchain-gccarmnoneeabi/bin/../lib/gcc/arm-none-eabi/7.2.1/../../../../arm-none-eabi/lib/thumb/v7e-m/libc_nano.a(lib_a-makebuf.o)
                0x0000000008001f68                __smakebuf_r
 .text.__malloc_lock
                0x0000000008001fe8        0x2 /Users/jiacheng/.platformio/packages/toolchain-gccarmnoneeabi/bin/../lib/gcc/arm-none-eabi/7.2.1/../../../../arm-none-eabi/lib/thumb/v7e-m/libc_nano.a(lib_a-mlock.o)
                0x0000000008001fe8                __malloc_lock
 .text.__malloc_unlock
                0x0000000008001fea        0x2 /Users/jiacheng/.platformio/packages/toolchain-gccarmnoneeabi/bin/../lib/gcc/arm-none-eabi/7.2.1/../../../../arm-none-eabi/lib/thumb/v7e-m/libc_nano.a(lib_a-mlock.o)
                0x0000000008001fea                __malloc_unlock
 .text._free_r  0x0000000008001fec       0x9c /Users/jiacheng/.platformio/packages/toolchain-gccarmnoneeabi/bin/../lib/gcc/arm-none-eabi/7.2.1/../../../../arm-none-eabi/lib/thumb/v7e-m/libc_nano.a(lib_a-nano-freer.o)
                0x0000000008001fec                _free_r
 .text._read_r  0x0000000008002088       0x24 /Users/jiacheng/.platformio/packages/toolchain-gccarmnoneeabi/bin/../lib/gcc/arm-none-eabi/7.2.1/../../../../arm-none-eabi/lib/thumb/v7e-m/libc_nano.a(lib_a-readr.o)
                0x0000000008002088                _read_r
 .text._fstat_r
                0x00000000080020ac       0x24 /Users/jiacheng/.platformio/packages/toolchain-gccarmnoneeabi/bin/../lib/gcc/arm-none-eabi/7.2.1/../../../../arm-none-eabi/lib/thumb/v7e-m/libc_nano.a(lib_a-fstatr.o)
                0x00000000080020ac                _fstat_r
 .text._isatty_r
                0x00000000080020d0       0x20 /Users/jiacheng/.platformio/packages/toolchain-gccarmnoneeabi/bin/../lib/gcc/arm-none-eabi/7.2.1/../../../../arm-none-eabi/lib/thumb/v7e-m/libc_nano.a(lib_a-isattyr.o)
                0x00000000080020d0                _isatty_r
 .text.atan2f   0x00000000080020f0        0x4 /Users/jiacheng/.platformio/packages/toolchain-gccarmnoneeabi/bin/../lib/gcc/arm-none-eabi/7.2.1/../../../../arm-none-eabi/lib/thumb/v7e-m/libm.a(lib_a-wf_atan2.o)
                0x00000000080020f0                atan2f
 .text.__ieee754_atan2f
                0x00000000080020f4      0x120 /Users/jiacheng/.platformio/packages/toolchain-gccarmnoneeabi/bin/../lib/gcc/arm-none-eabi/7.2.1/../../../../arm-none-eabi/lib/thumb/v7e-m/libm.a(lib_a-ef_atan2.o)
                0x00000000080020f4                __ieee754_atan2f
 .text.atanf    0x0000000008002214      0x21c /Users/jiacheng/.platformio/packages/toolchain-gccarmnoneeabi/bin/../lib/gcc/arm-none-eabi/7.2.1/../../../../arm-none-eabi/lib/thumb/v7e-m/libm.a(lib_a-sf_atan.o)
                0x0000000008002214                atanf
 .text.fabsf    0x0000000008002430        0x8 /Users/jiacheng/.platformio/packages/toolchain-gccarmnoneeabi/bin/../lib/gcc/arm-none-eabi/7.2.1/../../../../arm-none-eabi/lib/thumb/v7e-m/libm.a(lib_a-sf_fabs.o)
                0x0000000008002430                fabsf
 .text._close   0x0000000008002438       0x10 /Users/jiacheng/.platformio/packages/toolchain-gccarmnoneeabi/bin/../lib/gcc/arm-none-eabi/7.2.1/../../../../arm-none-eabi/lib/thumb/v7e-m/libnosys.a(close.o)
                0x0000000008002438                _close
 .text._fstat   0x0000000008002448       0x10 /Users/jiacheng/.platformio/packages/toolchain-gccarmnoneeabi/bin/../lib/gcc/arm-none-eabi/7.2.1/../../../../arm-none-eabi/lib/thumb/v7e-m/libnosys.a(fstat.o)
                0x0000000008002448                _fstat
 .text._isatty  0x0000000008002458       0x10 /Users/jiacheng/.platformio/packages/toolchain-gccarmnoneeabi/bin/../lib/gcc/arm-none-eabi/7.2.1/../../../../arm-none-eabi/lib/thumb/v7e-m/libnosys.a(isatty.o)
                0x0000000008002458                _isatty
 .text._lseek   0x0000000008002468       0x10 /Users/jiacheng/.platformio/packages/toolchain-gccarmnoneeabi/bin/../lib/gcc/arm-none-eabi/7.2.1/../../../../arm-none-eabi/lib/thumb/v7e-m/libnosys.a(lseek.o)
                0x0000000008002468                _lseek
 .text._read    0x0000000008002478       0x10 /Users/jiacheng/.platformio/packages/toolchain-gccarmnoneeabi/bin/../lib/gcc/arm-none-eabi/7.2.1/../../../../arm-none-eabi/lib/thumb/v7e-m/libnosys.a(read.o)
                0x0000000008002478                _read
 .text._sbrk    0x0000000008002488       0x1c /Users/jiacheng/.platformio/packages/toolchain-gccarmnoneeabi/bin/../lib/gcc/arm-none-eabi/7.2.1/../../../../arm-none-eabi/lib/thumb/v7e-m/libnosys.a(sbrk.o)
                0x0000000008002488                _sbrk
 *(.glue_7)
 .glue_7        0x00000000080024a4        0x0 linker stubs
 *(.glue_7t)
 .glue_7t       0x00000000080024a4        0x0 linker stubs
 *(.eh_frame)
 .eh_frame      0x00000000080024a4        0x0 /Users/jiacheng/.platformio/packages/toolchain-gccarmnoneeabi/bin/../lib/gcc/arm-none-eabi/7.2.1/thumb/v7e-m/crtbegin.o
 *(.init)
 .init          0x00000000080024a4        0x4 /Users/jiacheng/.platformio/packages/toolchain-gccarmnoneeabi/bin/../lib/gcc/arm-none-eabi/7.2.1/thumb/v7e-m/crti.o
                0x00000000080024a4                _init
 .init          0x00000000080024a8        0x8 /Users/jiacheng/.platformio/packages/toolchain-gccarmnoneeabi/bin/../lib/gcc/arm-none-eabi/7.2.1/thumb/v7e-m/crtn.o
 *(.fini)
 .fini          0x00000000080024b0        0x4 /Users/jiacheng/.platformio/packages/toolchain-gccarmnoneeabi/bin/../lib/gcc/arm-none-eabi/7.2.1/thumb/v7e-m/crti.o
                0x00000000080024b0                _fini
 .fini          0x00000000080024b4        0x8 /Users/jiacheng/.platformio/packages/toolchain-gccarmnoneeabi/bin/../lib/gcc/arm-none-eabi/7.2.1/thumb/v7e-m/crtn.o
                0x00000000080024bc                . = ALIGN (0x4)
                0x00000000080024bc                _etext = .

.vfp11_veneer   0x00000000080024bc        0x0
 .vfp11_veneer  0x00000000080024bc        0x0 linker stubs

.v4_bx          0x00000000080024bc        0x0
 .v4_bx         0x00000000080024bc        0x0 linker stubs

.iplt           0x00000000080024bc        0x0
 .iplt          0x00000000080024bc        0x0 /Users/jiacheng/.platformio/packages/toolchain-gccarmnoneeabi/bin/../lib/gcc/arm-none-eabi/7.2.1/thumb/v7e-m/crtbegin.o

.rodata         0x00000000080024bc      0x140
                0x00000000080024bc                . = ALIGN (0x4)
 *(.rodata)
 *(.rodata*)
 .rodata.g_GPIO_pin
                0x00000000080024bc       0x17 .pio/build/nucleo_l432kc/src/gpio.o
 *fill*         0x00000000080024d3        0x1 
 .rodata.g_GPIO_port
                0x00000000080024d4       0x5c .pio/build/nucleo_l432kc/src/gpio.o
 .rodata.print_data_usart.str1.1
                0x0000000008002530       0x11 .pio/build/nucleo_l432kc/src/mpu.o
 *fill*         0x0000000008002541        0x3 
 .rodata._global_impure_ptr
                0x0000000008002544        0x4 /Users/jiacheng/.platformio/packages/toolchain-gccarmnoneeabi/bin/../lib/gcc/arm-none-eabi/7.2.1/../../../../arm-none-eabi/lib/thumb/v7e-m/libc_nano.a(lib_a-impure.o)
                0x0000000008002544                _global_impure_ptr
 .rodata.__sf_fake_stderr
                0x0000000008002548       0x20 /Users/jiacheng/.platformio/packages/toolchain-gccarmnoneeabi/bin/../lib/gcc/arm-none-eabi/7.2.1/../../../../arm-none-eabi/lib/thumb/v7e-m/libc_nano.a(lib_a-findfp.o)
                0x0000000008002548                __sf_fake_stderr
 .rodata.__sf_fake_stdin
                0x0000000008002568       0x20 /Users/jiacheng/.platformio/packages/toolchain-gccarmnoneeabi/bin/../lib/gcc/arm-none-eabi/7.2.1/../../../../arm-none-eabi/lib/thumb/v7e-m/libc_nano.a(lib_a-findfp.o)
                0x0000000008002568                __sf_fake_stdin
 .rodata.__sf_fake_stdout
                0x0000000008002588       0x20 /Users/jiacheng/.platformio/packages/toolchain-gccarmnoneeabi/bin/../lib/gcc/arm-none-eabi/7.2.1/../../../../arm-none-eabi/lib/thumb/v7e-m/libc_nano.a(lib_a-findfp.o)
                0x0000000008002588                __sf_fake_stdout
 .rodata._vfprintf_r.str1.1
                0x00000000080025a8       0x11 /Users/jiacheng/.platformio/packages/toolchain-gccarmnoneeabi/bin/../lib/gcc/arm-none-eabi/7.2.1/../../../../arm-none-eabi/lib/thumb/v7e-m/libc_nano.a(lib_a-nano-vfprintf.o)
 .rodata._printf_i.str1.1
                0x00000000080025b9       0x22 /Users/jiacheng/.platformio/packages/toolchain-gccarmnoneeabi/bin/../lib/gcc/arm-none-eabi/7.2.1/../../../../arm-none-eabi/lib/thumb/v7e-m/libc_nano.a(lib_a-nano-vfprintf_i.o)
 *fill*         0x00000000080025db        0x1 
 .rodata.atanhi
                0x00000000080025dc       0x10 /Users/jiacheng/.platformio/packages/toolchain-gccarmnoneeabi/bin/../lib/gcc/arm-none-eabi/7.2.1/../../../../arm-none-eabi/lib/thumb/v7e-m/libm.a(lib_a-sf_atan.o)
 .rodata.atanlo
                0x00000000080025ec       0x10 /Users/jiacheng/.platformio/packages/toolchain-gccarmnoneeabi/bin/../lib/gcc/arm-none-eabi/7.2.1/../../../../arm-none-eabi/lib/thumb/v7e-m/libm.a(lib_a-sf_atan.o)
                0x00000000080025fc                . = ALIGN (0x4)

.rel.dyn        0x00000000080025fc        0x0
 .rel.iplt      0x00000000080025fc        0x0 /Users/jiacheng/.platformio/packages/toolchain-gccarmnoneeabi/bin/../lib/gcc/arm-none-eabi/7.2.1/thumb/v7e-m/crtbegin.o

.ARM.extab      0x00000000080025fc        0x0
                0x00000000080025fc                . = ALIGN (0x4)
 *(.ARM.extab* .gnu.linkonce.armextab.*)
                0x00000000080025fc                . = ALIGN (0x4)

.ARM            0x00000000080025fc        0x0
                0x00000000080025fc                . = ALIGN (0x4)
                0x00000000080025fc                __exidx_start = .
 *(.ARM.exidx*)
                0x00000000080025fc                __exidx_end = .
                0x00000000080025fc                . = ALIGN (0x4)

.preinit_array  0x00000000080025fc        0x0
                0x00000000080025fc                . = ALIGN (0x4)
                0x00000000080025fc                PROVIDE (__preinit_array_start, .)
 *(.preinit_array*)
                0x00000000080025fc                PROVIDE (__preinit_array_end, .)
                0x00000000080025fc                . = ALIGN (0x4)

.init_array     0x00000000080025fc        0x4
                0x00000000080025fc                . = ALIGN (0x4)
                0x00000000080025fc                PROVIDE (__init_array_start, .)
 *(SORT_BY_NAME(.init_array.*))
 *(.init_array*)
 .init_array    0x00000000080025fc        0x4 /Users/jiacheng/.platformio/packages/toolchain-gccarmnoneeabi/bin/../lib/gcc/arm-none-eabi/7.2.1/thumb/v7e-m/crtbegin.o
                0x0000000008002600                PROVIDE (__init_array_end, .)
                0x0000000008002600                . = ALIGN (0x4)

.fini_array     0x0000000008002600        0x4
                0x0000000008002600                . = ALIGN (0x4)
                [!provide]                        PROVIDE (__fini_array_start, .)
 *(SORT_BY_NAME(.fini_array.*))
 *(.fini_array*)
 .fini_array    0x0000000008002600        0x4 /Users/jiacheng/.platformio/packages/toolchain-gccarmnoneeabi/bin/../lib/gcc/arm-none-eabi/7.2.1/thumb/v7e-m/crtbegin.o
                [!provide]                        PROVIDE (__fini_array_end, .)
                0x0000000008002604                . = ALIGN (0x4)
                0x0000000008002604                _sidata = LOADADDR (.data)

.data           0x0000000020000000      0x1cc load address 0x0000000008002604
                0x0000000020000000                . = ALIGN (0x4)
                0x0000000020000000                _sdata = .
 *(.data)
 *(.data*)
 .data.SystemCoreClock
                0x0000000020000000        0x4 .pio/build/nucleo_l432kc/FrameworkCMSIS/system_stm32l4xx.o
                0x0000000020000000                SystemCoreClock
 .data.Test     0x0000000020000004        0x1 .pio/build/nucleo_l432kc/src/main.o
                0x0000000020000004                Test
 .data.GYRO_BASE_ADDRESS
                0x0000000020000005        0x1 .pio/build/nucleo_l432kc/src/mpu.o
 *fill*         0x0000000020000006        0x2 
 .data.g_Timer15Channel
                0x0000000020000008       0x58 .pio/build/nucleo_l432kc/src/timer.o
                0x0000000020000008                g_Timer15Channel
 .data.g_Timer16Channel
                0x0000000020000060       0x58 .pio/build/nucleo_l432kc/src/timer.o
                0x0000000020000060                g_Timer16Channel
 .data.g_Timer1Channel
                0x00000000200000b8       0x58 .pio/build/nucleo_l432kc/src/timer.o
                0x00000000200000b8                g_Timer1Channel
 .data.g_Timer2Channel
                0x0000000020000110       0x58 .pio/build/nucleo_l432kc/src/timer.o
                0x0000000020000110                g_Timer2Channel
 .data._impure_ptr
                0x0000000020000168        0x4 /Users/jiacheng/.platformio/packages/toolchain-gccarmnoneeabi/bin/../lib/gcc/arm-none-eabi/7.2.1/../../../../arm-none-eabi/lib/thumb/v7e-m/libc_nano.a(lib_a-impure.o)
                0x0000000020000168                _impure_ptr
 .data.impure_data
                0x000000002000016c       0x60 /Users/jiacheng/.platformio/packages/toolchain-gccarmnoneeabi/bin/../lib/gcc/arm-none-eabi/7.2.1/../../../../arm-none-eabi/lib/thumb/v7e-m/libc_nano.a(lib_a-impure.o)
 *(.RamFunc)
 *(.RamFunc*)
                0x00000000200001cc                . = ALIGN (0x4)
                0x00000000200001cc                _edata = .

.igot.plt       0x00000000200001cc        0x0 load address 0x00000000080027d0
 .igot.plt      0x00000000200001cc        0x0 /Users/jiacheng/.platformio/packages/toolchain-gccarmnoneeabi/bin/../lib/gcc/arm-none-eabi/7.2.1/thumb/v7e-m/crtbegin.o
                0x00000000200001cc                . = ALIGN (0x4)

.bss            0x00000000200001cc       0x48 load address 0x00000000080027d0
                0x00000000200001cc                _sbss = .
                0x00000000200001cc                __bss_start__ = _sbss
 *(.bss)
 .bss           0x00000000200001cc       0x1c /Users/jiacheng/.platformio/packages/toolchain-gccarmnoneeabi/bin/../lib/gcc/arm-none-eabi/7.2.1/thumb/v7e-m/crtbegin.o
 *(.bss*)
 .bss.PWM_setpoint
                0x00000000200001e8        0x4 .pio/build/nucleo_l432kc/src/main.o
                0x00000000200001e8                PWM_setpoint
 .bss.SysTick_Triggered
                0x00000000200001ec        0x4 .pio/build/nucleo_l432kc/src/main.o
                0x00000000200001ec                SysTick_Triggered
 .bss.error     0x00000000200001f0        0x4 .pio/build/nucleo_l432kc/src/main.o
                0x00000000200001f0                error
 .bss.past_error
                0x00000000200001f4        0x4 .pio/build/nucleo_l432kc/src/main.o
                0x00000000200001f4                past_error
 .bss.gyro_offset
                0x00000000200001f8        0xc .pio/build/nucleo_l432kc/src/mpu.o
 .bss.__malloc_free_list
                0x0000000020000204        0x4 /Users/jiacheng/.platformio/packages/toolchain-gccarmnoneeabi/bin/../lib/gcc/arm-none-eabi/7.2.1/../../../../arm-none-eabi/lib/thumb/v7e-m/libc_nano.a(lib_a-nano-mallocr.o)
                0x0000000020000204                __malloc_free_list
 .bss.__malloc_sbrk_start
                0x0000000020000208        0x4 /Users/jiacheng/.platformio/packages/toolchain-gccarmnoneeabi/bin/../lib/gcc/arm-none-eabi/7.2.1/../../../../arm-none-eabi/lib/thumb/v7e-m/libc_nano.a(lib_a-nano-mallocr.o)
                0x0000000020000208                __malloc_sbrk_start
 .bss.heap_end.4102
                0x000000002000020c        0x4 /Users/jiacheng/.platformio/packages/toolchain-gccarmnoneeabi/bin/../lib/gcc/arm-none-eabi/7.2.1/../../../../arm-none-eabi/lib/thumb/v7e-m/libnosys.a(sbrk.o)
 *(COMMON)
 COMMON         0x0000000020000210        0x4 /Users/jiacheng/.platformio/packages/toolchain-gccarmnoneeabi/bin/../lib/gcc/arm-none-eabi/7.2.1/../../../../arm-none-eabi/lib/thumb/v7e-m/libc_nano.a(lib_a-reent.o)
                0x0000000020000210                errno
                0x0000000020000214                . = ALIGN (0x4)
                0x0000000020000214                _ebss = .
                0x0000000020000214                __bss_end__ = _ebss

._user_heap_stack
                0x0000000020000214      0x604 load address 0x00000000080027d0
                0x0000000020000218                . = ALIGN (0x8)
 *fill*         0x0000000020000214        0x4 
                0x0000000020000218                PROVIDE (end, .)
                [!provide]                        PROVIDE (_end, .)
                0x0000000020000418                . = (. + _Min_Heap_Size)
 *fill*         0x0000000020000218      0x200 
                0x0000000020000818                . = (. + _Min_Stack_Size)
 *fill*         0x0000000020000418      0x400 
                0x0000000020000818                . = ALIGN (0x8)

/DISCARD/
 libc.a(*)
 libm.a(*)
 libgcc.a(*)

.ARM.attributes
                0x0000000000000000       0x2a
 *(.ARM.attributes)
 .ARM.attributes
                0x0000000000000000       0x1e /Users/jiacheng/.platformio/packages/toolchain-gccarmnoneeabi/bin/../lib/gcc/arm-none-eabi/7.2.1/thumb/v7e-m/crti.o
 .ARM.attributes
                0x000000000000001e       0x2e /Users/jiacheng/.platformio/packages/toolchain-gccarmnoneeabi/bin/../lib/gcc/arm-none-eabi/7.2.1/thumb/v7e-m/crtbegin.o
 .ARM.attributes
                0x000000000000004c       0x21 .pio/build/nucleo_l432kc/FrameworkCMSIS/gcc/startup_stm32l432xx.o
 .ARM.attributes
                0x000000000000006d       0x33 .pio/build/nucleo_l432kc/FrameworkCMSIS/system_stm32l4xx.o
 .ARM.attributes
                0x00000000000000a0       0x33 .pio/build/nucleo_l432kc/src/gpio.o
 .ARM.attributes
                0x00000000000000d3       0x33 .pio/build/nucleo_l432kc/src/i2c.o
 .ARM.attributes
                0x0000000000000106       0x33 .pio/build/nucleo_l432kc/src/main.o
 .ARM.attributes
                0x0000000000000139       0x33 .pio/build/nucleo_l432kc/src/motor_drive.o
 .ARM.attributes
                0x000000000000016c       0x33 .pio/build/nucleo_l432kc/src/mpu.o
 .ARM.attributes
                0x000000000000019f       0x33 .pio/build/nucleo_l432kc/src/timer.o
 .ARM.attributes
                0x00000000000001d2       0x33 .pio/build/nucleo_l432kc/src/uart.o
 .ARM.attributes
                0x0000000000000205       0x2e /Users/jiacheng/.platformio/packages/toolchain-gccarmnoneeabi/bin/../lib/gcc/arm-none-eabi/7.2.1/../../../../arm-none-eabi/lib/thumb/v7e-m/libc_nano.a(lib_a-impure.o)
 .ARM.attributes
                0x0000000000000233       0x2e /Users/jiacheng/.platformio/packages/toolchain-gccarmnoneeabi/bin/../lib/gcc/arm-none-eabi/7.2.1/../../../../arm-none-eabi/lib/thumb/v7e-m/libc_nano.a(lib_a-init.o)
 .ARM.attributes
                0x0000000000000261       0x2e /Users/jiacheng/.platformio/packages/toolchain-gccarmnoneeabi/bin/../lib/gcc/arm-none-eabi/7.2.1/../../../../arm-none-eabi/lib/thumb/v7e-m/libc_nano.a(lib_a-memset.o)
 .ARM.attributes
                0x000000000000028f       0x2e /Users/jiacheng/.platformio/packages/toolchain-gccarmnoneeabi/bin/../lib/gcc/arm-none-eabi/7.2.1/../../../../arm-none-eabi/lib/thumb/v7e-m/libc_nano.a(lib_a-printf.o)
 .ARM.attributes
                0x00000000000002bd       0x2e /Users/jiacheng/.platformio/packages/toolchain-gccarmnoneeabi/bin/../lib/gcc/arm-none-eabi/7.2.1/../../../../arm-none-eabi/lib/thumb/v7e-m/libc_nano.a(lib_a-findfp.o)
 .ARM.attributes
                0x00000000000002eb       0x2e /Users/jiacheng/.platformio/packages/toolchain-gccarmnoneeabi/bin/../lib/gcc/arm-none-eabi/7.2.1/../../../../arm-none-eabi/lib/thumb/v7e-m/libc_nano.a(lib_a-fwalk.o)
 .ARM.attributes
                0x0000000000000319       0x2e /Users/jiacheng/.platformio/packages/toolchain-gccarmnoneeabi/bin/../lib/gcc/arm-none-eabi/7.2.1/../../../../arm-none-eabi/lib/thumb/v7e-m/libc_nano.a(lib_a-nano-mallocr.o)
 .ARM.attributes
                0x0000000000000347       0x2e /Users/jiacheng/.platformio/packages/toolchain-gccarmnoneeabi/bin/../lib/gcc/arm-none-eabi/7.2.1/../../../../arm-none-eabi/lib/thumb/v7e-m/libc_nano.a(lib_a-nano-vfprintf.o)
 .ARM.attributes
                0x0000000000000375       0x2e /Users/jiacheng/.platformio/packages/toolchain-gccarmnoneeabi/bin/../lib/gcc/arm-none-eabi/7.2.1/../../../../arm-none-eabi/lib/thumb/v7e-m/libc_nano.a(lib_a-nano-vfprintf_i.o)
 .ARM.attributes
                0x00000000000003a3       0x2e /Users/jiacheng/.platformio/packages/toolchain-gccarmnoneeabi/bin/../lib/gcc/arm-none-eabi/7.2.1/../../../../arm-none-eabi/lib/thumb/v7e-m/libc_nano.a(lib_a-sbrkr.o)
 .ARM.attributes
                0x00000000000003d1       0x2e /Users/jiacheng/.platformio/packages/toolchain-gccarmnoneeabi/bin/../lib/gcc/arm-none-eabi/7.2.1/../../../../arm-none-eabi/lib/thumb/v7e-m/libc_nano.a(lib_a-stdio.o)
 .ARM.attributes
                0x00000000000003ff       0x2e /Users/jiacheng/.platformio/packages/toolchain-gccarmnoneeabi/bin/../lib/gcc/arm-none-eabi/7.2.1/../../../../arm-none-eabi/lib/thumb/v7e-m/libc_nano.a(lib_a-wbuf.o)
 .ARM.attributes
                0x000000000000042d       0x2e /Users/jiacheng/.platformio/packages/toolchain-gccarmnoneeabi/bin/../lib/gcc/arm-none-eabi/7.2.1/../../../../arm-none-eabi/lib/thumb/v7e-m/libc_nano.a(lib_a-writer.o)
 .ARM.attributes
                0x000000000000045b       0x2e /Users/jiacheng/.platformio/packages/toolchain-gccarmnoneeabi/bin/../lib/gcc/arm-none-eabi/7.2.1/../../../../arm-none-eabi/lib/thumb/v7e-m/libc_nano.a(lib_a-wsetup.o)
 .ARM.attributes
                0x0000000000000489       0x2e /Users/jiacheng/.platformio/packages/toolchain-gccarmnoneeabi/bin/../lib/gcc/arm-none-eabi/7.2.1/../../../../arm-none-eabi/lib/thumb/v7e-m/libc_nano.a(lib_a-closer.o)
 .ARM.attributes
                0x00000000000004b7       0x2e /Users/jiacheng/.platformio/packages/toolchain-gccarmnoneeabi/bin/../lib/gcc/arm-none-eabi/7.2.1/../../../../arm-none-eabi/lib/thumb/v7e-m/libc_nano.a(lib_a-fflush.o)
 .ARM.attributes
                0x00000000000004e5       0x2e /Users/jiacheng/.platformio/packages/toolchain-gccarmnoneeabi/bin/../lib/gcc/arm-none-eabi/7.2.1/../../../../arm-none-eabi/lib/thumb/v7e-m/libc_nano.a(lib_a-lseekr.o)
 .ARM.attributes
                0x0000000000000513       0x2e /Users/jiacheng/.platformio/packages/toolchain-gccarmnoneeabi/bin/../lib/gcc/arm-none-eabi/7.2.1/../../../../arm-none-eabi/lib/thumb/v7e-m/libc_nano.a(lib_a-makebuf.o)
 .ARM.attributes
                0x0000000000000541       0x1c /Users/jiacheng/.platformio/packages/toolchain-gccarmnoneeabi/bin/../lib/gcc/arm-none-eabi/7.2.1/../../../../arm-none-eabi/lib/thumb/v7e-m/libc_nano.a(lib_a-memchr.o)
 .ARM.attributes
                0x000000000000055d       0x2e /Users/jiacheng/.platformio/packages/toolchain-gccarmnoneeabi/bin/../lib/gcc/arm-none-eabi/7.2.1/../../../../arm-none-eabi/lib/thumb/v7e-m/libc_nano.a(lib_a-mlock.o)
 .ARM.attributes
                0x000000000000058b       0x2e /Users/jiacheng/.platformio/packages/toolchain-gccarmnoneeabi/bin/../lib/gcc/arm-none-eabi/7.2.1/../../../../arm-none-eabi/lib/thumb/v7e-m/libc_nano.a(lib_a-nano-freer.o)
 .ARM.attributes
                0x00000000000005b9       0x2e /Users/jiacheng/.platformio/packages/toolchain-gccarmnoneeabi/bin/../lib/gcc/arm-none-eabi/7.2.1/../../../../arm-none-eabi/lib/thumb/v7e-m/libc_nano.a(lib_a-readr.o)
 .ARM.attributes
                0x00000000000005e7       0x2e /Users/jiacheng/.platformio/packages/toolchain-gccarmnoneeabi/bin/../lib/gcc/arm-none-eabi/7.2.1/../../../../arm-none-eabi/lib/thumb/v7e-m/libc_nano.a(lib_a-reent.o)
 .ARM.attributes
                0x0000000000000615       0x2e /Users/jiacheng/.platformio/packages/toolchain-gccarmnoneeabi/bin/../lib/gcc/arm-none-eabi/7.2.1/../../../../arm-none-eabi/lib/thumb/v7e-m/libc_nano.a(lib_a-fstatr.o)
 .ARM.attributes
                0x0000000000000643       0x2e /Users/jiacheng/.platformio/packages/toolchain-gccarmnoneeabi/bin/../lib/gcc/arm-none-eabi/7.2.1/../../../../arm-none-eabi/lib/thumb/v7e-m/libc_nano.a(lib_a-isattyr.o)
 .ARM.attributes
                0x0000000000000671       0x1e /Users/jiacheng/.platformio/packages/toolchain-gccarmnoneeabi/bin/../lib/gcc/arm-none-eabi/7.2.1/thumb/v7e-m/libgcc.a(_arm_addsubsf3.o)
 .ARM.attributes
                0x000000000000068f       0x1e /Users/jiacheng/.platformio/packages/toolchain-gccarmnoneeabi/bin/../lib/gcc/arm-none-eabi/7.2.1/thumb/v7e-m/libgcc.a(_arm_muldivsf3.o)
 .ARM.attributes
                0x00000000000006ad       0x1e /Users/jiacheng/.platformio/packages/toolchain-gccarmnoneeabi/bin/../lib/gcc/arm-none-eabi/7.2.1/thumb/v7e-m/libgcc.a(_arm_cmpsf2.o)
 .ARM.attributes
                0x00000000000006cb       0x1e /Users/jiacheng/.platformio/packages/toolchain-gccarmnoneeabi/bin/../lib/gcc/arm-none-eabi/7.2.1/thumb/v7e-m/libgcc.a(_arm_fixsfsi.o)
 .ARM.attributes
                0x00000000000006e9       0x2e /Users/jiacheng/.platformio/packages/toolchain-gccarmnoneeabi/bin/../lib/gcc/arm-none-eabi/7.2.1/../../../../arm-none-eabi/lib/thumb/v7e-m/libm.a(lib_a-wf_atan2.o)
 .ARM.attributes
                0x0000000000000717       0x2e /Users/jiacheng/.platformio/packages/toolchain-gccarmnoneeabi/bin/../lib/gcc/arm-none-eabi/7.2.1/../../../../arm-none-eabi/lib/thumb/v7e-m/libm.a(lib_a-ef_atan2.o)
 .ARM.attributes
                0x0000000000000745       0x2e /Users/jiacheng/.platformio/packages/toolchain-gccarmnoneeabi/bin/../lib/gcc/arm-none-eabi/7.2.1/../../../../arm-none-eabi/lib/thumb/v7e-m/libm.a(lib_a-sf_atan.o)
 .ARM.attributes
                0x0000000000000773       0x2e /Users/jiacheng/.platformio/packages/toolchain-gccarmnoneeabi/bin/../lib/gcc/arm-none-eabi/7.2.1/../../../../arm-none-eabi/lib/thumb/v7e-m/libm.a(lib_a-sf_fabs.o)
 .ARM.attributes
                0x00000000000007a1       0x2e /Users/jiacheng/.platformio/packages/toolchain-gccarmnoneeabi/bin/../lib/gcc/arm-none-eabi/7.2.1/../../../../arm-none-eabi/lib/thumb/v7e-m/libnosys.a(close.o)
 .ARM.attributes
                0x00000000000007cf       0x2e /Users/jiacheng/.platformio/packages/toolchain-gccarmnoneeabi/bin/../lib/gcc/arm-none-eabi/7.2.1/../../../../arm-none-eabi/lib/thumb/v7e-m/libnosys.a(fstat.o)
 .ARM.attributes
                0x00000000000007fd       0x2e /Users/jiacheng/.platformio/packages/toolchain-gccarmnoneeabi/bin/../lib/gcc/arm-none-eabi/7.2.1/../../../../arm-none-eabi/lib/thumb/v7e-m/libnosys.a(isatty.o)
 .ARM.attributes
                0x000000000000082b       0x2e /Users/jiacheng/.platformio/packages/toolchain-gccarmnoneeabi/bin/../lib/gcc/arm-none-eabi/7.2.1/../../../../arm-none-eabi/lib/thumb/v7e-m/libnosys.a(lseek.o)
 .ARM.attributes
                0x0000000000000859       0x2e /Users/jiacheng/.platformio/packages/toolchain-gccarmnoneeabi/bin/../lib/gcc/arm-none-eabi/7.2.1/../../../../arm-none-eabi/lib/thumb/v7e-m/libnosys.a(read.o)
 .ARM.attributes
                0x0000000000000887       0x2e /Users/jiacheng/.platformio/packages/toolchain-gccarmnoneeabi/bin/../lib/gcc/arm-none-eabi/7.2.1/../../../../arm-none-eabi/lib/thumb/v7e-m/libnosys.a(sbrk.o)
 .ARM.attributes
                0x00000000000008b5       0x1e /Users/jiacheng/.platformio/packages/toolchain-gccarmnoneeabi/bin/../lib/gcc/arm-none-eabi/7.2.1/thumb/v7e-m/crtn.o
OUTPUT(.pio/build/nucleo_l432kc/firmware.elf elf32-littlearm)

.comment        0x0000000000000000       0x7e
 .comment       0x0000000000000000       0x7e .pio/build/nucleo_l432kc/FrameworkCMSIS/system_stm32l4xx.o
                                         0x7f (size before relaxing)
 .comment       0x000000000000007e       0x7f .pio/build/nucleo_l432kc/src/gpio.o
 .comment       0x000000000000007e       0x7f .pio/build/nucleo_l432kc/src/i2c.o
 .comment       0x000000000000007e       0x7f .pio/build/nucleo_l432kc/src/main.o
 .comment       0x000000000000007e       0x7f .pio/build/nucleo_l432kc/src/motor_drive.o
 .comment       0x000000000000007e       0x7f .pio/build/nucleo_l432kc/src/mpu.o
 .comment       0x000000000000007e       0x7f .pio/build/nucleo_l432kc/src/timer.o
 .comment       0x000000000000007e       0x7f .pio/build/nucleo_l432kc/src/uart.o

.debug_frame    0x0000000000000000      0x9f0
 .debug_frame   0x0000000000000000       0x2c /Users/jiacheng/.platformio/packages/toolchain-gccarmnoneeabi/bin/../lib/gcc/arm-none-eabi/7.2.1/../../../../arm-none-eabi/lib/thumb/v7e-m/libc_nano.a(lib_a-init.o)
 .debug_frame   0x000000000000002c       0x20 /Users/jiacheng/.platformio/packages/toolchain-gccarmnoneeabi/bin/../lib/gcc/arm-none-eabi/7.2.1/../../../../arm-none-eabi/lib/thumb/v7e-m/libc_nano.a(lib_a-memset.o)
 .debug_frame   0x000000000000004c       0x74 /Users/jiacheng/.platformio/packages/toolchain-gccarmnoneeabi/bin/../lib/gcc/arm-none-eabi/7.2.1/../../../../arm-none-eabi/lib/thumb/v7e-m/libc_nano.a(lib_a-printf.o)
 .debug_frame   0x00000000000000c0      0x11c /Users/jiacheng/.platformio/packages/toolchain-gccarmnoneeabi/bin/../lib/gcc/arm-none-eabi/7.2.1/../../../../arm-none-eabi/lib/thumb/v7e-m/libc_nano.a(lib_a-findfp.o)
 .debug_frame   0x00000000000001dc       0x54 /Users/jiacheng/.platformio/packages/toolchain-gccarmnoneeabi/bin/../lib/gcc/arm-none-eabi/7.2.1/../../../../arm-none-eabi/lib/thumb/v7e-m/libc_nano.a(lib_a-fwalk.o)
 .debug_frame   0x0000000000000230       0x2c /Users/jiacheng/.platformio/packages/toolchain-gccarmnoneeabi/bin/../lib/gcc/arm-none-eabi/7.2.1/../../../../arm-none-eabi/lib/thumb/v7e-m/libc_nano.a(lib_a-nano-mallocr.o)
 .debug_frame   0x000000000000025c       0xac /Users/jiacheng/.platformio/packages/toolchain-gccarmnoneeabi/bin/../lib/gcc/arm-none-eabi/7.2.1/../../../../arm-none-eabi/lib/thumb/v7e-m/libc_nano.a(lib_a-nano-vfprintf.o)
 .debug_frame   0x0000000000000308       0x60 /Users/jiacheng/.platformio/packages/toolchain-gccarmnoneeabi/bin/../lib/gcc/arm-none-eabi/7.2.1/../../../../arm-none-eabi/lib/thumb/v7e-m/libc_nano.a(lib_a-nano-vfprintf_i.o)
 .debug_frame   0x0000000000000368       0x2c /Users/jiacheng/.platformio/packages/toolchain-gccarmnoneeabi/bin/../lib/gcc/arm-none-eabi/7.2.1/../../../../arm-none-eabi/lib/thumb/v7e-m/libc_nano.a(lib_a-sbrkr.o)
 .debug_frame   0x0000000000000394       0x88 /Users/jiacheng/.platformio/packages/toolchain-gccarmnoneeabi/bin/../lib/gcc/arm-none-eabi/7.2.1/../../../../arm-none-eabi/lib/thumb/v7e-m/libc_nano.a(lib_a-stdio.o)
 .debug_frame   0x000000000000041c       0x40 /Users/jiacheng/.platformio/packages/toolchain-gccarmnoneeabi/bin/../lib/gcc/arm-none-eabi/7.2.1/../../../../arm-none-eabi/lib/thumb/v7e-m/libc_nano.a(lib_a-wbuf.o)
 .debug_frame   0x000000000000045c       0x2c /Users/jiacheng/.platformio/packages/toolchain-gccarmnoneeabi/bin/../lib/gcc/arm-none-eabi/7.2.1/../../../../arm-none-eabi/lib/thumb/v7e-m/libc_nano.a(lib_a-writer.o)
 .debug_frame   0x0000000000000488       0x2c /Users/jiacheng/.platformio/packages/toolchain-gccarmnoneeabi/bin/../lib/gcc/arm-none-eabi/7.2.1/../../../../arm-none-eabi/lib/thumb/v7e-m/libc_nano.a(lib_a-wsetup.o)
 .debug_frame   0x00000000000004b4       0x2c /Users/jiacheng/.platformio/packages/toolchain-gccarmnoneeabi/bin/../lib/gcc/arm-none-eabi/7.2.1/../../../../arm-none-eabi/lib/thumb/v7e-m/libc_nano.a(lib_a-closer.o)
 .debug_frame   0x00000000000004e0       0x68 /Users/jiacheng/.platformio/packages/toolchain-gccarmnoneeabi/bin/../lib/gcc/arm-none-eabi/7.2.1/../../../../arm-none-eabi/lib/thumb/v7e-m/libc_nano.a(lib_a-fflush.o)
 .debug_frame   0x0000000000000548       0x2c /Users/jiacheng/.platformio/packages/toolchain-gccarmnoneeabi/bin/../lib/gcc/arm-none-eabi/7.2.1/../../../../arm-none-eabi/lib/thumb/v7e-m/libc_nano.a(lib_a-lseekr.o)
 .debug_frame   0x0000000000000574       0x58 /Users/jiacheng/.platformio/packages/toolchain-gccarmnoneeabi/bin/../lib/gcc/arm-none-eabi/7.2.1/../../../../arm-none-eabi/lib/thumb/v7e-m/libc_nano.a(lib_a-makebuf.o)
 .debug_frame   0x00000000000005cc       0x30 /Users/jiacheng/.platformio/packages/toolchain-gccarmnoneeabi/bin/../lib/gcc/arm-none-eabi/7.2.1/../../../../arm-none-eabi/lib/thumb/v7e-m/libc_nano.a(lib_a-mlock.o)
 .debug_frame   0x00000000000005fc       0x38 /Users/jiacheng/.platformio/packages/toolchain-gccarmnoneeabi/bin/../lib/gcc/arm-none-eabi/7.2.1/../../../../arm-none-eabi/lib/thumb/v7e-m/libc_nano.a(lib_a-nano-freer.o)
 .debug_frame   0x0000000000000634       0x2c /Users/jiacheng/.platformio/packages/toolchain-gccarmnoneeabi/bin/../lib/gcc/arm-none-eabi/7.2.1/../../../../arm-none-eabi/lib/thumb/v7e-m/libc_nano.a(lib_a-readr.o)
 .debug_frame   0x0000000000000660       0x5c /Users/jiacheng/.platformio/packages/toolchain-gccarmnoneeabi/bin/../lib/gcc/arm-none-eabi/7.2.1/../../../../arm-none-eabi/lib/thumb/v7e-m/libc_nano.a(lib_a-reent.o)
 .debug_frame   0x00000000000006bc       0x2c /Users/jiacheng/.platformio/packages/toolchain-gccarmnoneeabi/bin/../lib/gcc/arm-none-eabi/7.2.1/../../../../arm-none-eabi/lib/thumb/v7e-m/libc_nano.a(lib_a-fstatr.o)
 .debug_frame   0x00000000000006e8       0x2c /Users/jiacheng/.platformio/packages/toolchain-gccarmnoneeabi/bin/../lib/gcc/arm-none-eabi/7.2.1/../../../../arm-none-eabi/lib/thumb/v7e-m/libc_nano.a(lib_a-isattyr.o)
 .debug_frame   0x0000000000000714       0x4c /Users/jiacheng/.platformio/packages/toolchain-gccarmnoneeabi/bin/../lib/gcc/arm-none-eabi/7.2.1/thumb/v7e-m/libgcc.a(_arm_addsubsf3.o)
 .debug_frame   0x0000000000000760       0x38 /Users/jiacheng/.platformio/packages/toolchain-gccarmnoneeabi/bin/../lib/gcc/arm-none-eabi/7.2.1/thumb/v7e-m/libgcc.a(_arm_muldivsf3.o)
 .debug_frame   0x0000000000000798       0xc8 /Users/jiacheng/.platformio/packages/toolchain-gccarmnoneeabi/bin/../lib/gcc/arm-none-eabi/7.2.1/thumb/v7e-m/libgcc.a(_arm_cmpsf2.o)
 .debug_frame   0x0000000000000860       0x24 /Users/jiacheng/.platformio/packages/toolchain-gccarmnoneeabi/bin/../lib/gcc/arm-none-eabi/7.2.1/thumb/v7e-m/libgcc.a(_arm_fixsfsi.o)
 .debug_frame   0x0000000000000884       0x20 /Users/jiacheng/.platformio/packages/toolchain-gccarmnoneeabi/bin/../lib/gcc/arm-none-eabi/7.2.1/../../../../arm-none-eabi/lib/thumb/v7e-m/libm.a(lib_a-wf_atan2.o)
 .debug_frame   0x00000000000008a4       0x3c /Users/jiacheng/.platformio/packages/toolchain-gccarmnoneeabi/bin/../lib/gcc/arm-none-eabi/7.2.1/../../../../arm-none-eabi/lib/thumb/v7e-m/libm.a(lib_a-ef_atan2.o)
 .debug_frame   0x00000000000008e0       0x30 /Users/jiacheng/.platformio/packages/toolchain-gccarmnoneeabi/bin/../lib/gcc/arm-none-eabi/7.2.1/../../../../arm-none-eabi/lib/thumb/v7e-m/libm.a(lib_a-sf_atan.o)
 .debug_frame   0x0000000000000910       0x20 /Users/jiacheng/.platformio/packages/toolchain-gccarmnoneeabi/bin/../lib/gcc/arm-none-eabi/7.2.1/../../../../arm-none-eabi/lib/thumb/v7e-m/libm.a(lib_a-sf_fabs.o)
 .debug_frame   0x0000000000000930       0x20 /Users/jiacheng/.platformio/packages/toolchain-gccarmnoneeabi/bin/../lib/gcc/arm-none-eabi/7.2.1/../../../../arm-none-eabi/lib/thumb/v7e-m/libnosys.a(close.o)
 .debug_frame   0x0000000000000950       0x20 /Users/jiacheng/.platformio/packages/toolchain-gccarmnoneeabi/bin/../lib/gcc/arm-none-eabi/7.2.1/../../../../arm-none-eabi/lib/thumb/v7e-m/libnosys.a(fstat.o)
 .debug_frame   0x0000000000000970       0x20 /Users/jiacheng/.platformio/packages/toolchain-gccarmnoneeabi/bin/../lib/gcc/arm-none-eabi/7.2.1/../../../../arm-none-eabi/lib/thumb/v7e-m/libnosys.a(isatty.o)
 .debug_frame   0x0000000000000990       0x20 /Users/jiacheng/.platformio/packages/toolchain-gccarmnoneeabi/bin/../lib/gcc/arm-none-eabi/7.2.1/../../../../arm-none-eabi/lib/thumb/v7e-m/libnosys.a(lseek.o)
 .debug_frame   0x00000000000009b0       0x20 /Users/jiacheng/.platformio/packages/toolchain-gccarmnoneeabi/bin/../lib/gcc/arm-none-eabi/7.2.1/../../../../arm-none-eabi/lib/thumb/v7e-m/libnosys.a(read.o)
 .debug_frame   0x00000000000009d0       0x20 /Users/jiacheng/.platformio/packages/toolchain-gccarmnoneeabi/bin/../lib/gcc/arm-none-eabi/7.2.1/../../../../arm-none-eabi/lib/thumb/v7e-m/libnosys.a(sbrk.o)

.stab           0x0000000000000000       0x84
 .stab          0x0000000000000000       0x24 /Users/jiacheng/.platformio/packages/toolchain-gccarmnoneeabi/bin/../lib/gcc/arm-none-eabi/7.2.1/../../../../arm-none-eabi/lib/thumb/v7e-m/libnosys.a(close.o)
 .stab          0x0000000000000024       0x18 /Users/jiacheng/.platformio/packages/toolchain-gccarmnoneeabi/bin/../lib/gcc/arm-none-eabi/7.2.1/../../../../arm-none-eabi/lib/thumb/v7e-m/libnosys.a(fstat.o)
                                         0x24 (size before relaxing)
 .stab          0x000000000000003c       0x18 /Users/jiacheng/.platformio/packages/toolchain-gccarmnoneeabi/bin/../lib/gcc/arm-none-eabi/7.2.1/../../../../arm-none-eabi/lib/thumb/v7e-m/libnosys.a(isatty.o)
                                         0x24 (size before relaxing)
 .stab          0x0000000000000054       0x18 /Users/jiacheng/.platformio/packages/toolchain-gccarmnoneeabi/bin/../lib/gcc/arm-none-eabi/7.2.1/../../../../arm-none-eabi/lib/thumb/v7e-m/libnosys.a(lseek.o)
                                         0x24 (size before relaxing)
 .stab          0x000000000000006c       0x18 /Users/jiacheng/.platformio/packages/toolchain-gccarmnoneeabi/bin/../lib/gcc/arm-none-eabi/7.2.1/../../../../arm-none-eabi/lib/thumb/v7e-m/libnosys.a(read.o)
                                         0x24 (size before relaxing)

.stabstr        0x0000000000000000      0x117
 .stabstr       0x0000000000000000      0x117 /Users/jiacheng/.platformio/packages/toolchain-gccarmnoneeabi/bin/../lib/gcc/arm-none-eabi/7.2.1/../../../../arm-none-eabi/lib/thumb/v7e-m/libnosys.a(close.o)
