Archive member included to satisfy reference by file (symbol)

/Users/jiacheng/.platformio/packages/toolchain-gccarmnoneeabi/bin/../lib/gcc/arm-none-eabi/7.2.1/../../../../arm-none-eabi/lib/thumb/v7e-m/libc_nano.a(lib_a-exit.o)
                              /Users/jiacheng/.platformio/packages/toolchain-gccarmnoneeabi/bin/../lib/gcc/arm-none-eabi/7.2.1/../../../../arm-none-eabi/lib/thumb/v7e-m/crt0.o (exit)
/Users/jiacheng/.platformio/packages/toolchain-gccarmnoneeabi/bin/../lib/gcc/arm-none-eabi/7.2.1/../../../../arm-none-eabi/lib/thumb/v7e-m/libc_nano.a(lib_a-impure.o)
                              /Users/jiacheng/.platformio/packages/toolchain-gccarmnoneeabi/bin/../lib/gcc/arm-none-eabi/7.2.1/../../../../arm-none-eabi/lib/thumb/v7e-m/libc_nano.a(lib_a-exit.o) (_global_impure_ptr)
/Users/jiacheng/.platformio/packages/toolchain-gccarmnoneeabi/bin/../lib/gcc/arm-none-eabi/7.2.1/../../../../arm-none-eabi/lib/thumb/v7e-m/libc_nano.a(lib_a-init.o)
                              /Users/jiacheng/.platformio/packages/toolchain-gccarmnoneeabi/bin/../lib/gcc/arm-none-eabi/7.2.1/../../../../arm-none-eabi/lib/thumb/v7e-m/crt0.o (__libc_init_array)
/Users/jiacheng/.platformio/packages/toolchain-gccarmnoneeabi/bin/../lib/gcc/arm-none-eabi/7.2.1/../../../../arm-none-eabi/lib/thumb/v7e-m/libc_nano.a(lib_a-memset.o)
                              /Users/jiacheng/.platformio/packages/toolchain-gccarmnoneeabi/bin/../lib/gcc/arm-none-eabi/7.2.1/../../../../arm-none-eabi/lib/thumb/v7e-m/crt0.o (memset)
/Users/jiacheng/.platformio/packages/toolchain-gccarmnoneeabi/bin/../lib/gcc/arm-none-eabi/7.2.1/../../../../arm-none-eabi/lib/thumb/v7e-m/libc_nano.a(lib_a-printf.o)
                              .pio/build/nucleo_l432kc/src/mpu.o (printf)
/Users/jiacheng/.platformio/packages/toolchain-gccarmnoneeabi/bin/../lib/gcc/arm-none-eabi/7.2.1/../../../../arm-none-eabi/lib/thumb/v7e-m/libc_nano.a(lib_a-findfp.o)
                              /Users/jiacheng/.platformio/packages/toolchain-gccarmnoneeabi/bin/../lib/gcc/arm-none-eabi/7.2.1/../../../../arm-none-eabi/lib/thumb/v7e-m/libc_nano.a(lib_a-printf.o) (__sinit)
/Users/jiacheng/.platformio/packages/toolchain-gccarmnoneeabi/bin/../lib/gcc/arm-none-eabi/7.2.1/../../../../arm-none-eabi/lib/thumb/v7e-m/libc_nano.a(lib_a-fwalk.o)
                              /Users/jiacheng/.platformio/packages/toolchain-gccarmnoneeabi/bin/../lib/gcc/arm-none-eabi/7.2.1/../../../../arm-none-eabi/lib/thumb/v7e-m/libc_nano.a(lib_a-findfp.o) (_fwalk)
/Users/jiacheng/.platformio/packages/toolchain-gccarmnoneeabi/bin/../lib/gcc/arm-none-eabi/7.2.1/../../../../arm-none-eabi/lib/thumb/v7e-m/libc_nano.a(lib_a-nano-mallocr.o)
                              /Users/jiacheng/.platformio/packages/toolchain-gccarmnoneeabi/bin/../lib/gcc/arm-none-eabi/7.2.1/../../../../arm-none-eabi/lib/thumb/v7e-m/libc_nano.a(lib_a-findfp.o) (_malloc_r)
/Users/jiacheng/.platformio/packages/toolchain-gccarmnoneeabi/bin/../lib/gcc/arm-none-eabi/7.2.1/../../../../arm-none-eabi/lib/thumb/v7e-m/libc_nano.a(lib_a-nano-vfprintf.o)
                              /Users/jiacheng/.platformio/packages/toolchain-gccarmnoneeabi/bin/../lib/gcc/arm-none-eabi/7.2.1/../../../../arm-none-eabi/lib/thumb/v7e-m/libc_nano.a(lib_a-printf.o) (_vfprintf_r)
/Users/jiacheng/.platformio/packages/toolchain-gccarmnoneeabi/bin/../lib/gcc/arm-none-eabi/7.2.1/../../../../arm-none-eabi/lib/thumb/v7e-m/libc_nano.a(lib_a-nano-vfprintf_i.o)
                              /Users/jiacheng/.platformio/packages/toolchain-gccarmnoneeabi/bin/../lib/gcc/arm-none-eabi/7.2.1/../../../../arm-none-eabi/lib/thumb/v7e-m/libc_nano.a(lib_a-nano-vfprintf.o) (_printf_i)
/Users/jiacheng/.platformio/packages/toolchain-gccarmnoneeabi/bin/../lib/gcc/arm-none-eabi/7.2.1/../../../../arm-none-eabi/lib/thumb/v7e-m/libc_nano.a(lib_a-sbrkr.o)
                              /Users/jiacheng/.platformio/packages/toolchain-gccarmnoneeabi/bin/../lib/gcc/arm-none-eabi/7.2.1/../../../../arm-none-eabi/lib/thumb/v7e-m/libc_nano.a(lib_a-nano-mallocr.o) (_sbrk_r)
/Users/jiacheng/.platformio/packages/toolchain-gccarmnoneeabi/bin/../lib/gcc/arm-none-eabi/7.2.1/../../../../arm-none-eabi/lib/thumb/v7e-m/libc_nano.a(lib_a-stdio.o)
                              /Users/jiacheng/.platformio/packages/toolchain-gccarmnoneeabi/bin/../lib/gcc/arm-none-eabi/7.2.1/../../../../arm-none-eabi/lib/thumb/v7e-m/libc_nano.a(lib_a-findfp.o) (__sread)
/Users/jiacheng/.platformio/packages/toolchain-gccarmnoneeabi/bin/../lib/gcc/arm-none-eabi/7.2.1/../../../../arm-none-eabi/lib/thumb/v7e-m/libc_nano.a(lib_a-wbuf.o)
                              /Users/jiacheng/.platformio/packages/toolchain-gccarmnoneeabi/bin/../lib/gcc/arm-none-eabi/7.2.1/../../../../arm-none-eabi/lib/thumb/v7e-m/libc_nano.a(lib_a-nano-vfprintf.o) (__swbuf_r)
/Users/jiacheng/.platformio/packages/toolchain-gccarmnoneeabi/bin/../lib/gcc/arm-none-eabi/7.2.1/../../../../arm-none-eabi/lib/thumb/v7e-m/libc_nano.a(lib_a-writer.o)
[...]
Memory Configuration

Name             Origin             Length             Attributes
RAM              0x0000000020000000 0x000000000000c000 xrw
RAM2             0x0000000010000000 0x0000000000004000 xrw
FLASH            0x0000000008000000 0x0000000000040000 xr
*default*        0x0000000000000000 0xffffffffffffffff

Linker script and memory map

LOAD /Users/jiacheng/.platformio/packages/toolchain-gccarmnoneeabi/bin/../lib/gcc/arm-none-eabi/7.2.1/thumb/v7e-m/crti.o
LOAD /Users/jiacheng/.platformio/packages/toolchain-gccarmnoneeabi/bin/../lib/gcc/arm-none-eabi/7.2.1/thumb/v7e-m/crtbegin.o
LOAD /Users/jiacheng/.platformio/packages/toolchain-gccarmnoneeabi/bin/../lib/gcc/arm-none-eabi/7.2.1/../../../../arm-none-eabi/lib/thumb/v7e-m/crt0.o
LOAD .pio/build/nucleo_l432kc/FrameworkCMSIS/gcc/startup_stm32l432xx.o
LOAD .pio/build/nucleo_l432kc/FrameworkCMSIS/system_stm32l4xx.o
LOAD .pio/build/nucleo_l432kc/src/gpio.o
LOAD .pio/build/nucleo_l432kc/src/i2c.o
LOAD .pio/build/nucleo_l432kc/src/main.o
LOAD .pio/build/nucleo_l432kc/src/motor_drive.o
LOAD .pio/build/nucleo_l432kc/src/mpu.o
LOAD .pio/build/nucleo_l432kc/src/servo_funcs.o
LOAD .pio/build/nucleo_l432kc/src/timer.o
LOAD .pio/build/nucleo_l432kc/src/uart.o
START GROUP
LOAD /Users/jiacheng/.platformio/packages/toolchain-gccarmnoneeabi/bin/../lib/gcc/arm-none-eabi/7.2.1/../../../../arm-none-eabi/lib/thumb/v7e-m/libc_nano.a
LOAD /Users/jiacheng/.platformio/packages/toolchain-gccarmnoneeabi/bin/../lib/gcc/arm-none-eabi/7.2.1/thumb/v7e-m/libgcc.a
LOAD /Users/jiacheng/.platformio/packages/toolchain-gccarmnoneeabi/bin/../lib/gcc/arm-none-eabi/7.2.1/../../../../arm-none-eabi/lib/thumb/v7e-m/libm.a
LOAD /Users/jiacheng/.platformio/packages/toolchain-gccarmnoneeabi/bin/../lib/gcc/arm-none-eabi/7.2.1/../../../../arm-none-eabi/lib/thumb/v7e-m/libstdc++_nano.a
END GROUP
START GROUP
LOAD /Users/jiacheng/.platformio/packages/toolchain-gccarmnoneeabi/bin/../lib/gcc/arm-none-eabi/7.2.1/thumb/v7e-m/libgcc.a
LOAD /Users/jiacheng/.platformio/packages/toolchain-gccarmnoneeabi/bin/../lib/gcc/arm-none-eabi/7.2.1/../../../../arm-none-eabi/lib/thumb/v7e-m/libc_nano.a
END GROUP
START GROUP
LOAD /Users/jiacheng/.platformio/packages/toolchain-gccarmnoneeabi/bin/../lib/gcc/arm-none-eabi/7.2.1/thumb/v7e-m/libgcc.a
LOAD /Users/jiacheng/.platformio/packages/toolchain-gccarmnoneeabi/bin/../lib/gcc/arm-none-eabi/7.2.1/../../../../arm-none-eabi/lib/thumb/v7e-m/libc_nano.a
LOAD /Users/jiacheng/.platformio/packages/toolchain-gccarmnoneeabi/bin/../lib/gcc/arm-none-eabi/7.2.1/../../../../arm-none-eabi/lib/thumb/v7e-m/libnosys.a
END GROUP
START GROUP
LOAD /Users/jiacheng/.platformio/packages/toolchain-gccarmnoneeabi/bin/../lib/gcc/arm-none-eabi/7.2.1/thumb/v7e-m/libgcc.a
LOAD /Users/jiacheng/.platformio/packages/toolchain-gccarmnoneeabi/bin/../lib/gcc/arm-none-eabi/7.2.1/../../../../arm-none-eabi/lib/thumb/v7e-m/libc_nano.a
LOAD /Users/jiacheng/.platformio/packages/toolchain-gccarmnoneeabi/bin/../lib/gcc/arm-none-eabi/7.2.1/../../../../arm-none-eabi/lib/thumb/v7e-m/libnosys.a
END GROUP
LOAD /Users/jiacheng/.platformio/packages/toolchain-gccarmnoneeabi/bin/../lib/gcc/arm-none-eabi/7.2.1/thumb/v7e-m/crtend.o
LOAD /Users/jiacheng/.platformio/packages/toolchain-gccarmnoneeabi/bin/../lib/gcc/arm-none-eabi/7.2.1/thumb/v7e-m/crtn.o
                0x000000002000c000                _estack = (ORIGIN (RAM) + LENGTH (RAM))
                0x0000000000000200                _Min_Heap_Size = 0x200
                0x0000000000000400                _Min_Stack_Size = 0x400

.isr_vector     0x0000000008000000      0x18c
                0x0000000008000000                . = ALIGN (0x4)
 *(.isr_vector)
 .isr_vector    0x0000000008000000      0x18c .pio/build/nucleo_l432kc/FrameworkCMSIS/gcc/startup_stm32l432xx.o
                0x0000000008000000                g_pfnVectors
                0x000000000800018c                . = ALIGN (0x4)

.text           0x000000000800018c     0x13ac
                0x000000000800018c                . = ALIGN (0x4)
 *(.text)
 .text          0x000000000800018c       0x40 /Users/jiacheng/.platformio/packages/toolchain-gccarmnoneeabi/bin/../lib/gcc/arm-none-eabi/7.2.1/thumb/v7e-m/crtbegin.o
 .text          0x00000000080001cc      0x21c /Users/jiacheng/.platformio/packages/toolchain-gccarmnoneeabi/bin/../lib/gcc/arm-none-eabi/7.2.1/thumb/v7e-m/libgcc.a(_arm_addsubsf3.o)
                0x00000000080001cc                __aeabi_frsub
                0x00000000080001d4                __aeabi_fsub
                0x00000000080001d4                __subsf3
                0x00000000080001d8                __aeabi_fadd
                0x00000000080001d8                __addsf3
                0x0000000008000338                __aeabi_ui2f
                0x0000000008000338                __floatunsisf
                0x0000000008000340                __floatsisf
                0x0000000008000340                __aeabi_i2f
                0x000000000800035c                __aeabi_ul2f
                0x000000000800035c                __floatundisf
                0x000000000800036c                __aeabi_l2f
                0x000000000800036c                __floatdisf
 .text          0x00000000080003e8      0x2a0 /Users/jiacheng/.platformio/packages/toolchain-gccarmnoneeabi/bin/../lib/gcc/arm-none-eabi/7.2.1/thumb/v7e-m/libgcc.a(_arm_muldivsf3.o)
                0x00000000080003e8                __mulsf3
                0x00000000080003e8                __aeabi_fmul
                0x0000000008000550                __divsf3
                0x0000000008000550                __aeabi_fdiv
 .text          0x0000000008000688       0xec /Users/jiacheng/.platformio/packages/toolchain-gccarmnoneeabi/bin/../lib/gcc/arm-none-eabi/7.2.1/thumb/v7e-m/libgcc.a(_arm_cmpsf2.o)
                0x0000000008000688                __gesf2
                0x0000000008000688                __gtsf2
                0x0000000008000690                __ltsf2
                0x0000000008000690                __lesf2
                0x0000000008000698                __nesf2
                0x0000000008000698                __eqsf2
                0x0000000008000698                __cmpsf2
                0x00000000080006f8                __aeabi_cfrcmple
                0x0000000008000700                __aeabi_cfcmpeq
                0x0000000008000700                __aeabi_cfcmple
                0x0000000008000710                __aeabi_fcmpeq
                0x0000000008000724                __aeabi_fcmplt
                0x0000000008000738                __aeabi_fcmple
                0x000000000800074c                __aeabi_fcmpge
                0x0000000008000760                __aeabi_fcmpgt
 .text          0x0000000008000774       0x4c /Users/jiacheng/.platformio/packages/toolchain-gccarmnoneeabi/bin/../lib/gcc/arm-none-eabi/7.2.1/thumb/v7e-m/libgcc.a(_arm_fixsfsi.o)
                0x0000000008000774                __fixsfsi
                0x0000000008000774                __aeabi_f2iz
 *(.text*)
 .text.Reset_Handler
                0x00000000080007c0       0x50 .pio/build/nucleo_l432kc/FrameworkCMSIS/gcc/startup_stm32l432xx.o
                0x00000000080007c0                Reset_Handler
 .text.Default_Handler
                0x0000000008000810        0x2 .pio/build/nucleo_l432kc/FrameworkCMSIS/gcc/startup_stm32l432xx.o
                0x0000000008000810                TIM1_BRK_TIM15_IRQHandler
                0x0000000008000810                EXTI2_IRQHandler
                0x0000000008000810                DebugMon_Handler
                0x0000000008000810                TIM1_CC_IRQHandler
                0x0000000008000810                TSC_IRQHandler
                0x0000000008000810                HardFault_Handler
                0x0000000008000810                TAMP_STAMP_IRQHandler
                0x0000000008000810                PendSV_Handler
                0x0000000008000810                NMI_Handler
                0x0000000008000810                EXTI3_IRQHandler
                0x0000000008000810                LPTIM2_IRQHandler
                0x0000000008000810                I2C3_ER_IRQHandler
                0x0000000008000810                EXTI0_IRQHandler
                0x0000000008000810                CAN1_RX0_IRQHandler
                0x0000000008000810                FPU_IRQHandler
                0x0000000008000810                TIM1_UP_TIM16_IRQHandler
                0x0000000008000810                UsageFault_Handler
                0x0000000008000810                SPI1_IRQHandler
                0x0000000008000810                TIM6_DAC_IRQHandler
                0x0000000008000810                DMA2_Channel2_IRQHandler
                0x0000000008000810                DMA1_Channel4_IRQHandler
                0x0000000008000810                ADC1_IRQHandler
                0x0000000008000810                DMA1_Channel7_IRQHandler
                0x0000000008000810                CAN1_RX1_IRQHandler
                0x0000000008000810                DMA2_Channel1_IRQHandler
                0x0000000008000810                QUADSPI_IRQHandler
                0x0000000008000810                I2C1_EV_IRQHandler
                0x0000000008000810                DMA1_Channel6_IRQHandler
                0x0000000008000810                DMA2_Channel4_IRQHandler
                0x0000000008000810                RCC_IRQHandler
                0x0000000008000810                TIM1_TRG_COM_IRQHandler
                0x0000000008000810                DMA1_Channel1_IRQHandler
                0x0000000008000810                Default_Handler
                0x0000000008000810                DMA2_Channel7_IRQHandler
                0x0000000008000810                EXTI15_10_IRQHandler
                0x0000000008000810                TIM7_IRQHandler
                0x0000000008000810                I2C3_EV_IRQHandler
                0x0000000008000810                USB_IRQHandler
                0x0000000008000810                EXTI9_5_IRQHandler
                0x0000000008000810                RTC_WKUP_IRQHandler
                0x0000000008000810                PVD_PVM_IRQHandler
                0x0000000008000810                MemManage_Handler
                0x0000000008000810                CAN1_TX_IRQHandler
                0x0000000008000810                SVC_Handler
                0x0000000008000810                DMA2_Channel5_IRQHandler
                0x0000000008000810                CRS_IRQHandler
                0x0000000008000810                DMA1_Channel5_IRQHandler
                0x0000000008000810                EXTI4_IRQHandler
                0x0000000008000810                RNG_IRQHandler
                0x0000000008000810                DMA1_Channel3_IRQHandler
                0x0000000008000810                COMP_IRQHandler
                0x0000000008000810                WWDG_IRQHandler
                0x0000000008000810                LPUART1_IRQHandler
                0x0000000008000810                DMA2_Channel6_IRQHandler
                0x0000000008000810                TIM2_IRQHandler
                0x0000000008000810                EXTI1_IRQHandler
                0x0000000008000810                USART2_IRQHandler
                0x0000000008000810                DMA1_Channel2_IRQHandler
                0x0000000008000810                CAN1_SCE_IRQHandler
                0x0000000008000810                FLASH_IRQHandler
                0x0000000008000810                BusFault_Handler
                0x0000000008000810                USART1_IRQHandler
                0x0000000008000810                SPI3_IRQHandler
                0x0000000008000810                I2C1_ER_IRQHandler
                0x0000000008000810                SWPMI1_IRQHandler
                0x0000000008000810                LPTIM1_IRQHandler
                0x0000000008000810                SAI1_IRQHandler
                0x0000000008000810                DMA2_Channel3_IRQHandler
                0x0000000008000810                RTC_Alarm_IRQHandler
 .text.SystemInit
                0x0000000008000812        0x2 .pio/build/nucleo_l432kc/FrameworkCMSIS/system_stm32l4xx.o
                0x0000000008000812                SystemInit
 .text.gpio_enable_port
                0x0000000008000814       0x34 .pio/build/nucleo_l432kc/src/gpio.o
 .text.gpio_config_alternate_function
                0x0000000008000848       0x58 .pio/build/nucleo_l432kc/src/gpio.o
                0x0000000008000848                gpio_config_alternate_function
 .text.gpio_config_mode
                0x00000000080008a0       0x40 .pio/build/nucleo_l432kc/src/gpio.o
                0x00000000080008a0                gpio_config_mode
 .text.gpio_config_pullup
                0x00000000080008e0       0x38 .pio/build/nucleo_l432kc/src/gpio.o
                0x00000000080008e0                gpio_config_pullup
 .text.gpio_config_otype
                0x0000000008000918       0x38 .pio/build/nucleo_l432kc/src/gpio.o
                0x0000000008000918                gpio_config_otype
 .text.gpio_write
                0x0000000008000950       0x20 .pio/build/nucleo_l432kc/src/gpio.o
                0x0000000008000950                gpio_write
 .text.i2c_init
                0x0000000008000970       0xe0 .pio/build/nucleo_l432kc/src/i2c.o
                0x0000000008000970                i2c_init
 .text.i2c_write
                0x0000000008000a50       0x48 .pio/build/nucleo_l432kc/src/i2c.o
                0x0000000008000a50                i2c_write
 .text.i2c_read
                0x0000000008000a98       0x40 .pio/build/nucleo_l432kc/src/i2c.o
                0x0000000008000a98                i2c_read
 .text.complementary_update
                0x0000000008000ad8       0x32 .pio/build/nucleo_l432kc/src/main.o
                0x0000000008000ad8                complementary_update
 *fill*         0x0000000008000b0a        0x2 
 .text.SysTick_initialize
                0x0000000008000b0c       0x38 .pio/build/nucleo_l432kc/src/main.o
                0x0000000008000b0c                SysTick_initialize
 .text.startup.main
                0x0000000008000b44      0x168 .pio/build/nucleo_l432kc/src/main.o
                0x0000000008000b44                main
 .text.SysTick_Handler
                0x0000000008000cac       0x10 .pio/build/nucleo_l432kc/src/main.o
                0x0000000008000cac                SysTick_Handler
 .text.motor_config
                0x0000000008000cbc       0x30 .pio/build/nucleo_l432kc/src/motor_drive.o
                0x0000000008000cbc                motor_config
 .text.forward  0x0000000008000cec       0x5c .pio/build/nucleo_l432kc/src/motor_drive.o
                0x0000000008000cec                forward
 .text.backward
                0x0000000008000d48       0x5c .pio/build/nucleo_l432kc/src/motor_drive.o
                0x0000000008000d48                backward
 .text.stop     0x0000000008000da4       0x36 .pio/build/nucleo_l432kc/src/motor_drive.o
                0x0000000008000da4                stop
 *fill*         0x0000000008000dda        0x2 
 .text.mpu_init
                0x0000000008000ddc       0x3c .pio/build/nucleo_l432kc/src/mpu.o
                0x0000000008000ddc                mpu_init
 .text.gyro_read
                0x0000000008000e18       0x4c .pio/build/nucleo_l432kc/src/mpu.o
                0x0000000008000e18                gyro_read
 .text.accel_read
                0x0000000008000e64       0x7c .pio/build/nucleo_l432kc/src/mpu.o
                0x0000000008000e64                accel_read
 .text.gyro_rate_dps
                0x0000000008000ee0       0x18 .pio/build/nucleo_l432kc/src/mpu.o
                0x0000000008000ee0                gyro_rate_dps
 .text.accel_angle_deg
                0x0000000008000ef8       0x48 .pio/build/nucleo_l432kc/src/mpu.o
                0x0000000008000ef8                accel_angle_deg
 .text.timer_config_pwm
                0x0000000008000f40       0xac .pio/build/nucleo_l432kc/src/timer.o
                0x0000000008000f40                timer_config_pwm
 .text.timer_config_channel_pwm
                0x0000000008000fec      0x110 .pio/build/nucleo_l432kc/src/timer.o
                0x0000000008000fec                timer_config_channel_pwm
 .text.host_serial_init
                0x00000000080010fc       0x94 .pio/build/nucleo_l432kc/src/uart.o
                0x00000000080010fc                host_serial_init
 .text.__libc_init_array
                0x0000000008001190       0x48 /Users/jiacheng/.platformio/packages/toolchain-gccarmnoneeabi/bin/../lib/gcc/arm-none-eabi/7.2.1/../../../../arm-none-eabi/lib/thumb/v7e-m/libc_nano.a(lib_a-init.o)
                0x0000000008001190                __libc_init_array
 .text.atan2f   0x00000000080011d8        0x4 /Users/jiacheng/.platformio/packages/toolchain-gccarmnoneeabi/bin/../lib/gcc/arm-none-eabi/7.2.1/../../../../arm-none-eabi/lib/thumb/v7e-m/libm.a(lib_a-wf_atan2.o)
                0x00000000080011d8                atan2f
 .text.__ieee754_atan2f
                0x00000000080011dc      0x120 /Users/jiacheng/.platformio/packages/toolchain-gccarmnoneeabi/bin/../lib/gcc/arm-none-eabi/7.2.1/../../../../arm-none-eabi/lib/thumb/v7e-m/libm.a(lib_a-ef_atan2.o)
                0x00000000080011dc                __ieee754_atan2f
 .text.atanf    0x00000000080012fc      0x21c /Users/jiacheng/.platformio/packages/toolchain-gccarmnoneeabi/bin/../lib/gcc/arm-none-eabi/7.2.1/../../../../arm-none-eabi/lib/thumb/v7e-m/libm.a(lib_a-sf_atan.o)
                0x00000000080012fc                atanf
 .text.fabsf    0x0000000008001518        0x8 /Users/jiacheng/.platformio/packages/toolchain-gccarmnoneeabi/bin/../lib/gcc/arm-none-eabi/7.2.1/../../../../arm-none-eabi/lib/thumb/v7e-m/libm.a(lib_a-sf_fabs.o)
                0x0000000008001518                fabsf
 *(.glue_7)
 .glue_7        0x0000000008001520        0x0 linker stubs
 *(.glue_7t)
 .glue_7t       0x0000000008001520        0x0 linker stubs
 *(.eh_frame)
 .eh_frame      0x0000000008001520        0x0 /Users/jiacheng/.platformio/packages/toolchain-gccarmnoneeabi/bin/../lib/gcc/arm-none-eabi/7.2.1/thumb/v7e-m/crtbegin.o
 *(.init)
 .init          0x0000000008001520        0x4 /Users/jiacheng/.platformio/packages/toolchain-gccarmnoneeabi/bin/../lib/gcc/arm-none-eabi/7.2.1/thumb/v7e-m/crti.o
                0x0000000008001520                _init
 .init          0x0000000008001524        0x8 /Users/jiacheng/.platformio/packages/toolchain-gccarmnoneeabi/bin/../lib/gcc/arm-none-eabi/7.2.1/thumb/v7e-m/crtn.o
 *(.fini)
 .fini          0x000000000800152c        0x4 /Users/jiacheng/.platformio/packages/toolchain-gccarmnoneeabi/bin/../lib/gcc/arm-none-eabi/7.2.1/thumb/v7e-m/crti.o
                0x000000000800152c                _fini
 .fini          0x0000000008001530        0x8 /Users/jiacheng/.platformio/packages/toolchain-gccarmnoneeabi/bin/../lib/gcc/arm-none-eabi/7.2.1/thumb/v7e-m/crtn.o
                0x0000000008001538                . = ALIGN (0x4)
                0x0000000008001538                _etext = .

.vfp11_veneer   0x0000000008001538        0x0
 .vfp11_veneer  0x0000000008001538        0x0 linker stubs

.v4_bx          0x0000000008001538        0x0
 .v4_bx         0x0000000008001538        0x0 linker stubs

.iplt           0x0000000008001538        0x0
 .iplt          0x0000000008001538        0x0 /Users/jiacheng/.platformio/packages/toolchain-gccarmnoneeabi/bin/../lib/gcc/arm-none-eabi/7.2.1/thumb/v7e-m/crtbegin.o

.rodata         0x0000000008001538       0x94
                0x0000000008001538                . = ALIGN (0x4)
 *(.rodata)
 *(.rodata*)
 .rodata.g_GPIO_pin
                0x0000000008001538       0x17 .pio/build/nucleo_l432kc/src/gpio.o
 *fill*         0x000000000800154f        0x1 
 .rodata.g_GPIO_port
                0x0000000008001550       0x5c .pio/build/nucleo_l432kc/src/gpio.o
 .rodata.atanhi
                0x00000000080015ac       0x10 /Users/jiacheng/.platformio/packages/toolchain-gccarmnoneeabi/bin/../lib/gcc/arm-none-eabi/7.2.1/../../../../arm-none-eabi/lib/thumb/v7e-m/libm.a(lib_a-sf_atan.o)
 .rodata.atanlo
                0x00000000080015bc       0x10 /Users/jiacheng/.platformio/packages/toolchain-gccarmnoneeabi/bin/../lib/gcc/arm-none-eabi/7.2.1/../../../../arm-none-eabi/lib/thumb/v7e-m/libm.a(lib_a-sf_atan.o)
                0x00000000080015cc                . = ALIGN (0x4)

.rel.dyn        0x00000000080015cc        0x0
 .rel.iplt      0x00000000080015cc        0x0 /Users/jiacheng/.platformio/packages/toolchain-gccarmnoneeabi/bin/../lib/gcc/arm-none-eabi/7.2.1/thumb/v7e-m/crtbegin.o

.ARM.extab      0x00000000080015cc        0x0
                0x00000000080015cc                . = ALIGN (0x4)
 *(.ARM.extab* .gnu.linkonce.armextab.*)
                0x00000000080015cc                . = ALIGN (0x4)

.ARM            0x00000000080015cc        0x0
                0x00000000080015cc                . = ALIGN (0x4)
                0x00000000080015cc                __exidx_start = .
 *(.ARM.exidx*)
                0x00000000080015cc                __exidx_end = .
                0x00000000080015cc                . = ALIGN (0x4)

.preinit_array  0x00000000080015cc        0x0
                0x00000000080015cc                . = ALIGN (0x4)
                0x00000000080015cc                PROVIDE (__preinit_array_start, .)
 *(.preinit_array*)
                0x00000000080015cc                PROVIDE (__preinit_array_end, .)
                0x00000000080015cc                . = ALIGN (0x4)

.init_array     0x00000000080015cc        0x4
                0x00000000080015cc                . = ALIGN (0x4)
                0x00000000080015cc                PROVIDE (__init_array_start, .)
 *(SORT_BY_NAME(.init_array.*))
 *(.init_array*)
 .init_array    0x00000000080015cc        0x4 /Users/jiacheng/.platformio/packages/toolchain-gccarmnoneeabi/bin/../lib/gcc/arm-none-eabi/7.2.1/thumb/v7e-m/crtbegin.o
                0x00000000080015d0                PROVIDE (__init_array_end, .)
                0x00000000080015d0                . = ALIGN (0x4)

.fini_array     0x00000000080015d0        0x4
                0x00000000080015d0                . = ALIGN (0x4)
                [!provide]                        PROVIDE (__fini_array_start, .)
 *(SORT_BY_NAME(.fini_array.*))
 *(.fini_array*)
 .fini_array    0x00000000080015d0        0x4 /Users/jiacheng/.platformio/packages/toolchain-gccarmnoneeabi/bin/../lib/gcc/arm-none-eabi/7.2.1/thumb/v7e-m/crtbegin.o
                [!provide]                        PROVIDE (__fini_array_end, .)
                0x00000000080015d4                . = ALIGN (0x4)
                0x00000000080015d4                _sidata = LOADADDR (.data)

.data           0x0000000020000000      0x168 load address 0x00000000080015d4
                0x0000000020000000                . = ALIGN (0x4)
                0x0000000020000000                _sdata = .
 *(.data)
 *(.data*)
 .data.SystemCoreClock
                0x0000000020000000        0x4 .pio/build/nucleo_l432kc/FrameworkCMSIS/system_stm32l4xx.o
                0x0000000020000000                SystemCoreClock
 .data.Test     0x0000000020000004        0x1 .pio/build/nucleo_l432kc/src/main.o
                0x0000000020000004                Test
 .data.GYRO_BASE_ADDRESS
                0x0000000020000005        0x1 .pio/build/nucleo_l432kc/src/mpu.o
 *fill*         0x0000000020000006        0x2 
 .data.g_Timer15Channel
                0x0000000020000008       0x58 .pio/build/nucleo_l432kc/src/timer.o
                0x0000000020000008                g_Timer15Channel
 .data.g_Timer16Channel
                0x0000000020000060       0x58 .pio/build/nucleo_l432kc/src/timer.o
                0x0000000020000060                g_Timer16Channel
 .data.g_Timer1Channel
                0x00000000200000b8       0x58 .pio/build/nucleo_l432kc/src/timer.o
                0x00000000200000b8                g_Timer1Channel
 .data.g_Timer2Channel
                0x0000000020000110       0x58 .pio/build/nucleo_l432kc/src/timer.o
                0x0000000020000110                g_Timer2Channel
 *(.RamFunc)
 *(.RamFunc*)
                0x0000000020000168                . = ALIGN (0x4)
                0x0000000020000168                _edata = .

.igot.plt       0x0000000020000168        0x0 load address 0x000000000800173c
 .igot.plt      0x0000000020000168        0x0 /Users/jiacheng/.platformio/packages/toolchain-gccarmnoneeabi/bin/../lib/gcc/arm-none-eabi/7.2.1/thumb/v7e-m/crtbegin.o
                0x0000000020000168                . = ALIGN (0x4)

.bss            0x0000000020000168       0x3c load address 0x000000000800173c
                0x0000000020000168                _sbss = .
                0x0000000020000168                __bss_start__ = _sbss
 *(.bss)
 .bss           0x0000000020000168       0x1c /Users/jiacheng/.platformio/packages/toolchain-gccarmnoneeabi/bin/../lib/gcc/arm-none-eabi/7.2.1/thumb/v7e-m/crtbegin.o
 *(.bss*)
 .bss.PWM_setpoint
                0x0000000020000184        0x4 .pio/build/nucleo_l432kc/src/main.o
                0x0000000020000184                PWM_setpoint
 .bss.SysTick_Triggered
                0x0000000020000188        0x4 .pio/build/nucleo_l432kc/src/main.o
                0x0000000020000188                SysTick_Triggered
 .bss.error     0x000000002000018c        0x4 .pio/build/nucleo_l432kc/src/main.o
                0x000000002000018c                error
 .bss.last_error
                0x0000000020000190        0x4 .pio/build/nucleo_l432kc/src/main.o
                0x0000000020000190                last_error
 .bss.past_error
                0x0000000020000194        0x4 .pio/build/nucleo_l432kc/src/main.o
                0x0000000020000194                past_error
 .bss.gyro_offset
                0x0000000020000198        0xc .pio/build/nucleo_l432kc/src/mpu.o
 *(COMMON)
                0x00000000200001a4                . = ALIGN (0x4)
                0x00000000200001a4                _ebss = .
                0x00000000200001a4                __bss_end__ = _ebss

._user_heap_stack
                0x00000000200001a4      0x604 load address 0x000000000800173c
                0x00000000200001a8                . = ALIGN (0x8)
 *fill*         0x00000000200001a4        0x4 
                0x00000000200001a8                PROVIDE (end, .)
                [!provide]                        PROVIDE (_end, .)
                0x00000000200003a8                . = (. + _Min_Heap_Size)
 *fill*         0x00000000200001a8      0x200 
                0x00000000200007a8                . = (. + _Min_Stack_Size)
 *fill*         0x00000000200003a8      0x400 
                0x00000000200007a8                . = ALIGN (0x8)

/DISCARD/
 libc.a(*)
 libm.a(*)
 libgcc.a(*)

.ARM.attributes
                0x0000000000000000       0x2a
 *(.ARM.attributes)
 .ARM.attributes
                0x0000000000000000       0x1e /Users/jiacheng/.platformio/packages/toolchain-gccarmnoneeabi/bin/../lib/gcc/arm-none-eabi/7.2.1/thumb/v7e-m/crti.o
 .ARM.attributes
                0x000000000000001e       0x2e /Users/jiacheng/.platformio/packages/toolchain-gccarmnoneeabi/bin/../lib/gcc/arm-none-eabi/7.2.1/thumb/v7e-m/crtbegin.o
 .ARM.attributes
                0x000000000000004c       0x21 .pio/build/nucleo_l432kc/FrameworkCMSIS/gcc/startup_stm32l432xx.o
 .ARM.attributes
                0x000000000000006d       0x33 .pio/build/nucleo_l432kc/FrameworkCMSIS/system_stm32l4xx.o
 .ARM.attributes
                0x00000000000000a0       0x33 .pio/build/nucleo_l432kc/src/gpio.o
 .ARM.attributes
                0x00000000000000d3       0x33 .pio/build/nucleo_l432kc/src/i2c.o
 .ARM.attributes
                0x0000000000000106       0x33 .pio/build/nucleo_l432kc/src/main.o
 .ARM.attributes
                0x0000000000000139       0x33 .pio/build/nucleo_l432kc/src/motor_drive.o
 .ARM.attributes
                0x000000000000016c       0x33 .pio/build/nucleo_l432kc/src/mpu.o
 .ARM.attributes
                0x000000000000019f       0x33 .pio/build/nucleo_l432kc/src/timer.o
 .ARM.attributes
                0x00000000000001d2       0x33 .pio/build/nucleo_l432kc/src/uart.o
 .ARM.attributes
                0x0000000000000205       0x2e /Users/jiacheng/.platformio/packages/toolchain-gccarmnoneeabi/bin/../lib/gcc/arm-none-eabi/7.2.1/../../../../arm-none-eabi/lib/thumb/v7e-m/libc_nano.a(lib_a-init.o)
 .ARM.attributes
                0x0000000000000233       0x1e /Users/jiacheng/.platformio/packages/toolchain-gccarmnoneeabi/bin/../lib/gcc/arm-none-eabi/7.2.1/thumb/v7e-m/libgcc.a(_arm_addsubsf3.o)
 .ARM.attributes
                0x0000000000000251       0x1e /Users/jiacheng/.platformio/packages/toolchain-gccarmnoneeabi/bin/../lib/gcc/arm-none-eabi/7.2.1/thumb/v7e-m/libgcc.a(_arm_muldivsf3.o)
 .ARM.attributes
                0x000000000000026f       0x1e /Users/jiacheng/.platformio/packages/toolchain-gccarmnoneeabi/bin/../lib/gcc/arm-none-eabi/7.2.1/thumb/v7e-m/libgcc.a(_arm_cmpsf2.o)
 .ARM.attributes
                0x000000000000028d       0x1e /Users/jiacheng/.platformio/packages/toolchain-gccarmnoneeabi/bin/../lib/gcc/arm-none-eabi/7.2.1/thumb/v7e-m/libgcc.a(_arm_fixsfsi.o)
 .ARM.attributes
                0x00000000000002ab       0x2e /Users/jiacheng/.platformio/packages/toolchain-gccarmnoneeabi/bin/../lib/gcc/arm-none-eabi/7.2.1/../../../../arm-none-eabi/lib/thumb/v7e-m/libm.a(lib_a-wf_atan2.o)
 .ARM.attributes
                0x00000000000002d9       0x2e /Users/jiacheng/.platformio/packages/toolchain-gccarmnoneeabi/bin/../lib/gcc/arm-none-eabi/7.2.1/../../../../arm-none-eabi/lib/thumb/v7e-m/libm.a(lib_a-ef_atan2.o)
 .ARM.attributes
                0x0000000000000307       0x2e /Users/jiacheng/.platformio/packages/toolchain-gccarmnoneeabi/bin/../lib/gcc/arm-none-eabi/7.2.1/../../../../arm-none-eabi/lib/thumb/v7e-m/libm.a(lib_a-sf_atan.o)
 .ARM.attributes
                0x0000000000000335       0x2e /Users/jiacheng/.platformio/packages/toolchain-gccarmnoneeabi/bin/../lib/gcc/arm-none-eabi/7.2.1/../../../../arm-none-eabi/lib/thumb/v7e-m/libm.a(lib_a-sf_fabs.o)
 .ARM.attributes
                0x0000000000000363       0x1e /Users/jiacheng/.platformio/packages/toolchain-gccarmnoneeabi/bin/../lib/gcc/arm-none-eabi/7.2.1/thumb/v7e-m/crtn.o
OUTPUT(.pio/build/nucleo_l432kc/firmware.elf elf32-littlearm)

.comment        0x0000000000000000       0x7e
 .comment       0x0000000000000000       0x7e .pio/build/nucleo_l432kc/FrameworkCMSIS/system_stm32l4xx.o
                                         0x7f (size before relaxing)
 .comment       0x000000000000007e       0x7f .pio/build/nucleo_l432kc/src/gpio.o
 .comment       0x000000000000007e       0x7f .pio/build/nucleo_l432kc/src/i2c.o
 .comment       0x000000000000007e       0x7f .pio/build/nucleo_l432kc/src/main.o
 .comment       0x000000000000007e       0x7f .pio/build/nucleo_l432kc/src/motor_drive.o
 .comment       0x000000000000007e       0x7f .pio/build/nucleo_l432kc/src/mpu.o
 .comment       0x000000000000007e       0x7f .pio/build/nucleo_l432kc/src/timer.o
 .comment       0x000000000000007e       0x7f .pio/build/nucleo_l432kc/src/uart.o

.debug_frame    0x0000000000000000      0x248
 .debug_frame   0x0000000000000000       0x2c /Users/jiacheng/.platformio/packages/toolchain-gccarmnoneeabi/bin/../lib/gcc/arm-none-eabi/7.2.1/../../../../arm-none-eabi/lib/thumb/v7e-m/libc_nano.a(lib_a-init.o)
 .debug_frame   0x000000000000002c       0x4c /Users/jiacheng/.platformio/packages/toolchain-gccarmnoneeabi/bin/../lib/gcc/arm-none-eabi/7.2.1/thumb/v7e-m/libgcc.a(_arm_addsubsf3.o)
 .debug_frame   0x0000000000000078       0x38 /Users/jiacheng/.platformio/packages/toolchain-gccarmnoneeabi/bin/../lib/gcc/arm-none-eabi/7.2.1/thumb/v7e-m/libgcc.a(_arm_muldivsf3.o)
 .debug_frame   0x00000000000000b0       0xc8 /Users/jiacheng/.platformio/packages/toolchain-gccarmnoneeabi/bin/../lib/gcc/arm-none-eabi/7.2.1/thumb/v7e-m/libgcc.a(_arm_cmpsf2.o)
 .debug_frame   0x0000000000000178       0x24 /Users/jiacheng/.platformio/packages/toolchain-gccarmnoneeabi/bin/../lib/gcc/arm-none-eabi/7.2.1/thumb/v7e-m/libgcc.a(_arm_fixsfsi.o)
 .debug_frame   0x000000000000019c       0x20 /Users/jiacheng/.platformio/packages/toolchain-gccarmnoneeabi/bin/../lib/gcc/arm-none-eabi/7.2.1/../../../../arm-none-eabi/lib/thumb/v7e-m/libm.a(lib_a-wf_atan2.o)
 .debug_frame   0x00000000000001bc       0x3c /Users/jiacheng/.platformio/packages/toolchain-gccarmnoneeabi/bin/../lib/gcc/arm-none-eabi/7.2.1/../../../../arm-none-eabi/lib/thumb/v7e-m/libm.a(lib_a-ef_atan2.o)
 .debug_frame   0x00000000000001f8       0x30 /Users/jiacheng/.platformio/packages/toolchain-gccarmnoneeabi/bin/../lib/gcc/arm-none-eabi/7.2.1/../../../../arm-none-eabi/lib/thumb/v7e-m/libm.a(lib_a-sf_atan.o)
 .debug_frame   0x0000000000000228       0x20 /Users/jiacheng/.platformio/packages/toolchain-gccarmnoneeabi/bin/../lib/gcc/arm-none-eabi/7.2.1/../../../../arm-none-eabi/lib/thumb/v7e-m/libm.a(lib_a-sf_fabs.o)

.stabstr        0x0000000000000000      0x117
 .stabstr       0x0000000000000000      0x117 /Users/jiacheng/.platformio/packages/toolchain-gccarmnoneeabi/bin/../lib/gcc/arm-none-eabi/7.2.1/../../../../arm-none-eabi/lib/thumb/v7e-m/libnosys.a(close.o)
