Archive member included to satisfy reference by file (symbol)

/Users/jiacheng/.platformio/packages/toolchain-gccarmnoneeabi/bin/../lib/gcc/arm-none-eabi/7.2.1/../../../../arm-none-eabi/lib/thumb/v7e-m/libc_nano.a(lib_a-exit.o)
                              /Users/jiacheng/.platformio/packages/toolchain-gccarmnoneeabi/bin/../lib/gcc/arm-none-eabi/7.2.1/../../../../arm-none-eabi/lib/thumb/v7e-m/crt0.o (exit)
/Users/jiacheng/.platformio/packages/toolchain-gccarmnoneeabi/bin/../lib/gcc/arm-none-eabi/7.2.1/../../../../arm-none-eabi/lib/thumb/v7e-m/libc_nano.a(lib_a-impure.o)
                              /Users/jiacheng/.platformio/packages/toolchain-gccarmnoneeabi/bin/../lib/gcc/arm-none-eabi/7.2.1/../../../../arm-none-eabi/lib/thumb/v7e-m/libc_nano.a(lib_a-exit.o) (_global_impure_ptr)
/Users/jiacheng/.platformio/packages/toolchain-gccarmnoneeabi/bin/../lib/gcc/arm-none-eabi/7.2.1/../../../../arm-none-eabi/lib/thumb/v7e-m/libc_nano.a(lib_a-init.o)
                              /Users/jiacheng/.platformio/packages/toolchain-gccarmnoneeabi/bin/../lib/gcc/arm-none-eabi/7.2.1/../../../../arm-none-eabi/lib/thumb/v7e-m/crt0.o (__libc_init_array)
/Users/jiacheng/.platformio/packages/toolchain-gccarmnoneeabi/bin/../lib/gcc/arm-none-eabi/7.2.1/../../../../arm-none-eabi/lib/thumb/v7e-m/libc_nano.a(lib_a-memset.o)
                              /Users/jiacheng/.platformio/packages/toolchain-gccarmnoneeabi/bin/../lib/gcc/arm-none-eabi/7.2.1/../../../../arm-none-eabi/lib/thumb/v7e-m/crt0.o (memset)
/Users/jiacheng/.platformio/packages/toolchain-gccarmnoneeabi/bin/../lib/gcc/arm-none-eabi/7.2.1/../../../../arm-none-eabi/lib/thumb/v7e-m/libc_nano.a(lib_a-printf.o)
                              .pio/build/nucleo_l432kc/src/mpu.o (printf)
/Users/jiacheng/.platformio/packages/toolchain-gccarmnoneeabi/bin/../lib/gcc/arm-none-eabi/7.2.1/../../../../arm-none-eabi/lib/thumb/v7e-m/libc_nano.a(lib_a-findfp.o)
                              /Users/jiacheng/.platformio/packages/toolchain-gccarmnoneeabi/bin/../lib/gcc/arm-none-eabi/7.2.1/../../../../arm-none-eabi/lib/thumb/v7e-m/libc_nano.a(lib_a-printf.o) (__sinit)
/Users/jiacheng/.platformio/packages/toolchain-gccarmnoneeabi/bin/../lib/gcc/arm-none-eabi/7.2.1/../../../../arm-none-eabi/lib/thumb/v7e-m/libc_nano.a(lib_a-fwalk.o)
                              /Users/jiacheng/.platformio/packages/toolchain-gccarmnoneeabi/bin/../lib/gcc/arm-none-eabi/7.2.1/../../../../arm-none-eabi/lib/thumb/v7e-m/libc_nano.a(lib_a-findfp.o) (_fwalk)
/Users/jiacheng/.platformio/packages/toolchain-gccarmnoneeabi/bin/../lib/gcc/arm-none-eabi/7.2.1/../../../../arm-none-eabi/lib/thumb/v7e-m/libc_nano.a(lib_a-nano-mallocr.o)
                              /Users/jiacheng/.platformio/packages/toolchain-gccarmnoneeabi/bin/../lib/gcc/arm-none-eabi/7.2.1/../../../../arm-none-eabi/lib/thumb/v7e-m/libc_nano.a(lib_a-findfp.o) (_malloc_r)
/Users/jiacheng/.platformio/packages/toolchain-gccarmnoneeabi/bin/../lib/gcc/arm-none-eabi/7.2.1/../../../../arm-none-eabi/lib/thumb/v7e-m/libc_nano.a(lib_a-nano-vfprintf.o)
                              /Users/jiacheng/.platformio/packages/toolchain-gccarmnoneeabi/bin/../lib/gcc/arm-none-eabi/7.2.1/../../../../arm-none-eabi/lib/thumb/v7e-m/libc_nano.a(lib_a-printf.o) (_vfprintf_r)
/Users/jiacheng/.platformio/packages/toolchain-gccarmnoneeabi/bin/../lib/gcc/arm-none-eabi/7.2.1/../../../../arm-none-eabi/lib/thumb/v7e-m/libc_nano.a(lib_a-nano-vfprintf_i.o)
                              /Users/jiacheng/.platformio/packages/toolchain-gccarmnoneeabi/bin/../lib/gcc/arm-none-eabi/7.2.1/../../../../arm-none-eabi/lib/thumb/v7e-m/libc_nano.a(lib_a-nano-vfprintf.o) (_printf_i)
/Users/jiacheng/.platformio/packages/toolchain-gccarmnoneeabi/bin/../lib/gcc/arm-none-eabi/7.2.1/../../../../arm-none-eabi/lib/thumb/v7e-m/libc_nano.a(lib_a-sbrkr.o)
                              /Users/jiacheng/.platformio/packages/toolchain-gccarmnoneeabi/bin/../lib/gcc/arm-none-eabi/7.2.1/../../../../arm-none-eabi/lib/thumb/v7e-m/libc_nano.a(lib_a-nano-mallocr.o) (_sbrk_r)
/Users/jiacheng/.platformio/packages/toolchain-gccarmnoneeabi/bin/../lib/gcc/arm-none-eabi/7.2.1/../../../../arm-none-eabi/lib/thumb/v7e-m/libc_nano.a(lib_a-stdio.o)
                              /Users/jiacheng/.platformio/packages/toolchain-gccarmnoneeabi/bin/../lib/gcc/arm-none-eabi/7.2.1/../../../../arm-none-eabi/lib/thumb/v7e-m/libc_nano.a(lib_a-findfp.o) (__sread)
/Users/jiacheng/.platformio/packages/toolchain-gccarmnoneeabi/bin/../lib/gcc/arm-none-eabi/7.2.1/../../../../arm-none-eabi/lib/thumb/v7e-m/libc_nano.a(lib_a-wbuf.o)
                              /Users/jiacheng/.platformio/packages/toolchain-gccarmnoneeabi/bin/../lib/gcc/arm-none-eabi/7.2.1/../../../../arm-none-eabi/lib/thumb/v7e-m/libc_nano.a(lib_a-nano-vfprintf.o) (__swbuf_r)
/Users/jiacheng/.platformio/packages/toolchain-gccarmnoneeabi/bin/../lib/gcc/arm-none-eabi/7.2.1/../../../../arm-none-eabi/lib/thumb/v7e-m/libc_nano.a(lib_a-writer.o)
[...]
Memory Configuration

Name             Origin             Length             Attributes
RAM              0x0000000020000000 0x000000000000c000 xrw
RAM2             0x0000000010000000 0x0000000000004000 xrw
FLASH            0x0000000008000000 0x0000000000040000 xr
*default*        0x0000000000000000 0xffffffffffffffff

Linker script and memory map

LOAD /Users/jiacheng/.platformio/packages/toolchain-gccarmnoneeabi/bin/../lib/gcc/arm-none-eabi/7.2.1/thumb/v7e-m/crti.o
LOAD /Users/jiacheng/.platformio/packages/toolchain-gccarmnoneeabi/bin/../lib/gcc/arm-none-eabi/7.2.1/thumb/v7e-m/crtbegin.o
LOAD /Users/jiacheng/.platformio/packages/toolchain-gccarmnoneeabi/bin/../lib/gcc/arm-none-eabi/7.2.1/../../../../arm-none-eabi/lib/thumb/v7e-m/crt0.o
LOAD .pio/build/nucleo_l432kc/FrameworkCMSIS/gcc/startup_stm32l432xx.o
LOAD .pio/build/nucleo_l432kc/FrameworkCMSIS/system_stm32l4xx.o
LOAD .pio/build/nucleo_l432kc/src/SysTick_Timer.o
LOAD .pio/build/nucleo_l432kc/src/gpio.o
LOAD .pio/build/nucleo_l432kc/src/i2c.o
LOAD .pio/build/nucleo_l432kc/src/main.o
LOAD .pio/build/nucleo_l432kc/src/mpu.o
LOAD .pio/build/nucleo_l432kc/src/uart.o
START GROUP
LOAD /Users/jiacheng/.platformio/packages/toolchain-gccarmnoneeabi/bin/../lib/gcc/arm-none-eabi/7.2.1/../../../../arm-none-eabi/lib/thumb/v7e-m/libc_nano.a
LOAD /Users/jiacheng/.platformio/packages/toolchain-gccarmnoneeabi/bin/../lib/gcc/arm-none-eabi/7.2.1/thumb/v7e-m/libgcc.a
LOAD /Users/jiacheng/.platformio/packages/toolchain-gccarmnoneeabi/bin/../lib/gcc/arm-none-eabi/7.2.1/../../../../arm-none-eabi/lib/thumb/v7e-m/libm.a
LOAD /Users/jiacheng/.platformio/packages/toolchain-gccarmnoneeabi/bin/../lib/gcc/arm-none-eabi/7.2.1/../../../../arm-none-eabi/lib/thumb/v7e-m/libstdc++_nano.a
END GROUP
START GROUP
LOAD /Users/jiacheng/.platformio/packages/toolchain-gccarmnoneeabi/bin/../lib/gcc/arm-none-eabi/7.2.1/thumb/v7e-m/libgcc.a
LOAD /Users/jiacheng/.platformio/packages/toolchain-gccarmnoneeabi/bin/../lib/gcc/arm-none-eabi/7.2.1/../../../../arm-none-eabi/lib/thumb/v7e-m/libc_nano.a
END GROUP
START GROUP
LOAD /Users/jiacheng/.platformio/packages/toolchain-gccarmnoneeabi/bin/../lib/gcc/arm-none-eabi/7.2.1/thumb/v7e-m/libgcc.a
LOAD /Users/jiacheng/.platformio/packages/toolchain-gccarmnoneeabi/bin/../lib/gcc/arm-none-eabi/7.2.1/../../../../arm-none-eabi/lib/thumb/v7e-m/libc_nano.a
LOAD /Users/jiacheng/.platformio/packages/toolchain-gccarmnoneeabi/bin/../lib/gcc/arm-none-eabi/7.2.1/../../../../arm-none-eabi/lib/thumb/v7e-m/libnosys.a
END GROUP
START GROUP
LOAD /Users/jiacheng/.platformio/packages/toolchain-gccarmnoneeabi/bin/../lib/gcc/arm-none-eabi/7.2.1/thumb/v7e-m/libgcc.a
LOAD /Users/jiacheng/.platformio/packages/toolchain-gccarmnoneeabi/bin/../lib/gcc/arm-none-eabi/7.2.1/../../../../arm-none-eabi/lib/thumb/v7e-m/libc_nano.a
LOAD /Users/jiacheng/.platformio/packages/toolchain-gccarmnoneeabi/bin/../lib/gcc/arm-none-eabi/7.2.1/../../../../arm-none-eabi/lib/thumb/v7e-m/libnosys.a
END GROUP
LOAD /Users/jiacheng/.platformio/packages/toolchain-gccarmnoneeabi/bin/../lib/gcc/arm-none-eabi/7.2.1/thumb/v7e-m/crtend.o
LOAD /Users/jiacheng/.platformio/packages/toolchain-gccarmnoneeabi/bin/../lib/gcc/arm-none-eabi/7.2.1/thumb/v7e-m/crtn.o
                0x000000002000c000                _estack = (ORIGIN (RAM) + LENGTH (RAM))
                0x0000000000000200                _Min_Heap_Size = 0x200
                0x0000000000000400                _Min_Stack_Size = 0x400

.isr_vector     0x0000000008000000      0x18c
                0x0000000008000000                . = ALIGN (0x4)
 *(.isr_vector)
 .isr_vector    0x0000000008000000      0x18c .pio/build/nucleo_l432kc/FrameworkCMSIS/gcc/startup_stm32l432xx.o
                0x0000000008000000                g_pfnVectors
                0x000000000800018c                . = ALIGN (0x4)

.text           0x0000000008000190     0x1f24
                0x0000000008000190                . = ALIGN (0x4)
 *(.text)
 .text          0x0000000008000190       0x40 /Users/jiacheng/.platformio/packages/toolchain-gccarmnoneeabi/bin/../lib/gcc/arm-none-eabi/7.2.1/thumb/v7e-m/crtbegin.o
 .text          0x00000000080001d0       0xa0 /Users/jiacheng/.platformio/packages/toolchain-gccarmnoneeabi/bin/../lib/gcc/arm-none-eabi/7.2.1/../../../../arm-none-eabi/lib/thumb/v7e-m/libc_nano.a(lib_a-memchr.o)
                0x00000000080001d0                memchr
 .text          0x0000000008000270      0x21c /Users/jiacheng/.platformio/packages/toolchain-gccarmnoneeabi/bin/../lib/gcc/arm-none-eabi/7.2.1/thumb/v7e-m/libgcc.a(_arm_addsubsf3.o)
                0x0000000008000270                __aeabi_frsub
                0x0000000008000278                __aeabi_fsub
                0x0000000008000278                __subsf3
                0x000000000800027c                __aeabi_fadd
                0x000000000800027c                __addsf3
                0x00000000080003dc                __aeabi_ui2f
                0x00000000080003dc                __floatunsisf
                0x00000000080003e4                __floatsisf
                0x00000000080003e4                __aeabi_i2f
                0x0000000008000400                __aeabi_ul2f
                0x0000000008000400                __floatundisf
                0x0000000008000410                __aeabi_l2f
                0x0000000008000410                __floatdisf
 .text          0x000000000800048c      0x2a0 /Users/jiacheng/.platformio/packages/toolchain-gccarmnoneeabi/bin/../lib/gcc/arm-none-eabi/7.2.1/thumb/v7e-m/libgcc.a(_arm_muldivsf3.o)
                0x000000000800048c                __mulsf3
                0x000000000800048c                __aeabi_fmul
                0x00000000080005f4                __divsf3
                0x00000000080005f4                __aeabi_fdiv
 .text          0x000000000800072c       0x4c /Users/jiacheng/.platformio/packages/toolchain-gccarmnoneeabi/bin/../lib/gcc/arm-none-eabi/7.2.1/thumb/v7e-m/libgcc.a(_arm_fixsfsi.o)
                0x000000000800072c                __fixsfsi
                0x000000000800072c                __aeabi_f2iz
 .text          0x0000000008000778       0xec /Users/jiacheng/.platformio/packages/toolchain-gccarmnoneeabi/bin/../lib/gcc/arm-none-eabi/7.2.1/thumb/v7e-m/libgcc.a(_arm_cmpsf2.o)
                0x0000000008000778                __gesf2
                0x0000000008000778                __gtsf2
                0x0000000008000780                __ltsf2
                0x0000000008000780                __lesf2
                0x0000000008000788                __nesf2
                0x0000000008000788                __eqsf2
                0x0000000008000788                __cmpsf2
                0x00000000080007e8                __aeabi_cfrcmple
                0x00000000080007f0                __aeabi_cfcmpeq
                0x00000000080007f0                __aeabi_cfcmple
                0x0000000008000800                __aeabi_fcmpeq
                0x0000000008000814                __aeabi_fcmplt
                0x0000000008000828                __aeabi_fcmple
                0x000000000800083c                __aeabi_fcmpge
                0x0000000008000850                __aeabi_fcmpgt
 *(.text*)
 .text.Reset_Handler
                0x0000000008000864       0x50 .pio/build/nucleo_l432kc/FrameworkCMSIS/gcc/startup_stm32l432xx.o
                0x0000000008000864                Reset_Handler
 .text.Default_Handler
                0x00000000080008b4        0x2 .pio/build/nucleo_l432kc/FrameworkCMSIS/gcc/startup_stm32l432xx.o
                0x00000000080008b4                TIM1_BRK_TIM15_IRQHandler
                0x00000000080008b4                EXTI2_IRQHandler
                0x00000000080008b4                DebugMon_Handler
                0x00000000080008b4                TIM1_CC_IRQHandler
                0x00000000080008b4                TSC_IRQHandler
                0x00000000080008b4                HardFault_Handler
                0x00000000080008b4                TAMP_STAMP_IRQHandler
                0x00000000080008b4                PendSV_Handler
                0x00000000080008b4                NMI_Handler
                0x00000000080008b4                EXTI3_IRQHandler
                0x00000000080008b4                LPTIM2_IRQHandler
                0x00000000080008b4                I2C3_ER_IRQHandler
                0x00000000080008b4                EXTI0_IRQHandler
                0x00000000080008b4                CAN1_RX0_IRQHandler
                0x00000000080008b4                FPU_IRQHandler
                0x00000000080008b4                TIM1_UP_TIM16_IRQHandler
                0x00000000080008b4                UsageFault_Handler
                0x00000000080008b4                SPI1_IRQHandler
                0x00000000080008b4                TIM6_DAC_IRQHandler
                0x00000000080008b4                DMA2_Channel2_IRQHandler
                0x00000000080008b4                DMA1_Channel4_IRQHandler
                0x00000000080008b4                ADC1_IRQHandler
                0x00000000080008b4                DMA1_Channel7_IRQHandler
                0x00000000080008b4                CAN1_RX1_IRQHandler
                0x00000000080008b4                DMA2_Channel1_IRQHandler
                0x00000000080008b4                QUADSPI_IRQHandler
                0x00000000080008b4                I2C1_EV_IRQHandler
                0x00000000080008b4                DMA1_Channel6_IRQHandler
                0x00000000080008b4                DMA2_Channel4_IRQHandler
                0x00000000080008b4                RCC_IRQHandler
                0x00000000080008b4                TIM1_TRG_COM_IRQHandler
                0x00000000080008b4                DMA1_Channel1_IRQHandler
                0x00000000080008b4                Default_Handler
                0x00000000080008b4                DMA2_Channel7_IRQHandler
                0x00000000080008b4                EXTI15_10_IRQHandler
                0x00000000080008b4                TIM7_IRQHandler
                0x00000000080008b4                I2C3_EV_IRQHandler
                0x00000000080008b4                USB_IRQHandler
                0x00000000080008b4                EXTI9_5_IRQHandler
                0x00000000080008b4                RTC_WKUP_IRQHandler
                0x00000000080008b4                PVD_PVM_IRQHandler
                0x00000000080008b4                MemManage_Handler
                0x00000000080008b4                CAN1_TX_IRQHandler
                0x00000000080008b4                SVC_Handler
                0x00000000080008b4                DMA2_Channel5_IRQHandler
                0x00000000080008b4                CRS_IRQHandler
                0x00000000080008b4                DMA1_Channel5_IRQHandler
                0x00000000080008b4                EXTI4_IRQHandler
                0x00000000080008b4                RNG_IRQHandler
                0x00000000080008b4                DMA1_Channel3_IRQHandler
                0x00000000080008b4                COMP_IRQHandler
                0x00000000080008b4                WWDG_IRQHandler
                0x00000000080008b4                LPUART1_IRQHandler
                0x00000000080008b4                DMA2_Channel6_IRQHandler
                0x00000000080008b4                TIM2_IRQHandler
                0x00000000080008b4                EXTI1_IRQHandler
                0x00000000080008b4                USART2_IRQHandler
                0x00000000080008b4                DMA1_Channel2_IRQHandler
                0x00000000080008b4                CAN1_SCE_IRQHandler
                0x00000000080008b4                FLASH_IRQHandler
                0x00000000080008b4                BusFault_Handler
                0x00000000080008b4                USART1_IRQHandler
                0x00000000080008b4                SPI3_IRQHandler
                0x00000000080008b4                I2C1_ER_IRQHandler
                0x00000000080008b4                SWPMI1_IRQHandler
                0x00000000080008b4                LPTIM1_IRQHandler
                0x00000000080008b4                SAI1_IRQHandler
                0x00000000080008b4                DMA2_Channel3_IRQHandler
                0x00000000080008b4                RTC_Alarm_IRQHandler
 .text.SystemInit
                0x00000000080008b6        0x2 .pio/build/nucleo_l432kc/FrameworkCMSIS/system_stm32l4xx.o
                0x00000000080008b6                SystemInit
 .text.SysTick_initialize
                0x00000000080008b8       0x38 .pio/build/nucleo_l432kc/src/SysTick_Timer.o
                0x00000000080008b8                SysTick_initialize
 .text.SysTick_Handler
                0x00000000080008f0       0x10 .pio/build/nucleo_l432kc/src/SysTick_Timer.o
                0x00000000080008f0                SysTick_Handler
 .text.delay_ms
                0x0000000008000900       0x18 .pio/build/nucleo_l432kc/src/SysTick_Timer.o
                0x0000000008000900                delay_ms
 .text.gpio_enable_port
                0x0000000008000918       0x34 .pio/build/nucleo_l432kc/src/gpio.o
 .text.gpio_config_alternate_function
                0x000000000800094c       0x58 .pio/build/nucleo_l432kc/src/gpio.o
                0x000000000800094c                gpio_config_alternate_function
 .text.gpio_config_pullup
                0x00000000080009a4       0x38 .pio/build/nucleo_l432kc/src/gpio.o
                0x00000000080009a4                gpio_config_pullup
 .text.gpio_config_otype
                0x00000000080009dc       0x38 .pio/build/nucleo_l432kc/src/gpio.o
                0x00000000080009dc                gpio_config_otype
 .text.i2c_init
                0x0000000008000a14       0xe0 .pio/build/nucleo_l432kc/src/i2c.o
                0x0000000008000a14                i2c_init
 .text.i2c_write
                0x0000000008000af4       0x48 .pio/build/nucleo_l432kc/src/i2c.o
                0x0000000008000af4                i2c_write
 .text.i2c_read
                0x0000000008000b3c       0x40 .pio/build/nucleo_l432kc/src/i2c.o
                0x0000000008000b3c                i2c_read
 .text.complementary_update
                0x0000000008000b7c       0x32 .pio/build/nucleo_l432kc/src/main.o
                0x0000000008000b7c                complementary_update
 *fill*         0x0000000008000bae        0x2 
 .text.startup.main
                0x0000000008000bb0       0x88 .pio/build/nucleo_l432kc/src/main.o
                0x0000000008000bb0                main
 .text.mpu_init
                0x0000000008000c38       0x3c .pio/build/nucleo_l432kc/src/mpu.o
                0x0000000008000c38                mpu_init
 .text.gyro_read
                0x0000000008000c74       0x4c .pio/build/nucleo_l432kc/src/mpu.o
                0x0000000008000c74                gyro_read
 .text.accel_read
                0x0000000008000cc0       0x7c .pio/build/nucleo_l432kc/src/mpu.o
                0x0000000008000cc0                accel_read
 .text.gyro_rate_dps
                0x0000000008000d3c       0x18 .pio/build/nucleo_l432kc/src/mpu.o
                0x0000000008000d3c                gyro_rate_dps
 .text.accel_angle_deg
                0x0000000008000d54       0x48 .pio/build/nucleo_l432kc/src/mpu.o
                0x0000000008000d54                accel_angle_deg
 .text.print_data_usart
                0x0000000008000d9c       0x68 .pio/build/nucleo_l432kc/src/mpu.o
                0x0000000008000d9c                print_data_usart
 .text.host_serial_init
                0x0000000008000e04       0x94 .pio/build/nucleo_l432kc/src/uart.o
                0x0000000008000e04                host_serial_init
 .text.serial_write
                0x0000000008000e98       0x24 .pio/build/nucleo_l432kc/src/uart.o
                0x0000000008000e98                serial_write
 .text._write   0x0000000008000ebc       0x14 .pio/build/nucleo_l432kc/src/uart.o
                0x0000000008000ebc                _write
 .text.__libc_init_array
                0x0000000008000ed0       0x48 /Users/jiacheng/.platformio/packages/toolchain-gccarmnoneeabi/bin/../lib/gcc/arm-none-eabi/7.2.1/../../../../arm-none-eabi/lib/thumb/v7e-m/libc_nano.a(lib_a-init.o)
                0x0000000008000ed0                __libc_init_array
 .text.memset   0x0000000008000f18       0x10 /Users/jiacheng/.platformio/packages/toolchain-gccarmnoneeabi/bin/../lib/gcc/arm-none-eabi/7.2.1/../../../../arm-none-eabi/lib/thumb/v7e-m/libc_nano.a(lib_a-memset.o)
                0x0000000008000f18                memset
 .text.printf   0x0000000008000f28       0x30 /Users/jiacheng/.platformio/packages/toolchain-gccarmnoneeabi/bin/../lib/gcc/arm-none-eabi/7.2.1/../../../../arm-none-eabi/lib/thumb/v7e-m/libc_nano.a(lib_a-printf.o)
                0x0000000008000f28                printf
                0x0000000008000f28                iprintf
 .text.std      0x0000000008000f58       0x48 /Users/jiacheng/.platformio/packages/toolchain-gccarmnoneeabi/bin/../lib/gcc/arm-none-eabi/7.2.1/../../../../arm-none-eabi/lib/thumb/v7e-m/libc_nano.a(lib_a-findfp.o)
 .text._cleanup_r
                0x0000000008000fa0        0xc /Users/jiacheng/.platformio/packages/toolchain-gccarmnoneeabi/bin/../lib/gcc/arm-none-eabi/7.2.1/../../../../arm-none-eabi/lib/thumb/v7e-m/libc_nano.a(lib_a-findfp.o)
                0x0000000008000fa0                _cleanup_r
 .text.__sfmoreglue
                0x0000000008000fac       0x2c /Users/jiacheng/.platformio/packages/toolchain-gccarmnoneeabi/bin/../lib/gcc/arm-none-eabi/7.2.1/../../../../arm-none-eabi/lib/thumb/v7e-m/libc_nano.a(lib_a-findfp.o)
                0x0000000008000fac                __sfmoreglue
 .text.__sinit  0x0000000008000fd8       0x60 /Users/jiacheng/.platformio/packages/toolchain-gccarmnoneeabi/bin/../lib/gcc/arm-none-eabi/7.2.1/../../../../arm-none-eabi/lib/thumb/v7e-m/libc_nano.a(lib_a-findfp.o)
                0x0000000008000fd8                __sinit
 .text.__sfp    0x0000000008001038       0x78 /Users/jiacheng/.platformio/packages/toolchain-gccarmnoneeabi/bin/../lib/gcc/arm-none-eabi/7.2.1/../../../../arm-none-eabi/lib/thumb/v7e-m/libc_nano.a(lib_a-findfp.o)
                0x0000000008001038                __sfp
 .text._fwalk_reent
                0x00000000080010b0       0x3c /Users/jiacheng/.platformio/packages/toolchain-gccarmnoneeabi/bin/../lib/gcc/arm-none-eabi/7.2.1/../../../../arm-none-eabi/lib/thumb/v7e-m/libc_nano.a(lib_a-fwalk.o)
                0x00000000080010b0                _fwalk_reent
 .text._malloc_r
                0x00000000080010ec       0xb4 /Users/jiacheng/.platformio/packages/toolchain-gccarmnoneeabi/bin/../lib/gcc/arm-none-eabi/7.2.1/../../../../arm-none-eabi/lib/thumb/v7e-m/libc_nano.a(lib_a-nano-mallocr.o)
                0x00000000080010ec                _malloc_r
 .text.__sfputc_r
                0x00000000080011a0       0x2a /Users/jiacheng/.platformio/packages/toolchain-gccarmnoneeabi/bin/../lib/gcc/arm-none-eabi/7.2.1/../../../../arm-none-eabi/lib/thumb/v7e-m/libc_nano.a(lib_a-nano-vfprintf.o)
 .text.__sfputs_r
                0x00000000080011ca       0x24 /Users/jiacheng/.platformio/packages/toolchain-gccarmnoneeabi/bin/../lib/gcc/arm-none-eabi/7.2.1/../../../../arm-none-eabi/lib/thumb/v7e-m/libc_nano.a(lib_a-nano-vfprintf.o)
                0x00000000080011ca                __sfputs_r
 *fill*         0x00000000080011ee        0x2 
 .text._vfprintf_r
                0x00000000080011f0      0x228 /Users/jiacheng/.platformio/packages/toolchain-gccarmnoneeabi/bin/../lib/gcc/arm-none-eabi/7.2.1/../../../../arm-none-eabi/lib/thumb/v7e-m/libc_nano.a(lib_a-nano-vfprintf.o)
                0x00000000080011f0                _vfiprintf_r
                0x00000000080011f0                _vfprintf_r
 .text._printf_common
                0x0000000008001418       0xea /Users/jiacheng/.platformio/packages/toolchain-gccarmnoneeabi/bin/../lib/gcc/arm-none-eabi/7.2.1/../../../../arm-none-eabi/lib/thumb/v7e-m/libc_nano.a(lib_a-nano-vfprintf_i.o)
                0x0000000008001418                _printf_common
 *fill*         0x0000000008001502        0x2 
 .text._printf_i
                0x0000000008001504      0x224 /Users/jiacheng/.platformio/packages/toolchain-gccarmnoneeabi/bin/../lib/gcc/arm-none-eabi/7.2.1/../../../../arm-none-eabi/lib/thumb/v7e-m/libc_nano.a(lib_a-nano-vfprintf_i.o)
                0x0000000008001504                _printf_i
 .text._sbrk_r  0x0000000008001728       0x20 /Users/jiacheng/.platformio/packages/toolchain-gccarmnoneeabi/bin/../lib/gcc/arm-none-eabi/7.2.1/../../../../arm-none-eabi/lib/thumb/v7e-m/libc_nano.a(lib_a-sbrkr.o)
                0x0000000008001728                _sbrk_r
 .text.__sread  0x0000000008001748       0x22 /Users/jiacheng/.platformio/packages/toolchain-gccarmnoneeabi/bin/../lib/gcc/arm-none-eabi/7.2.1/../../../../arm-none-eabi/lib/thumb/v7e-m/libc_nano.a(lib_a-stdio.o)
                0x0000000008001748                __sread
 .text.__swrite
                0x000000000800176a       0x38 /Users/jiacheng/.platformio/packages/toolchain-gccarmnoneeabi/bin/../lib/gcc/arm-none-eabi/7.2.1/../../../../arm-none-eabi/lib/thumb/v7e-m/libc_nano.a(lib_a-stdio.o)
                0x000000000800176a                __swrite
 .text.__sseek  0x00000000080017a2       0x24 /Users/jiacheng/.platformio/packages/toolchain-gccarmnoneeabi/bin/../lib/gcc/arm-none-eabi/7.2.1/../../../../arm-none-eabi/lib/thumb/v7e-m/libc_nano.a(lib_a-stdio.o)
                0x00000000080017a2                __sseek
 .text.__sclose
                0x00000000080017c6        0x8 /Users/jiacheng/.platformio/packages/toolchain-gccarmnoneeabi/bin/../lib/gcc/arm-none-eabi/7.2.1/../../../../arm-none-eabi/lib/thumb/v7e-m/libc_nano.a(lib_a-stdio.o)
                0x00000000080017c6                __sclose
 *fill*         0x00000000080017ce        0x2 
 .text.__swbuf_r
                0x00000000080017d0       0xa4 /Users/jiacheng/.platformio/packages/toolchain-gccarmnoneeabi/bin/../lib/gcc/arm-none-eabi/7.2.1/../../../../arm-none-eabi/lib/thumb/v7e-m/libc_nano.a(lib_a-wbuf.o)
                0x00000000080017d0                __swbuf_r
 .text._write_r
                0x0000000008001874       0x24 /Users/jiacheng/.platformio/packages/toolchain-gccarmnoneeabi/bin/../lib/gcc/arm-none-eabi/7.2.1/../../../../arm-none-eabi/lib/thumb/v7e-m/libc_nano.a(lib_a-writer.o)
                0x0000000008001874                _write_r
 .text.__swsetup_r
                0x0000000008001898       0xdc /Users/jiacheng/.platformio/packages/toolchain-gccarmnoneeabi/bin/../lib/gcc/arm-none-eabi/7.2.1/../../../../arm-none-eabi/lib/thumb/v7e-m/libc_nano.a(lib_a-wsetup.o)
                0x0000000008001898                __swsetup_r
 .text._close_r
                0x0000000008001974       0x20 /Users/jiacheng/.platformio/packages/toolchain-gccarmnoneeabi/bin/../lib/gcc/arm-none-eabi/7.2.1/../../../../arm-none-eabi/lib/thumb/v7e-m/libc_nano.a(lib_a-closer.o)
                0x0000000008001974                _close_r
 .text.__sflush_r
                0x0000000008001994      0x10c /Users/jiacheng/.platformio/packages/toolchain-gccarmnoneeabi/bin/../lib/gcc/arm-none-eabi/7.2.1/../../../../arm-none-eabi/lib/thumb/v7e-m/libc_nano.a(lib_a-fflush.o)
                0x0000000008001994                __sflush_r
 .text._fflush_r
                0x0000000008001aa0       0x54 /Users/jiacheng/.platformio/packages/toolchain-gccarmnoneeabi/bin/../lib/gcc/arm-none-eabi/7.2.1/../../../../arm-none-eabi/lib/thumb/v7e-m/libc_nano.a(lib_a-fflush.o)
                0x0000000008001aa0                _fflush_r
 .text._lseek_r
                0x0000000008001af4       0x24 /Users/jiacheng/.platformio/packages/toolchain-gccarmnoneeabi/bin/../lib/gcc/arm-none-eabi/7.2.1/../../../../arm-none-eabi/lib/thumb/v7e-m/libc_nano.a(lib_a-lseekr.o)
                0x0000000008001af4                _lseek_r
 .text.__swhatbuf_r
                0x0000000008001b18       0x48 /Users/jiacheng/.platformio/packages/toolchain-gccarmnoneeabi/bin/../lib/gcc/arm-none-eabi/7.2.1/../../../../arm-none-eabi/lib/thumb/v7e-m/libc_nano.a(lib_a-makebuf.o)
                0x0000000008001b18                __swhatbuf_r
 .text.__smakebuf_r
                0x0000000008001b60       0x80 /Users/jiacheng/.platformio/packages/toolchain-gccarmnoneeabi/bin/../lib/gcc/arm-none-eabi/7.2.1/../../../../arm-none-eabi/lib/thumb/v7e-m/libc_nano.a(lib_a-makebuf.o)
                0x0000000008001b60                __smakebuf_r
 .text.__malloc_lock
                0x0000000008001be0        0x2 /Users/jiacheng/.platformio/packages/toolchain-gccarmnoneeabi/bin/../lib/gcc/arm-none-eabi/7.2.1/../../../../arm-none-eabi/lib/thumb/v7e-m/libc_nano.a(lib_a-mlock.o)
                0x0000000008001be0                __malloc_lock
 .text.__malloc_unlock
                0x0000000008001be2        0x2 /Users/jiacheng/.platformio/packages/toolchain-gccarmnoneeabi/bin/../lib/gcc/arm-none-eabi/7.2.1/../../../../arm-none-eabi/lib/thumb/v7e-m/libc_nano.a(lib_a-mlock.o)
                0x0000000008001be2                __malloc_unlock
 .text._free_r  0x0000000008001be4       0x9c /Users/jiacheng/.platformio/packages/toolchain-gccarmnoneeabi/bin/../lib/gcc/arm-none-eabi/7.2.1/../../../../arm-none-eabi/lib/thumb/v7e-m/libc_nano.a(lib_a-nano-freer.o)
                0x0000000008001be4                _free_r
 .text._read_r  0x0000000008001c80       0x24 /Users/jiacheng/.platformio/packages/toolchain-gccarmnoneeabi/bin/../lib/gcc/arm-none-eabi/7.2.1/../../../../arm-none-eabi/lib/thumb/v7e-m/libc_nano.a(lib_a-readr.o)
                0x0000000008001c80                _read_r
 .text._fstat_r
                0x0000000008001ca4       0x24 /Users/jiacheng/.platformio/packages/toolchain-gccarmnoneeabi/bin/../lib/gcc/arm-none-eabi/7.2.1/../../../../arm-none-eabi/lib/thumb/v7e-m/libc_nano.a(lib_a-fstatr.o)
                0x0000000008001ca4                _fstat_r
 .text._isatty_r
                0x0000000008001cc8       0x20 /Users/jiacheng/.platformio/packages/toolchain-gccarmnoneeabi/bin/../lib/gcc/arm-none-eabi/7.2.1/../../../../arm-none-eabi/lib/thumb/v7e-m/libc_nano.a(lib_a-isattyr.o)
                0x0000000008001cc8                _isatty_r
 .text.atan2f   0x0000000008001ce8        0x4 /Users/jiacheng/.platformio/packages/toolchain-gccarmnoneeabi/bin/../lib/gcc/arm-none-eabi/7.2.1/../../../../arm-none-eabi/lib/thumb/v7e-m/libm.a(lib_a-wf_atan2.o)
                0x0000000008001ce8                atan2f
 .text.__ieee754_atan2f
                0x0000000008001cec      0x120 /Users/jiacheng/.platformio/packages/toolchain-gccarmnoneeabi/bin/../lib/gcc/arm-none-eabi/7.2.1/../../../../arm-none-eabi/lib/thumb/v7e-m/libm.a(lib_a-ef_atan2.o)
                0x0000000008001cec                __ieee754_atan2f
 .text.atanf    0x0000000008001e0c      0x21c /Users/jiacheng/.platformio/packages/toolchain-gccarmnoneeabi/bin/../lib/gcc/arm-none-eabi/7.2.1/../../../../arm-none-eabi/lib/thumb/v7e-m/libm.a(lib_a-sf_atan.o)
                0x0000000008001e0c                atanf
 .text.fabsf    0x0000000008002028        0x8 /Users/jiacheng/.platformio/packages/toolchain-gccarmnoneeabi/bin/../lib/gcc/arm-none-eabi/7.2.1/../../../../arm-none-eabi/lib/thumb/v7e-m/libm.a(lib_a-sf_fabs.o)
                0x0000000008002028                fabsf
 .text._close   0x0000000008002030       0x10 /Users/jiacheng/.platformio/packages/toolchain-gccarmnoneeabi/bin/../lib/gcc/arm-none-eabi/7.2.1/../../../../arm-none-eabi/lib/thumb/v7e-m/libnosys.a(close.o)
                0x0000000008002030                _close
 .text._fstat   0x0000000008002040       0x10 /Users/jiacheng/.platformio/packages/toolchain-gccarmnoneeabi/bin/../lib/gcc/arm-none-eabi/7.2.1/../../../../arm-none-eabi/lib/thumb/v7e-m/libnosys.a(fstat.o)
                0x0000000008002040                _fstat
 .text._isatty  0x0000000008002050       0x10 /Users/jiacheng/.platformio/packages/toolchain-gccarmnoneeabi/bin/../lib/gcc/arm-none-eabi/7.2.1/../../../../arm-none-eabi/lib/thumb/v7e-m/libnosys.a(isatty.o)
                0x0000000008002050                _isatty
 .text._lseek   0x0000000008002060       0x10 /Users/jiacheng/.platformio/packages/toolchain-gccarmnoneeabi/bin/../lib/gcc/arm-none-eabi/7.2.1/../../../../arm-none-eabi/lib/thumb/v7e-m/libnosys.a(lseek.o)
                0x0000000008002060                _lseek
 .text._read    0x0000000008002070       0x10 /Users/jiacheng/.platformio/packages/toolchain-gccarmnoneeabi/bin/../lib/gcc/arm-none-eabi/7.2.1/../../../../arm-none-eabi/lib/thumb/v7e-m/libnosys.a(read.o)
                0x0000000008002070                _read
 .text._sbrk    0x0000000008002080       0x1c /Users/jiacheng/.platformio/packages/toolchain-gccarmnoneeabi/bin/../lib/gcc/arm-none-eabi/7.2.1/../../../../arm-none-eabi/lib/thumb/v7e-m/libnosys.a(sbrk.o)
                0x0000000008002080                _sbrk
 *(.glue_7)
 .glue_7        0x000000000800209c        0x0 linker stubs
 *(.glue_7t)
 .glue_7t       0x000000000800209c        0x0 linker stubs
 *(.eh_frame)
 .eh_frame      0x000000000800209c        0x0 /Users/jiacheng/.platformio/packages/toolchain-gccarmnoneeabi/bin/../lib/gcc/arm-none-eabi/7.2.1/thumb/v7e-m/crtbegin.o
 *(.init)
 .init          0x000000000800209c        0x4 /Users/jiacheng/.platformio/packages/toolchain-gccarmnoneeabi/bin/../lib/gcc/arm-none-eabi/7.2.1/thumb/v7e-m/crti.o
                0x000000000800209c                _init
 .init          0x00000000080020a0        0x8 /Users/jiacheng/.platformio/packages/toolchain-gccarmnoneeabi/bin/../lib/gcc/arm-none-eabi/7.2.1/thumb/v7e-m/crtn.o
 *(.fini)
 .fini          0x00000000080020a8        0x4 /Users/jiacheng/.platformio/packages/toolchain-gccarmnoneeabi/bin/../lib/gcc/arm-none-eabi/7.2.1/thumb/v7e-m/crti.o
                0x00000000080020a8                _fini
 .fini          0x00000000080020ac        0x8 /Users/jiacheng/.platformio/packages/toolchain-gccarmnoneeabi/bin/../lib/gcc/arm-none-eabi/7.2.1/thumb/v7e-m/crtn.o
                0x00000000080020b4                . = ALIGN (0x4)
                0x00000000080020b4                _etext = .

.vfp11_veneer   0x00000000080020b4        0x0
 .vfp11_veneer  0x00000000080020b4        0x0 linker stubs

.v4_bx          0x00000000080020b4        0x0
 .v4_bx         0x00000000080020b4        0x0 linker stubs

.iplt           0x00000000080020b4        0x0
 .iplt          0x00000000080020b4        0x0 /Users/jiacheng/.platformio/packages/toolchain-gccarmnoneeabi/bin/../lib/gcc/arm-none-eabi/7.2.1/thumb/v7e-m/crtbegin.o

.rodata         0x00000000080020b4      0x140
                0x00000000080020b4                . = ALIGN (0x4)
 *(.rodata)
 *(.rodata*)
 .rodata.g_GPIO_pin
                0x00000000080020b4       0x17 .pio/build/nucleo_l432kc/src/gpio.o
 *fill*         0x00000000080020cb        0x1 
 .rodata.g_GPIO_port
                0x00000000080020cc       0x5c .pio/build/nucleo_l432kc/src/gpio.o
 .rodata.print_data_usart.str1.1
                0x0000000008002128       0x11 .pio/build/nucleo_l432kc/src/mpu.o
 *fill*         0x0000000008002139        0x3 
 .rodata._global_impure_ptr
                0x000000000800213c        0x4 /Users/jiacheng/.platformio/packages/toolchain-gccarmnoneeabi/bin/../lib/gcc/arm-none-eabi/7.2.1/../../../../arm-none-eabi/lib/thumb/v7e-m/libc_nano.a(lib_a-impure.o)
                0x000000000800213c                _global_impure_ptr
 .rodata.__sf_fake_stderr
                0x0000000008002140       0x20 /Users/jiacheng/.platformio/packages/toolchain-gccarmnoneeabi/bin/../lib/gcc/arm-none-eabi/7.2.1/../../../../arm-none-eabi/lib/thumb/v7e-m/libc_nano.a(lib_a-findfp.o)
                0x0000000008002140                __sf_fake_stderr
 .rodata.__sf_fake_stdin
                0x0000000008002160       0x20 /Users/jiacheng/.platformio/packages/toolchain-gccarmnoneeabi/bin/../lib/gcc/arm-none-eabi/7.2.1/../../../../arm-none-eabi/lib/thumb/v7e-m/libc_nano.a(lib_a-findfp.o)
                0x0000000008002160                __sf_fake_stdin
 .rodata.__sf_fake_stdout
                0x0000000008002180       0x20 /Users/jiacheng/.platformio/packages/toolchain-gccarmnoneeabi/bin/../lib/gcc/arm-none-eabi/7.2.1/../../../../arm-none-eabi/lib/thumb/v7e-m/libc_nano.a(lib_a-findfp.o)
                0x0000000008002180                __sf_fake_stdout
 .rodata._vfprintf_r.str1.1
                0x00000000080021a0       0x11 /Users/jiacheng/.platformio/packages/toolchain-gccarmnoneeabi/bin/../lib/gcc/arm-none-eabi/7.2.1/../../../../arm-none-eabi/lib/thumb/v7e-m/libc_nano.a(lib_a-nano-vfprintf.o)
 .rodata._printf_i.str1.1
                0x00000000080021b1       0x22 /Users/jiacheng/.platformio/packages/toolchain-gccarmnoneeabi/bin/../lib/gcc/arm-none-eabi/7.2.1/../../../../arm-none-eabi/lib/thumb/v7e-m/libc_nano.a(lib_a-nano-vfprintf_i.o)
 *fill*         0x00000000080021d3        0x1 
 .rodata.atanhi
                0x00000000080021d4       0x10 /Users/jiacheng/.platformio/packages/toolchain-gccarmnoneeabi/bin/../lib/gcc/arm-none-eabi/7.2.1/../../../../arm-none-eabi/lib/thumb/v7e-m/libm.a(lib_a-sf_atan.o)
 .rodata.atanlo
                0x00000000080021e4       0x10 /Users/jiacheng/.platformio/packages/toolchain-gccarmnoneeabi/bin/../lib/gcc/arm-none-eabi/7.2.1/../../../../arm-none-eabi/lib/thumb/v7e-m/libm.a(lib_a-sf_atan.o)
                0x00000000080021f4                . = ALIGN (0x4)

.rel.dyn        0x00000000080021f4        0x0
 .rel.iplt      0x00000000080021f4        0x0 /Users/jiacheng/.platformio/packages/toolchain-gccarmnoneeabi/bin/../lib/gcc/arm-none-eabi/7.2.1/thumb/v7e-m/crtbegin.o

.ARM.extab      0x00000000080021f4        0x0
                0x00000000080021f4                . = ALIGN (0x4)
 *(.ARM.extab* .gnu.linkonce.armextab.*)
                0x00000000080021f4                . = ALIGN (0x4)

.ARM            0x00000000080021f4        0x0
                0x00000000080021f4                . = ALIGN (0x4)
                0x00000000080021f4                __exidx_start = .
 *(.ARM.exidx*)
                0x00000000080021f4                __exidx_end = .
                0x00000000080021f4                . = ALIGN (0x4)

.preinit_array  0x00000000080021f4        0x0
                0x00000000080021f4                . = ALIGN (0x4)
                0x00000000080021f4                PROVIDE (__preinit_array_start, .)
 *(.preinit_array*)
                0x00000000080021f4                PROVIDE (__preinit_array_end, .)
                0x00000000080021f4                . = ALIGN (0x4)

.init_array     0x00000000080021f4        0x4
                0x00000000080021f4                . = ALIGN (0x4)
                0x00000000080021f4                PROVIDE (__init_array_start, .)
 *(SORT_BY_NAME(.init_array.*))
 *(.init_array*)
 .init_array    0x00000000080021f4        0x4 /Users/jiacheng/.platformio/packages/toolchain-gccarmnoneeabi/bin/../lib/gcc/arm-none-eabi/7.2.1/thumb/v7e-m/crtbegin.o
                0x00000000080021f8                PROVIDE (__init_array_end, .)
                0x00000000080021f8                . = ALIGN (0x4)

.fini_array     0x00000000080021f8        0x4
                0x00000000080021f8                . = ALIGN (0x4)
                [!provide]                        PROVIDE (__fini_array_start, .)
 *(SORT_BY_NAME(.fini_array.*))
 *(.fini_array*)
 .fini_array    0x00000000080021f8        0x4 /Users/jiacheng/.platformio/packages/toolchain-gccarmnoneeabi/bin/../lib/gcc/arm-none-eabi/7.2.1/thumb/v7e-m/crtbegin.o
                [!provide]                        PROVIDE (__fini_array_end, .)
                0x00000000080021fc                . = ALIGN (0x4)
                0x00000000080021fc                _sidata = LOADADDR (.data)

.data           0x0000000020000000       0x6c load address 0x00000000080021fc
                0x0000000020000000                . = ALIGN (0x4)
                0x0000000020000000                _sdata = .
 *(.data)
 *(.data*)
 .data.SystemCoreClock
                0x0000000020000000        0x4 .pio/build/nucleo_l432kc/FrameworkCMSIS/system_stm32l4xx.o
                0x0000000020000000                SystemCoreClock
 .data.GYRO_BASE_ADDRESS
                0x0000000020000004        0x1 .pio/build/nucleo_l432kc/src/mpu.o
 *fill*         0x0000000020000005        0x3 
 .data._impure_ptr
                0x0000000020000008        0x4 /Users/jiacheng/.platformio/packages/toolchain-gccarmnoneeabi/bin/../lib/gcc/arm-none-eabi/7.2.1/../../../../arm-none-eabi/lib/thumb/v7e-m/libc_nano.a(lib_a-impure.o)
                0x0000000020000008                _impure_ptr
 .data.impure_data
                0x000000002000000c       0x60 /Users/jiacheng/.platformio/packages/toolchain-gccarmnoneeabi/bin/../lib/gcc/arm-none-eabi/7.2.1/../../../../arm-none-eabi/lib/thumb/v7e-m/libc_nano.a(lib_a-impure.o)
 *(.RamFunc)
 *(.RamFunc*)
                0x000000002000006c                . = ALIGN (0x4)
                0x000000002000006c                _edata = .

.igot.plt       0x000000002000006c        0x0 load address 0x0000000008002268
 .igot.plt      0x000000002000006c        0x0 /Users/jiacheng/.platformio/packages/toolchain-gccarmnoneeabi/bin/../lib/gcc/arm-none-eabi/7.2.1/thumb/v7e-m/crtbegin.o
                0x000000002000006c                . = ALIGN (0x4)

.bss            0x000000002000006c       0x48 load address 0x0000000008002268
                0x000000002000006c                _sbss = .
                0x000000002000006c                __bss_start__ = _sbss
 *(.bss)
 .bss           0x000000002000006c       0x1c /Users/jiacheng/.platformio/packages/toolchain-gccarmnoneeabi/bin/../lib/gcc/arm-none-eabi/7.2.1/thumb/v7e-m/crtbegin.o
 *(.bss*)
 .bss.SysTick_Triggered
                0x0000000020000088        0x4 .pio/build/nucleo_l432kc/src/SysTick_Timer.o
                0x0000000020000088                SysTick_Triggered
 .bss.PWM_setpoint
                0x000000002000008c        0x4 .pio/build/nucleo_l432kc/src/main.o
                0x000000002000008c                PWM_setpoint
 .bss.error     0x0000000020000090        0x4 .pio/build/nucleo_l432kc/src/main.o
                0x0000000020000090                error
 .bss.past_error
                0x0000000020000094        0x4 .pio/build/nucleo_l432kc/src/main.o
                0x0000000020000094                past_error
 .bss.gyro_offset
                0x0000000020000098        0xc .pio/build/nucleo_l432kc/src/mpu.o
 .bss.__malloc_free_list
                0x00000000200000a4        0x4 /Users/jiacheng/.platformio/packages/toolchain-gccarmnoneeabi/bin/../lib/gcc/arm-none-eabi/7.2.1/../../../../arm-none-eabi/lib/thumb/v7e-m/libc_nano.a(lib_a-nano-mallocr.o)
                0x00000000200000a4                __malloc_free_list
 .bss.__malloc_sbrk_start
                0x00000000200000a8        0x4 /Users/jiacheng/.platformio/packages/toolchain-gccarmnoneeabi/bin/../lib/gcc/arm-none-eabi/7.2.1/../../../../arm-none-eabi/lib/thumb/v7e-m/libc_nano.a(lib_a-nano-mallocr.o)
                0x00000000200000a8                __malloc_sbrk_start
 .bss.heap_end.4102
                0x00000000200000ac        0x4 /Users/jiacheng/.platformio/packages/toolchain-gccarmnoneeabi/bin/../lib/gcc/arm-none-eabi/7.2.1/../../../../arm-none-eabi/lib/thumb/v7e-m/libnosys.a(sbrk.o)
 *(COMMON)
 COMMON         0x00000000200000b0        0x4 /Users/jiacheng/.platformio/packages/toolchain-gccarmnoneeabi/bin/../lib/gcc/arm-none-eabi/7.2.1/../../../../arm-none-eabi/lib/thumb/v7e-m/libc_nano.a(lib_a-reent.o)
                0x00000000200000b0                errno
                0x00000000200000b4                . = ALIGN (0x4)
                0x00000000200000b4                _ebss = .
                0x00000000200000b4                __bss_end__ = _ebss

._user_heap_stack
                0x00000000200000b4      0x604 load address 0x0000000008002268
                0x00000000200000b8                . = ALIGN (0x8)
 *fill*         0x00000000200000b4        0x4 
                0x00000000200000b8                PROVIDE (end, .)
                [!provide]                        PROVIDE (_end, .)
                0x00000000200002b8                . = (. + _Min_Heap_Size)
 *fill*         0x00000000200000b8      0x200 
                0x00000000200006b8                . = (. + _Min_Stack_Size)
 *fill*         0x00000000200002b8      0x400 
                0x00000000200006b8                . = ALIGN (0x8)

/DISCARD/
 libc.a(*)
 libm.a(*)
 libgcc.a(*)

.ARM.attributes
                0x0000000000000000       0x2a
 *(.ARM.attributes)
 .ARM.attributes
                0x0000000000000000       0x1e /Users/jiacheng/.platformio/packages/toolchain-gccarmnoneeabi/bin/../lib/gcc/arm-none-eabi/7.2.1/thumb/v7e-m/crti.o
 .ARM.attributes
                0x000000000000001e       0x2e /Users/jiacheng/.platformio/packages/toolchain-gccarmnoneeabi/bin/../lib/gcc/arm-none-eabi/7.2.1/thumb/v7e-m/crtbegin.o
 .ARM.attributes
                0x000000000000004c       0x21 .pio/build/nucleo_l432kc/FrameworkCMSIS/gcc/startup_stm32l432xx.o
 .ARM.attributes
                0x000000000000006d       0x33 .pio/build/nucleo_l432kc/FrameworkCMSIS/system_stm32l4xx.o
 .ARM.attributes
                0x00000000000000a0       0x33 .pio/build/nucleo_l432kc/src/SysTick_Timer.o
 .ARM.attributes
                0x00000000000000d3       0x33 .pio/build/nucleo_l432kc/src/gpio.o
 .ARM.attributes
                0x0000000000000106       0x33 .pio/build/nucleo_l432kc/src/i2c.o
 .ARM.attributes
                0x0000000000000139       0x33 .pio/build/nucleo_l432kc/src/main.o
 .ARM.attributes
                0x000000000000016c       0x33 .pio/build/nucleo_l432kc/src/mpu.o
 .ARM.attributes
                0x000000000000019f       0x33 .pio/build/nucleo_l432kc/src/uart.o
 .ARM.attributes
                0x00000000000001d2       0x2e /Users/jiacheng/.platformio/packages/toolchain-gccarmnoneeabi/bin/../lib/gcc/arm-none-eabi/7.2.1/../../../../arm-none-eabi/lib/thumb/v7e-m/libc_nano.a(lib_a-impure.o)
 .ARM.attributes
                0x0000000000000200       0x2e /Users/jiacheng/.platformio/packages/toolchain-gccarmnoneeabi/bin/../lib/gcc/arm-none-eabi/7.2.1/../../../../arm-none-eabi/lib/thumb/v7e-m/libc_nano.a(lib_a-init.o)
 .ARM.attributes
                0x000000000000022e       0x2e /Users/jiacheng/.platformio/packages/toolchain-gccarmnoneeabi/bin/../lib/gcc/arm-none-eabi/7.2.1/../../../../arm-none-eabi/lib/thumb/v7e-m/libc_nano.a(lib_a-memset.o)
 .ARM.attributes
                0x000000000000025c       0x2e /Users/jiacheng/.platformio/packages/toolchain-gccarmnoneeabi/bin/../lib/gcc/arm-none-eabi/7.2.1/../../../../arm-none-eabi/lib/thumb/v7e-m/libc_nano.a(lib_a-printf.o)
 .ARM.attributes
                0x000000000000028a       0x2e /Users/jiacheng/.platformio/packages/toolchain-gccarmnoneeabi/bin/../lib/gcc/arm-none-eabi/7.2.1/../../../../arm-none-eabi/lib/thumb/v7e-m/libc_nano.a(lib_a-findfp.o)
 .ARM.attributes
                0x00000000000002b8       0x2e /Users/jiacheng/.platformio/packages/toolchain-gccarmnoneeabi/bin/../lib/gcc/arm-none-eabi/7.2.1/../../../../arm-none-eabi/lib/thumb/v7e-m/libc_nano.a(lib_a-fwalk.o)
 .ARM.attributes
                0x00000000000002e6       0x2e /Users/jiacheng/.platformio/packages/toolchain-gccarmnoneeabi/bin/../lib/gcc/arm-none-eabi/7.2.1/../../../../arm-none-eabi/lib/thumb/v7e-m/libc_nano.a(lib_a-nano-mallocr.o)
 .ARM.attributes
                0x0000000000000314       0x2e /Users/jiacheng/.platformio/packages/toolchain-gccarmnoneeabi/bin/../lib/gcc/arm-none-eabi/7.2.1/../../../../arm-none-eabi/lib/thumb/v7e-m/libc_nano.a(lib_a-nano-vfprintf.o)
 .ARM.attributes
                0x0000000000000342       0x2e /Users/jiacheng/.platformio/packages/toolchain-gccarmnoneeabi/bin/../lib/gcc/arm-none-eabi/7.2.1/../../../../arm-none-eabi/lib/thumb/v7e-m/libc_nano.a(lib_a-nano-vfprintf_i.o)
 .ARM.attributes
                0x0000000000000370       0x2e /Users/jiacheng/.platformio/packages/toolchain-gccarmnoneeabi/bin/../lib/gcc/arm-none-eabi/7.2.1/../../../../arm-none-eabi/lib/thumb/v7e-m/libc_nano.a(lib_a-sbrkr.o)
 .ARM.attributes
                0x000000000000039e       0x2e /Users/jiacheng/.platformio/packages/toolchain-gccarmnoneeabi/bin/../lib/gcc/arm-none-eabi/7.2.1/../../../../arm-none-eabi/lib/thumb/v7e-m/libc_nano.a(lib_a-stdio.o)
 .ARM.attributes
                0x00000000000003cc       0x2e /Users/jiacheng/.platformio/packages/toolchain-gccarmnoneeabi/bin/../lib/gcc/arm-none-eabi/7.2.1/../../../../arm-none-eabi/lib/thumb/v7e-m/libc_nano.a(lib_a-wbuf.o)
 .ARM.attributes
                0x00000000000003fa       0x2e /Users/jiacheng/.platformio/packages/toolchain-gccarmnoneeabi/bin/../lib/gcc/arm-none-eabi/7.2.1/../../../../arm-none-eabi/lib/thumb/v7e-m/libc_nano.a(lib_a-writer.o)
 .ARM.attributes
                0x0000000000000428       0x2e /Users/jiacheng/.platformio/packages/toolchain-gccarmnoneeabi/bin/../lib/gcc/arm-none-eabi/7.2.1/../../../../arm-none-eabi/lib/thumb/v7e-m/libc_nano.a(lib_a-wsetup.o)
 .ARM.attributes
                0x0000000000000456       0x2e /Users/jiacheng/.platformio/packages/toolchain-gccarmnoneeabi/bin/../lib/gcc/arm-none-eabi/7.2.1/../../../../arm-none-eabi/lib/thumb/v7e-m/libc_nano.a(lib_a-closer.o)
 .ARM.attributes
                0x0000000000000484       0x2e /Users/jiacheng/.platformio/packages/toolchain-gccarmnoneeabi/bin/../lib/gcc/arm-none-eabi/7.2.1/../../../../arm-none-eabi/lib/thumb/v7e-m/libc_nano.a(lib_a-fflush.o)
 .ARM.attributes
                0x00000000000004b2       0x2e /Users/jiacheng/.platformio/packages/toolchain-gccarmnoneeabi/bin/../lib/gcc/arm-none-eabi/7.2.1/../../../../arm-none-eabi/lib/thumb/v7e-m/libc_nano.a(lib_a-lseekr.o)
 .ARM.attributes
                0x00000000000004e0       0x2e /Users/jiacheng/.platformio/packages/toolchain-gccarmnoneeabi/bin/../lib/gcc/arm-none-eabi/7.2.1/../../../../arm-none-eabi/lib/thumb/v7e-m/libc_nano.a(lib_a-makebuf.o)
 .ARM.attributes
                0x000000000000050e       0x1c /Users/jiacheng/.platformio/packages/toolchain-gccarmnoneeabi/bin/../lib/gcc/arm-none-eabi/7.2.1/../../../../arm-none-eabi/lib/thumb/v7e-m/libc_nano.a(lib_a-memchr.o)
 .ARM.attributes
                0x000000000000052a       0x2e /Users/jiacheng/.platformio/packages/toolchain-gccarmnoneeabi/bin/../lib/gcc/arm-none-eabi/7.2.1/../../../../arm-none-eabi/lib/thumb/v7e-m/libc_nano.a(lib_a-mlock.o)
 .ARM.attributes
                0x0000000000000558       0x2e /Users/jiacheng/.platformio/packages/toolchain-gccarmnoneeabi/bin/../lib/gcc/arm-none-eabi/7.2.1/../../../../arm-none-eabi/lib/thumb/v7e-m/libc_nano.a(lib_a-nano-freer.o)
 .ARM.attributes
                0x0000000000000586       0x2e /Users/jiacheng/.platformio/packages/toolchain-gccarmnoneeabi/bin/../lib/gcc/arm-none-eabi/7.2.1/../../../../arm-none-eabi/lib/thumb/v7e-m/libc_nano.a(lib_a-readr.o)
 .ARM.attributes
                0x00000000000005b4       0x2e /Users/jiacheng/.platformio/packages/toolchain-gccarmnoneeabi/bin/../lib/gcc/arm-none-eabi/7.2.1/../../../../arm-none-eabi/lib/thumb/v7e-m/libc_nano.a(lib_a-reent.o)
 .ARM.attributes
                0x00000000000005e2       0x2e /Users/jiacheng/.platformio/packages/toolchain-gccarmnoneeabi/bin/../lib/gcc/arm-none-eabi/7.2.1/../../../../arm-none-eabi/lib/thumb/v7e-m/libc_nano.a(lib_a-fstatr.o)
 .ARM.attributes
                0x0000000000000610       0x2e /Users/jiacheng/.platformio/packages/toolchain-gccarmnoneeabi/bin/../lib/gcc/arm-none-eabi/7.2.1/../../../../arm-none-eabi/lib/thumb/v7e-m/libc_nano.a(lib_a-isattyr.o)
 .ARM.attributes
                0x000000000000063e       0x1e /Users/jiacheng/.platformio/packages/toolchain-gccarmnoneeabi/bin/../lib/gcc/arm-none-eabi/7.2.1/thumb/v7e-m/libgcc.a(_arm_addsubsf3.o)
 .ARM.attributes
                0x000000000000065c       0x1e /Users/jiacheng/.platformio/packages/toolchain-gccarmnoneeabi/bin/../lib/gcc/arm-none-eabi/7.2.1/thumb/v7e-m/libgcc.a(_arm_muldivsf3.o)
 .ARM.attributes
                0x000000000000067a       0x1e /Users/jiacheng/.platformio/packages/toolchain-gccarmnoneeabi/bin/../lib/gcc/arm-none-eabi/7.2.1/thumb/v7e-m/libgcc.a(_arm_fixsfsi.o)
 .ARM.attributes
                0x0000000000000698       0x2e /Users/jiacheng/.platformio/packages/toolchain-gccarmnoneeabi/bin/../lib/gcc/arm-none-eabi/7.2.1/../../../../arm-none-eabi/lib/thumb/v7e-m/libm.a(lib_a-wf_atan2.o)
 .ARM.attributes
                0x00000000000006c6       0x2e /Users/jiacheng/.platformio/packages/toolchain-gccarmnoneeabi/bin/../lib/gcc/arm-none-eabi/7.2.1/../../../../arm-none-eabi/lib/thumb/v7e-m/libm.a(lib_a-ef_atan2.o)
 .ARM.attributes
                0x00000000000006f4       0x2e /Users/jiacheng/.platformio/packages/toolchain-gccarmnoneeabi/bin/../lib/gcc/arm-none-eabi/7.2.1/../../../../arm-none-eabi/lib/thumb/v7e-m/libm.a(lib_a-sf_atan.o)
 .ARM.attributes
                0x0000000000000722       0x2e /Users/jiacheng/.platformio/packages/toolchain-gccarmnoneeabi/bin/../lib/gcc/arm-none-eabi/7.2.1/../../../../arm-none-eabi/lib/thumb/v7e-m/libm.a(lib_a-sf_fabs.o)
 .ARM.attributes
                0x0000000000000750       0x1e /Users/jiacheng/.platformio/packages/toolchain-gccarmnoneeabi/bin/../lib/gcc/arm-none-eabi/7.2.1/thumb/v7e-m/libgcc.a(_arm_cmpsf2.o)
 .ARM.attributes
                0x000000000000076e       0x2e /Users/jiacheng/.platformio/packages/toolchain-gccarmnoneeabi/bin/../lib/gcc/arm-none-eabi/7.2.1/../../../../arm-none-eabi/lib/thumb/v7e-m/libnosys.a(close.o)
 .ARM.attributes
                0x000000000000079c       0x2e /Users/jiacheng/.platformio/packages/toolchain-gccarmnoneeabi/bin/../lib/gcc/arm-none-eabi/7.2.1/../../../../arm-none-eabi/lib/thumb/v7e-m/libnosys.a(fstat.o)
 .ARM.attributes
                0x00000000000007ca       0x2e /Users/jiacheng/.platformio/packages/toolchain-gccarmnoneeabi/bin/../lib/gcc/arm-none-eabi/7.2.1/../../../../arm-none-eabi/lib/thumb/v7e-m/libnosys.a(isatty.o)
 .ARM.attributes
                0x00000000000007f8       0x2e /Users/jiacheng/.platformio/packages/toolchain-gccarmnoneeabi/bin/../lib/gcc/arm-none-eabi/7.2.1/../../../../arm-none-eabi/lib/thumb/v7e-m/libnosys.a(lseek.o)
 .ARM.attributes
                0x0000000000000826       0x2e /Users/jiacheng/.platformio/packages/toolchain-gccarmnoneeabi/bin/../lib/gcc/arm-none-eabi/7.2.1/../../../../arm-none-eabi/lib/thumb/v7e-m/libnosys.a(read.o)
 .ARM.attributes
                0x0000000000000854       0x2e /Users/jiacheng/.platformio/packages/toolchain-gccarmnoneeabi/bin/../lib/gcc/arm-none-eabi/7.2.1/../../../../arm-none-eabi/lib/thumb/v7e-m/libnosys.a(sbrk.o)
 .ARM.attributes
                0x0000000000000882       0x1e /Users/jiacheng/.platformio/packages/toolchain-gccarmnoneeabi/bin/../lib/gcc/arm-none-eabi/7.2.1/thumb/v7e-m/crtn.o
OUTPUT(.pio/build/nucleo_l432kc/firmware.elf elf32-littlearm)

.comment        0x0000000000000000       0x7e
 .comment       0x0000000000000000       0x7e .pio/build/nucleo_l432kc/FrameworkCMSIS/system_stm32l4xx.o
                                         0x7f (size before relaxing)
 .comment       0x000000000000007e       0x7f .pio/build/nucleo_l432kc/src/SysTick_Timer.o
 .comment       0x000000000000007e       0x7f .pio/build/nucleo_l432kc/src/gpio.o
 .comment       0x000000000000007e       0x7f .pio/build/nucleo_l432kc/src/i2c.o
 .comment       0x000000000000007e       0x7f .pio/build/nucleo_l432kc/src/main.o
 .comment       0x000000000000007e       0x7f .pio/build/nucleo_l432kc/src/mpu.o
 .comment       0x000000000000007e       0x7f .pio/build/nucleo_l432kc/src/uart.o

.debug_frame    0x0000000000000000      0x9f0
 .debug_frame   0x0000000000000000       0x2c /Users/jiacheng/.platformio/packages/toolchain-gccarmnoneeabi/bin/../lib/gcc/arm-none-eabi/7.2.1/../../../../arm-none-eabi/lib/thumb/v7e-m/libc_nano.a(lib_a-init.o)
 .debug_frame   0x000000000000002c       0x20 /Users/jiacheng/.platformio/packages/toolchain-gccarmnoneeabi/bin/../lib/gcc/arm-none-eabi/7.2.1/../../../../arm-none-eabi/lib/thumb/v7e-m/libc_nano.a(lib_a-memset.o)
 .debug_frame   0x000000000000004c       0x74 /Users/jiacheng/.platformio/packages/toolchain-gccarmnoneeabi/bin/../lib/gcc/arm-none-eabi/7.2.1/../../../../arm-none-eabi/lib/thumb/v7e-m/libc_nano.a(lib_a-printf.o)
 .debug_frame   0x00000000000000c0      0x11c /Users/jiacheng/.platformio/packages/toolchain-gccarmnoneeabi/bin/../lib/gcc/arm-none-eabi/7.2.1/../../../../arm-none-eabi/lib/thumb/v7e-m/libc_nano.a(lib_a-findfp.o)
 .debug_frame   0x00000000000001dc       0x54 /Users/jiacheng/.platformio/packages/toolchain-gccarmnoneeabi/bin/../lib/gcc/arm-none-eabi/7.2.1/../../../../arm-none-eabi/lib/thumb/v7e-m/libc_nano.a(lib_a-fwalk.o)
 .debug_frame   0x0000000000000230       0x2c /Users/jiacheng/.platformio/packages/toolchain-gccarmnoneeabi/bin/../lib/gcc/arm-none-eabi/7.2.1/../../../../arm-none-eabi/lib/thumb/v7e-m/libc_nano.a(lib_a-nano-mallocr.o)
 .debug_frame   0x000000000000025c       0xac /Users/jiacheng/.platformio/packages/toolchain-gccarmnoneeabi/bin/../lib/gcc/arm-none-eabi/7.2.1/../../../../arm-none-eabi/lib/thumb/v7e-m/libc_nano.a(lib_a-nano-vfprintf.o)
 .debug_frame   0x0000000000000308       0x60 /Users/jiacheng/.platformio/packages/toolchain-gccarmnoneeabi/bin/../lib/gcc/arm-none-eabi/7.2.1/../../../../arm-none-eabi/lib/thumb/v7e-m/libc_nano.a(lib_a-nano-vfprintf_i.o)
 .debug_frame   0x0000000000000368       0x2c /Users/jiacheng/.platformio/packages/toolchain-gccarmnoneeabi/bin/../lib/gcc/arm-none-eabi/7.2.1/../../../../arm-none-eabi/lib/thumb/v7e-m/libc_nano.a(lib_a-sbrkr.o)
 .debug_frame   0x0000000000000394       0x88 /Users/jiacheng/.platformio/packages/toolchain-gccarmnoneeabi/bin/../lib/gcc/arm-none-eabi/7.2.1/../../../../arm-none-eabi/lib/thumb/v7e-m/libc_nano.a(lib_a-stdio.o)
 .debug_frame   0x000000000000041c       0x40 /Users/jiacheng/.platformio/packages/toolchain-gccarmnoneeabi/bin/../lib/gcc/arm-none-eabi/7.2.1/../../../../arm-none-eabi/lib/thumb/v7e-m/libc_nano.a(lib_a-wbuf.o)
 .debug_frame   0x000000000000045c       0x2c /Users/jiacheng/.platformio/packages/toolchain-gccarmnoneeabi/bin/../lib/gcc/arm-none-eabi/7.2.1/../../../../arm-none-eabi/lib/thumb/v7e-m/libc_nano.a(lib_a-writer.o)
 .debug_frame   0x0000000000000488       0x2c /Users/jiacheng/.platformio/packages/toolchain-gccarmnoneeabi/bin/../lib/gcc/arm-none-eabi/7.2.1/../../../../arm-none-eabi/lib/thumb/v7e-m/libc_nano.a(lib_a-wsetup.o)
 .debug_frame   0x00000000000004b4       0x2c /Users/jiacheng/.platformio/packages/toolchain-gccarmnoneeabi/bin/../lib/gcc/arm-none-eabi/7.2.1/../../../../arm-none-eabi/lib/thumb/v7e-m/libc_nano.a(lib_a-closer.o)
 .debug_frame   0x00000000000004e0       0x68 /Users/jiacheng/.platformio/packages/toolchain-gccarmnoneeabi/bin/../lib/gcc/arm-none-eabi/7.2.1/../../../../arm-none-eabi/lib/thumb/v7e-m/libc_nano.a(lib_a-fflush.o)
 .debug_frame   0x0000000000000548       0x2c /Users/jiacheng/.platformio/packages/toolchain-gccarmnoneeabi/bin/../lib/gcc/arm-none-eabi/7.2.1/../../../../arm-none-eabi/lib/thumb/v7e-m/libc_nano.a(lib_a-lseekr.o)
 .debug_frame   0x0000000000000574       0x58 /Users/jiacheng/.platformio/packages/toolchain-gccarmnoneeabi/bin/../lib/gcc/arm-none-eabi/7.2.1/../../../../arm-none-eabi/lib/thumb/v7e-m/libc_nano.a(lib_a-makebuf.o)
 .debug_frame   0x00000000000005cc       0x30 /Users/jiacheng/.platformio/packages/toolchain-gccarmnoneeabi/bin/../lib/gcc/arm-none-eabi/7.2.1/../../../../arm-none-eabi/lib/thumb/v7e-m/libc_nano.a(lib_a-mlock.o)
 .debug_frame   0x00000000000005fc       0x38 /Users/jiacheng/.platformio/packages/toolchain-gccarmnoneeabi/bin/../lib/gcc/arm-none-eabi/7.2.1/../../../../arm-none-eabi/lib/thumb/v7e-m/libc_nano.a(lib_a-nano-freer.o)
 .debug_frame   0x0000000000000634       0x2c /Users/jiacheng/.platformio/packages/toolchain-gccarmnoneeabi/bin/../lib/gcc/arm-none-eabi/7.2.1/../../../../arm-none-eabi/lib/thumb/v7e-m/libc_nano.a(lib_a-readr.o)
 .debug_frame   0x0000000000000660       0x5c /Users/jiacheng/.platformio/packages/toolchain-gccarmnoneeabi/bin/../lib/gcc/arm-none-eabi/7.2.1/../../../../arm-none-eabi/lib/thumb/v7e-m/libc_nano.a(lib_a-reent.o)
 .debug_frame   0x00000000000006bc       0x2c /Users/jiacheng/.platformio/packages/toolchain-gccarmnoneeabi/bin/../lib/gcc/arm-none-eabi/7.2.1/../../../../arm-none-eabi/lib/thumb/v7e-m/libc_nano.a(lib_a-fstatr.o)
 .debug_frame   0x00000000000006e8       0x2c /Users/jiacheng/.platformio/packages/toolchain-gccarmnoneeabi/bin/../lib/gcc/arm-none-eabi/7.2.1/../../../../arm-none-eabi/lib/thumb/v7e-m/libc_nano.a(lib_a-isattyr.o)
 .debug_frame   0x0000000000000714       0x4c /Users/jiacheng/.platformio/packages/toolchain-gccarmnoneeabi/bin/../lib/gcc/arm-none-eabi/7.2.1/thumb/v7e-m/libgcc.a(_arm_addsubsf3.o)
 .debug_frame   0x0000000000000760       0x38 /Users/jiacheng/.platformio/packages/toolchain-gccarmnoneeabi/bin/../lib/gcc/arm-none-eabi/7.2.1/thumb/v7e-m/libgcc.a(_arm_muldivsf3.o)
 .debug_frame   0x0000000000000798       0x24 /Users/jiacheng/.platformio/packages/toolchain-gccarmnoneeabi/bin/../lib/gcc/arm-none-eabi/7.2.1/thumb/v7e-m/libgcc.a(_arm_fixsfsi.o)
 .debug_frame   0x00000000000007bc       0x20 /Users/jiacheng/.platformio/packages/toolchain-gccarmnoneeabi/bin/../lib/gcc/arm-none-eabi/7.2.1/../../../../arm-none-eabi/lib/thumb/v7e-m/libm.a(lib_a-wf_atan2.o)
 .debug_frame   0x00000000000007dc       0x3c /Users/jiacheng/.platformio/packages/toolchain-gccarmnoneeabi/bin/../lib/gcc/arm-none-eabi/7.2.1/../../../../arm-none-eabi/lib/thumb/v7e-m/libm.a(lib_a-ef_atan2.o)
 .debug_frame   0x0000000000000818       0x30 /Users/jiacheng/.platformio/packages/toolchain-gccarmnoneeabi/bin/../lib/gcc/arm-none-eabi/7.2.1/../../../../arm-none-eabi/lib/thumb/v7e-m/libm.a(lib_a-sf_atan.o)
 .debug_frame   0x0000000000000848       0x20 /Users/jiacheng/.platformio/packages/toolchain-gccarmnoneeabi/bin/../lib/gcc/arm-none-eabi/7.2.1/../../../../arm-none-eabi/lib/thumb/v7e-m/libm.a(lib_a-sf_fabs.o)
 .debug_frame   0x0000000000000868       0xc8 /Users/jiacheng/.platformio/packages/toolchain-gccarmnoneeabi/bin/../lib/gcc/arm-none-eabi/7.2.1/thumb/v7e-m/libgcc.a(_arm_cmpsf2.o)
 .debug_frame   0x0000000000000930       0x20 /Users/jiacheng/.platformio/packages/toolchain-gccarmnoneeabi/bin/../lib/gcc/arm-none-eabi/7.2.1/../../../../arm-none-eabi/lib/thumb/v7e-m/libnosys.a(close.o)
 .debug_frame   0x0000000000000950       0x20 /Users/jiacheng/.platformio/packages/toolchain-gccarmnoneeabi/bin/../lib/gcc/arm-none-eabi/7.2.1/../../../../arm-none-eabi/lib/thumb/v7e-m/libnosys.a(fstat.o)
 .debug_frame   0x0000000000000970       0x20 /Users/jiacheng/.platformio/packages/toolchain-gccarmnoneeabi/bin/../lib/gcc/arm-none-eabi/7.2.1/../../../../arm-none-eabi/lib/thumb/v7e-m/libnosys.a(isatty.o)
 .debug_frame   0x0000000000000990       0x20 /Users/jiacheng/.platformio/packages/toolchain-gccarmnoneeabi/bin/../lib/gcc/arm-none-eabi/7.2.1/../../../../arm-none-eabi/lib/thumb/v7e-m/libnosys.a(lseek.o)
 .debug_frame   0x00000000000009b0       0x20 /Users/jiacheng/.platformio/packages/toolchain-gccarmnoneeabi/bin/../lib/gcc/arm-none-eabi/7.2.1/../../../../arm-none-eabi/lib/thumb/v7e-m/libnosys.a(read.o)
 .debug_frame   0x00000000000009d0       0x20 /Users/jiacheng/.platformio/packages/toolchain-gccarmnoneeabi/bin/../lib/gcc/arm-none-eabi/7.2.1/../../../../arm-none-eabi/lib/thumb/v7e-m/libnosys.a(sbrk.o)

.stab           0x0000000000000000       0x84
 .stab          0x0000000000000000       0x24 /Users/jiacheng/.platformio/packages/toolchain-gccarmnoneeabi/bin/../lib/gcc/arm-none-eabi/7.2.1/../../../../arm-none-eabi/lib/thumb/v7e-m/libnosys.a(close.o)
 .stab          0x0000000000000024       0x18 /Users/jiacheng/.platformio/packages/toolchain-gccarmnoneeabi/bin/../lib/gcc/arm-none-eabi/7.2.1/../../../../arm-none-eabi/lib/thumb/v7e-m/libnosys.a(fstat.o)
                                         0x24 (size before relaxing)
 .stab          0x000000000000003c       0x18 /Users/jiacheng/.platformio/packages/toolchain-gccarmnoneeabi/bin/../lib/gcc/arm-none-eabi/7.2.1/../../../../arm-none-eabi/lib/thumb/v7e-m/libnosys.a(isatty.o)
                                         0x24 (size before relaxing)
 .stab          0x0000000000000054       0x18 /Users/jiacheng/.platformio/packages/toolchain-gccarmnoneeabi/bin/../lib/gcc/arm-none-eabi/7.2.1/../../../../arm-none-eabi/lib/thumb/v7e-m/libnosys.a(lseek.o)
                                         0x24 (size before relaxing)
 .stab          0x000000000000006c       0x18 /Users/jiacheng/.platformio/packages/toolchain-gccarmnoneeabi/bin/../lib/gcc/arm-none-eabi/7.2.1/../../../../arm-none-eabi/lib/thumb/v7e-m/libnosys.a(read.o)
                                         0x24 (size before relaxing)

.stabstr        0x0000000000000000      0x117
 .stabstr       0x0000000000000000      0x117 /Users/jiacheng/.platformio/packages/toolchain-gccarmnoneeabi/bin/../lib/gcc/arm-none-eabi/7.2.1/../../../../arm-none-eabi/lib/thumb/v7e-m/libnosys.a(close.o)
